Archive member included because of file (symbol)

c:/program files (x86)/atmel/atmel toolchain/arm gcc/native/4.8.1437/arm-gnu-toolchain/bin/../lib/gcc/arm-none-eabi/4.8.4/armv6-m\libgcc.a(_udivsi3.o)
                              src/ASF/common2/services/delay/sam0/systick_counter.o (__aeabi_uidiv)
c:/program files (x86)/atmel/atmel toolchain/arm gcc/native/4.8.1437/arm-gnu-toolchain/bin/../lib/gcc/arm-none-eabi/4.8.4/armv6-m\libgcc.a(_divsi3.o)
                              src/ASF/sam0/drivers/usb/stack_interface/usb_device_udd.o (__aeabi_idivmod)
c:/program files (x86)/atmel/atmel toolchain/arm gcc/native/4.8.1437/arm-gnu-toolchain/bin/../lib/gcc/arm-none-eabi/4.8.4/armv6-m\libgcc.a(_dvmd_tls.o)
                              c:/program files (x86)/atmel/atmel toolchain/arm gcc/native/4.8.1437/arm-gnu-toolchain/bin/../lib/gcc/arm-none-eabi/4.8.4/armv6-m\libgcc.a(_udivsi3.o) (__aeabi_idiv0)
c:/program files (x86)/atmel/atmel toolchain/arm gcc/native/4.8.1437/arm-gnu-toolchain/bin/../lib/gcc/arm-none-eabi/4.8.4/armv6-m\libgcc.a(_clzsi2.o)
                              src/ASF/sam0/drivers/usb/usb_sam_d_r/usb.o (__clzsi2)
c:/program files (x86)/atmel/atmel toolchain/arm gcc/native/4.8.1437/arm-gnu-toolchain/bin/../lib/gcc/arm-none-eabi/4.8.4/armv6-m\libgcc.a(_ctzsi2.o)
                              src/ASF/sam0/drivers/usb/usb_sam_d_r/usb.o (__ctzsi2)
c:/program files (x86)/atmel/atmel toolchain/arm gcc/native/4.8.1437/arm-gnu-toolchain/bin/../lib/gcc/arm-none-eabi/4.8.4/armv6-m\libgcc.a(_muldi3.o)
                              src/ASF/sam0/drivers/sercom/sercom.o (__aeabi_lmul)
c:/program files (x86)/atmel/atmel toolchain/arm gcc/native/4.8.1437/arm-gnu-toolchain/bin/../lib/gcc/arm-none-eabi/4.8.4/../../../../arm-none-eabi/lib/armv6-m\libc_s.a(lib_a-exit.o)
                              c:/program files (x86)/atmel/atmel toolchain/arm gcc/native/4.8.1437/arm-gnu-toolchain/bin/../lib/gcc/arm-none-eabi/4.8.4/../../../../arm-none-eabi/lib/armv6-m/crt0.o (exit)
c:/program files (x86)/atmel/atmel toolchain/arm gcc/native/4.8.1437/arm-gnu-toolchain/bin/../lib/gcc/arm-none-eabi/4.8.4/../../../../arm-none-eabi/lib/armv6-m\libc_s.a(lib_a-impure.o)
                              c:/program files (x86)/atmel/atmel toolchain/arm gcc/native/4.8.1437/arm-gnu-toolchain/bin/../lib/gcc/arm-none-eabi/4.8.4/../../../../arm-none-eabi/lib/armv6-m\libc_s.a(lib_a-exit.o) (_global_impure_ptr)
c:/program files (x86)/atmel/atmel toolchain/arm gcc/native/4.8.1437/arm-gnu-toolchain/bin/../lib/gcc/arm-none-eabi/4.8.4/../../../../arm-none-eabi/lib/armv6-m\libc_s.a(lib_a-init.o)
                              c:/program files (x86)/atmel/atmel toolchain/arm gcc/native/4.8.1437/arm-gnu-toolchain/bin/../lib/gcc/arm-none-eabi/4.8.4/../../../../arm-none-eabi/lib/armv6-m/crt0.o (__libc_init_array)
c:/program files (x86)/atmel/atmel toolchain/arm gcc/native/4.8.1437/arm-gnu-toolchain/bin/../lib/gcc/arm-none-eabi/4.8.4/../../../../arm-none-eabi/lib/armv6-m\libc_s.a(lib_a-memcpy-stub.o)
                              src/ASF/common/services/usb/class/cdc/device/udi_cdc.o (memcpy)
c:/program files (x86)/atmel/atmel toolchain/arm gcc/native/4.8.1437/arm-gnu-toolchain/bin/../lib/gcc/arm-none-eabi/4.8.4/../../../../arm-none-eabi/lib/armv6-m\libc_s.a(lib_a-memset.o)
                              c:/program files (x86)/atmel/atmel toolchain/arm gcc/native/4.8.1437/arm-gnu-toolchain/bin/../lib/gcc/arm-none-eabi/4.8.4/../../../../arm-none-eabi/lib/armv6-m/crt0.o (memset)
c:/program files (x86)/atmel/atmel toolchain/arm gcc/native/4.8.1437/arm-gnu-toolchain/bin/../lib/gcc/arm-none-eabi/4.8.4/../../../../arm-none-eabi/lib/armv6-m\libc_s.a(lib_a-printf.o)
                              src/ASF/sam0/utils/syscalls/gcc/syscalls.o (printf)
c:/program files (x86)/atmel/atmel toolchain/arm gcc/native/4.8.1437/arm-gnu-toolchain/bin/../lib/gcc/arm-none-eabi/4.8.4/../../../../arm-none-eabi/lib/armv6-m\libc_s.a(lib_a-vfprintf.o)
                              c:/program files (x86)/atmel/atmel toolchain/arm gcc/native/4.8.1437/arm-gnu-toolchain/bin/../lib/gcc/arm-none-eabi/4.8.4/../../../../arm-none-eabi/lib/armv6-m\libc_s.a(lib_a-printf.o) (_vfprintf_r)
c:/program files (x86)/atmel/atmel toolchain/arm gcc/native/4.8.1437/arm-gnu-toolchain/bin/../lib/gcc/arm-none-eabi/4.8.4/../../../../arm-none-eabi/lib/armv6-m\libc_s.a(lib_a-vfprintf_i.o)
                              c:/program files (x86)/atmel/atmel toolchain/arm gcc/native/4.8.1437/arm-gnu-toolchain/bin/../lib/gcc/arm-none-eabi/4.8.4/../../../../arm-none-eabi/lib/armv6-m\libc_s.a(lib_a-vfprintf.o) (_printf_i)
c:/program files (x86)/atmel/atmel toolchain/arm gcc/native/4.8.1437/arm-gnu-toolchain/bin/../lib/gcc/arm-none-eabi/4.8.4/../../../../arm-none-eabi/lib/armv6-m\libc_s.a(lib_a-wbuf.o)
                              c:/program files (x86)/atmel/atmel toolchain/arm gcc/native/4.8.1437/arm-gnu-toolchain/bin/../lib/gcc/arm-none-eabi/4.8.4/../../../../arm-none-eabi/lib/armv6-m\libc_s.a(lib_a-vfprintf.o) (__swbuf_r)
[...]
Memory Configuration

Name             Origin             Length             Attributes
rom              0x00000000         0x00040000         xr
ram              0x20000000         0x00008000         xrw
*default*        0x00000000         0xffffffff

Linker script and memory map

LOAD c:/program files (x86)/atmel/atmel toolchain/arm gcc/native/4.8.1437/arm-gnu-toolchain/bin/../lib/gcc/arm-none-eabi/4.8.4/armv6-m/crti.o
LOAD c:/program files (x86)/atmel/atmel toolchain/arm gcc/native/4.8.1437/arm-gnu-toolchain/bin/../lib/gcc/arm-none-eabi/4.8.4/armv6-m/crtbegin.o
LOAD c:/program files (x86)/atmel/atmel toolchain/arm gcc/native/4.8.1437/arm-gnu-toolchain/bin/../lib/gcc/arm-none-eabi/4.8.4/../../../../arm-none-eabi/lib/armv6-m/crt0.o
LOAD src/ASF/common2/services/delay/sam0/systick_counter.o
LOAD src/keyboard/Key.o
LOAD src/keyboard/keyboard.o
LOAD src/ASF/common/services/usb/class/composite/device/example2/samd21j18a_samd21_xplained_pro/ui.o
LOAD src/ASF/common/components/memory/virtual_mem/virtual_mem.o
LOAD src/ASF/common/services/sleepmgr/samd/sleepmgr.o
LOAD src/ASF/common/services/storage/ctrl_access/ctrl_access.o
LOAD src/ASF/common/services/usb/class/cdc/device/udi_cdc.o
LOAD src/ASF/common/services/usb/class/composite/device/udi_composite_desc.o
LOAD src/ASF/common/services/usb/class/hid/device/kbd/udi_hid_kbd.o
LOAD src/ASF/common/services/usb/class/hid/device/mouse/udi_hid_mouse.o
LOAD src/ASF/common/services/usb/class/hid/device/udi_hid.o
LOAD src/ASF/common/services/usb/class/msc/device/udi_msc.o
LOAD src/ASF/common/services/usb/udc/udc.o
LOAD src/ASF/common/utils/interrupt/interrupt_sam_nvic.o
LOAD src/ASF/sam0/boards/samd21_xplained_pro/board_init.o
LOAD src/ASF/sam0/drivers/extint/extint_callback.o
LOAD src/ASF/sam0/drivers/extint/extint_sam_d_r/extint.o
LOAD src/ASF/sam0/drivers/port/port.o
LOAD src/ASF/sam0/drivers/sercom/sercom.o
LOAD src/ASF/sam0/drivers/sercom/sercom_interrupt.o
LOAD src/ASF/sam0/drivers/sercom/usart/usart.o
LOAD src/ASF/sam0/drivers/sercom/usart/usart_interrupt.o
LOAD src/ASF/sam0/drivers/system/clock/clock_samd21_r21/clock.o
LOAD src/ASF/sam0/drivers/system/clock/clock_samd21_r21/gclk.o
LOAD src/ASF/sam0/drivers/system/interrupt/system_interrupt.o
LOAD src/ASF/sam0/drivers/system/pinmux/pinmux.o
LOAD src/ASF/sam0/drivers/system/system.o
LOAD src/ASF/sam0/drivers/usb/stack_interface/usb_device_udd.o
LOAD src/ASF/sam0/drivers/usb/stack_interface/usb_dual.o
LOAD src/ASF/sam0/drivers/usb/usb_sam_d_r/usb.o
LOAD src/ASF/sam0/utils/cmsis/samd21/source/gcc/startup_samd21.o
LOAD src/ASF/sam0/utils/cmsis/samd21/source/system_samd21.o
LOAD src/ASF/sam0/utils/syscalls/gcc/syscalls.o
LOAD src/keyboard/KeyRow.o
LOAD src/main.o
LOAD src/memories_initialization_samd.o
LOAD src/uart_samd.o
START GROUP
LOAD ../src/ASF/thirdparty/CMSIS/Lib/GCC\libarm_cortexM0l_math.a
LOAD c:/program files (x86)/atmel/atmel toolchain/arm gcc/native/4.8.1437/arm-gnu-toolchain/bin/../lib/gcc/arm-none-eabi/4.8.4/../../../../arm-none-eabi/lib/armv6-m\libm.a
END GROUP
                0x00000b00                STACK_SIZE = 0xb00
START GROUP
LOAD c:/program files (x86)/atmel/atmel toolchain/arm gcc/native/4.8.1437/arm-gnu-toolchain/bin/../lib/gcc/arm-none-eabi/4.8.4/armv6-m\libgcc.a
LOAD c:/program files (x86)/atmel/atmel toolchain/arm gcc/native/4.8.1437/arm-gnu-toolchain/bin/../lib/gcc/arm-none-eabi/4.8.4/../../../../arm-none-eabi/lib/armv6-m\libc_s.a
END GROUP
START GROUP
LOAD c:/program files (x86)/atmel/atmel toolchain/arm gcc/native/4.8.1437/arm-gnu-toolchain/bin/../lib/gcc/arm-none-eabi/4.8.4/armv6-m\libgcc.a
LOAD c:/program files (x86)/atmel/atmel toolchain/arm gcc/native/4.8.1437/arm-gnu-toolchain/bin/../lib/gcc/arm-none-eabi/4.8.4/../../../../arm-none-eabi/lib/armv6-m\libc_s.a
END GROUP
LOAD c:/program files (x86)/atmel/atmel toolchain/arm gcc/native/4.8.1437/arm-gnu-toolchain/bin/../lib/gcc/arm-none-eabi/4.8.4/armv6-m/crtend.o
LOAD c:/program files (x86)/atmel/atmel toolchain/arm gcc/native/4.8.1437/arm-gnu-toolchain/bin/../lib/gcc/arm-none-eabi/4.8.4/armv6-m/crtn.o
                0x00002000                STACK_SIZE = DEFINED (STACK_SIZE)?STACK_SIZE:DEFINED (__stack_size__)?__stack_size__:0x2000

.text           0x00000000     0xb388
                0x00000000                . = ALIGN (0x4)
                0x00000000                _sfixed = .
 *(.vectors .vectors.*)
 .vectors       0x00000000       0xb0 src/ASF/sam0/utils/cmsis/samd21/source/gcc/startup_samd21.o
                0x00000000                exception_table
 *(.text .text.* .gnu.linkonce.t.*)
 .text          0x000000b0       0x60 c:/program files (x86)/atmel/atmel toolchain/arm gcc/native/4.8.1437/arm-gnu-toolchain/bin/../lib/gcc/arm-none-eabi/4.8.4/armv6-m/crtbegin.o
 .text.delay_init
                0x00000110       0x5c src/ASF/common2/services/delay/sam0/systick_counter.o
                0x00000110                delay_init
 .text.arch_ioport_pin_to_port_id
                0x0000016c       0x14 src/keyboard/keyboard.o
 .text.arch_ioport_port_to_base
                0x00000180       0x1c src/keyboard/keyboard.o
 .text.arch_ioport_pin_to_base
                0x0000019c       0x2c src/keyboard/keyboard.o
 .text.arch_ioport_pin_to_mask
                0x000001c8       0x20 src/keyboard/keyboard.o
 .text.arch_ioport_init
                0x000001e8        0x8 src/keyboard/keyboard.o
 .text.arch_ioport_set_port_mode
                0x000001f0       0xcc src/keyboard/keyboard.o
 .text.arch_ioport_set_pin_mode
                0x000002bc       0x3c src/keyboard/keyboard.o
 .text.arch_ioport_set_pin_dir
                0x000002f8       0x80 src/keyboard/keyboard.o
 .text.arch_ioport_set_pin_level
                0x00000378       0x54 src/keyboard/keyboard.o
 .text.arch_ioport_get_pin_level
                0x000003cc       0x38 src/keyboard/keyboard.o
 .text.ioport_init
                0x00000404       0x10 src/keyboard/keyboard.o
 .text.ioport_set_pin_mode
                0x00000414       0x20 src/keyboard/keyboard.o
 .text.ioport_set_pin_dir
                0x00000434       0x28 src/keyboard/keyboard.o
 .text.ioport_set_pin_level
                0x0000045c       0x28 src/keyboard/keyboard.o
 .text.ioport_get_pin_level
                0x00000484       0x20 src/keyboard/keyboard.o
 .text.initKeyBoard
                0x000004a4      0x1a0 src/keyboard/keyboard.o
                0x000004a4                initKeyBoard
 .text.checkKeys
                0x00000644      0x150 src/keyboard/keyboard.o
                0x00000644                checkKeys
 .text.getJustPressedKeys
                0x00000794       0xbc src/keyboard/keyboard.o
                0x00000794                getJustPressedKeys
 .text.getJustReleaseKeys
                0x00000850       0xbc src/keyboard/keyboard.o
                0x00000850                getJustReleaseKeys
 .text.system_pinmux_get_group_from_gpio_pin
                0x0000090c       0x60 src/ASF/common/services/usb/class/composite/device/example2/samd21j18a_samd21_xplained_pro/ui.o
 .text.port_get_group_from_gpio_pin
                0x0000096c       0x24 src/ASF/common/services/usb/class/composite/device/example2/samd21j18a_samd21_xplained_pro/ui.o
 .text.port_pin_set_output_level
                0x00000990       0x54 src/ASF/common/services/usb/class/composite/device/example2/samd21j18a_samd21_xplained_pro/ui.o
 .text.udc_remotewakeup
                0x000009e4       0x10 src/ASF/common/services/usb/class/composite/device/example2/samd21j18a_samd21_xplained_pro/ui.o
 .text.ui_wakeup_handler
                0x000009f4       0x1c src/ASF/common/services/usb/class/composite/device/example2/samd21j18a_samd21_xplained_pro/ui.o
 .text.ui_init  0x00000a10       0x78 src/ASF/common/services/usb/class/composite/device/example2/samd21j18a_samd21_xplained_pro/ui.o
                0x00000a10                ui_init
 .text.ui_powerdown
                0x00000a88       0x14 src/ASF/common/services/usb/class/composite/device/example2/samd21j18a_samd21_xplained_pro/ui.o
                0x00000a88                ui_powerdown
 .text.ui_wakeup_enable
                0x00000a9c       0x14 src/ASF/common/services/usb/class/composite/device/example2/samd21j18a_samd21_xplained_pro/ui.o
                0x00000a9c                ui_wakeup_enable
 .text.ui_wakeup_disable
                0x00000ab0       0x14 src/ASF/common/services/usb/class/composite/device/example2/samd21j18a_samd21_xplained_pro/ui.o
                0x00000ab0                ui_wakeup_disable
 .text.ui_wakeup
                0x00000ac4       0x14 src/ASF/common/services/usb/class/composite/device/example2/samd21j18a_samd21_xplained_pro/ui.o
                0x00000ac4                ui_wakeup
 .text.ui_com_open
                0x00000ad8       0x14 src/ASF/common/services/usb/class/composite/device/example2/samd21j18a_samd21_xplained_pro/ui.o
                0x00000ad8                ui_com_open
 .text.ui_com_close
                0x00000aec       0x14 src/ASF/common/services/usb/class/composite/device/example2/samd21j18a_samd21_xplained_pro/ui.o
                0x00000aec                ui_com_close
 .text.ui_com_rx_start
                0x00000b00        0x8 src/ASF/common/services/usb/class/composite/device/example2/samd21j18a_samd21_xplained_pro/ui.o
                0x00000b00                ui_com_rx_start
 .text.ui_com_rx_stop
                0x00000b08        0x8 src/ASF/common/services/usb/class/composite/device/example2/samd21j18a_samd21_xplained_pro/ui.o
                0x00000b08                ui_com_rx_stop
 .text.ui_com_tx_start
                0x00000b10        0x8 src/ASF/common/services/usb/class/composite/device/example2/samd21j18a_samd21_xplained_pro/ui.o
                0x00000b10                ui_com_tx_start
 .text.ui_com_tx_stop
                0x00000b18        0x8 src/ASF/common/services/usb/class/composite/device/example2/samd21j18a_samd21_xplained_pro/ui.o
                0x00000b18                ui_com_tx_stop
 .text.ui_com_overflow
                0x00000b20        0x8 src/ASF/common/services/usb/class/composite/device/example2/samd21j18a_samd21_xplained_pro/ui.o
                0x00000b20                ui_com_overflow
 .text.ui_start_read
                0x00000b28        0x8 src/ASF/common/services/usb/class/composite/device/example2/samd21j18a_samd21_xplained_pro/ui.o
                0x00000b28                ui_start_read
 .text.ui_stop_read
                0x00000b30        0x8 src/ASF/common/services/usb/class/composite/device/example2/samd21j18a_samd21_xplained_pro/ui.o
                0x00000b30                ui_stop_read
 .text.ui_start_write
                0x00000b38        0x8 src/ASF/common/services/usb/class/composite/device/example2/samd21j18a_samd21_xplained_pro/ui.o
                0x00000b38                ui_start_write
 .text.ui_stop_write
                0x00000b40        0x8 src/ASF/common/services/usb/class/composite/device/example2/samd21j18a_samd21_xplained_pro/ui.o
                0x00000b40                ui_stop_write
 .text.ui_process
                0x00000b48      0x268 src/ASF/common/services/usb/class/composite/device/example2/samd21j18a_samd21_xplained_pro/ui.o
                0x00000b48                ui_process
 .text.ui_kbd_led
                0x00000db0       0x14 src/ASF/common/services/usb/class/composite/device/example2/samd21j18a_samd21_xplained_pro/ui.o
                0x00000db0                ui_kbd_led
 .text.virtual_test_unit_ready
                0x00000dc4       0x1c src/ASF/common/components/memory/virtual_mem/virtual_mem.o
                0x00000dc4                virtual_test_unit_ready
 .text.virtual_read_capacity
                0x00000de0       0x28 src/ASF/common/components/memory/virtual_mem/virtual_mem.o
                0x00000de0                virtual_read_capacity
 .text.virtual_wr_protect
                0x00000e08        0xc src/ASF/common/components/memory/virtual_mem/virtual_mem.o
                0x00000e08                virtual_wr_protect
 .text.virtual_removal
                0x00000e14        0xc src/ASF/common/components/memory/virtual_mem/virtual_mem.o
                0x00000e14                virtual_removal
 .text.virtual_usb_trans
                0x00000e20       0xa4 src/ASF/common/components/memory/virtual_mem/virtual_mem.o
 .text.virtual_usb_read_10
                0x00000ec4       0x2c src/ASF/common/components/memory/virtual_mem/virtual_mem.o
                0x00000ec4                virtual_usb_read_10
 .text.virtual_usb_write_10
                0x00000ef0       0x2c src/ASF/common/components/memory/virtual_mem/virtual_mem.o
                0x00000ef0                virtual_usb_write_10
 .text.get_nb_lun
                0x00000f1c        0xc src/ASF/common/services/storage/ctrl_access/ctrl_access.o
                0x00000f1c                get_nb_lun
 .text.mem_test_unit_ready
                0x00000f28       0x40 src/ASF/common/services/storage/ctrl_access/ctrl_access.o
                0x00000f28                mem_test_unit_ready
 .text.mem_read_capacity
                0x00000f68       0x48 src/ASF/common/services/storage/ctrl_access/ctrl_access.o
                0x00000f68                mem_read_capacity
 .text.mem_unload
                0x00000fb0       0x80 src/ASF/common/services/storage/ctrl_access/ctrl_access.o
                0x00000fb0                mem_unload
 .text.mem_wr_protect
                0x00001030       0x48 src/ASF/common/services/storage/ctrl_access/ctrl_access.o
                0x00001030                mem_wr_protect
 .text.mem_removal
                0x00001078       0x48 src/ASF/common/services/storage/ctrl_access/ctrl_access.o
                0x00001078                mem_removal
 .text.mem_name
                0x000010c0       0x28 src/ASF/common/services/storage/ctrl_access/ctrl_access.o
                0x000010c0                mem_name
 .text.memory_2_usb
                0x000010e8       0x64 src/ASF/common/services/storage/ctrl_access/ctrl_access.o
                0x000010e8                memory_2_usb
 .text.usb_2_memory
                0x0000114c       0x64 src/ASF/common/services/storage/ctrl_access/ctrl_access.o
                0x0000114c                usb_2_memory
 .text.cpu_irq_save
                0x000011b0       0x30 src/ASF/common/services/usb/class/cdc/device/udi_cdc.o
 .text.cpu_irq_is_enabled_flags
                0x000011e0       0x18 src/ASF/common/services/usb/class/cdc/device/udi_cdc.o
 .text.cpu_irq_restore
                0x000011f8       0x30 src/ASF/common/services/usb/class/cdc/device/udi_cdc.o
 .text.udi_cdc_comm_enable
                0x00001228      0x18c src/ASF/common/services/usb/class/cdc/device/udi_cdc.o
                0x00001228                udi_cdc_comm_enable
 .text.udi_cdc_data_enable
                0x000013b4      0x104 src/ASF/common/services/usb/class/cdc/device/udi_cdc.o
                0x000013b4                udi_cdc_data_enable
 .text.udi_cdc_comm_disable
                0x000014b8       0x1c src/ASF/common/services/usb/class/cdc/device/udi_cdc.o
                0x000014b8                udi_cdc_comm_disable
 .text.udi_cdc_data_disable
                0x000014d4       0x40 src/ASF/common/services/usb/class/cdc/device/udi_cdc.o
                0x000014d4                udi_cdc_data_disable
 .text.udi_cdc_comm_setup
                0x00001514       0xf0 src/ASF/common/services/usb/class/cdc/device/udi_cdc.o
                0x00001514                udi_cdc_comm_setup
 .text.udi_cdc_data_setup
                0x00001604        0xc src/ASF/common/services/usb/class/cdc/device/udi_cdc.o
                0x00001604                udi_cdc_data_setup
 .text.udi_cdc_getsetting
                0x00001610        0xc src/ASF/common/services/usb/class/cdc/device/udi_cdc.o
                0x00001610                udi_cdc_getsetting
 .text.udi_cdc_data_sof_notify
                0x0000161c       0x1c src/ASF/common/services/usb/class/cdc/device/udi_cdc.o
                0x0000161c                udi_cdc_data_sof_notify
 .text.udi_cdc_setup_to_port
                0x00001638       0x34 src/ASF/common/services/usb/class/cdc/device/udi_cdc.o
 .text.udi_cdc_line_coding_received
                0x0000166c       0x3c src/ASF/common/services/usb/class/cdc/device/udi_cdc.o
 .text.udi_cdc_ctrl_state_change
                0x000016a8       0xc4 src/ASF/common/services/usb/class/cdc/device/udi_cdc.o
 .text.udi_cdc_ctrl_state_notify
                0x0000176c       0xcc src/ASF/common/services/usb/class/cdc/device/udi_cdc.o
 .text.udi_cdc_serial_state_msg_sent
                0x00001838       0xb8 src/ASF/common/services/usb/class/cdc/device/udi_cdc.o
 .text.udi_cdc_rx_start
                0x000018f0      0x158 src/ASF/common/services/usb/class/cdc/device/udi_cdc.o
 .text.udi_cdc_data_received
                0x00001a48       0xe4 src/ASF/common/services/usb/class/cdc/device/udi_cdc.o
 .text.udi_cdc_data_sent
                0x00001b2c       0x9c src/ASF/common/services/usb/class/cdc/device/udi_cdc.o
 .text.udi_cdc_tx_send
                0x00001bc8      0x250 src/ASF/common/services/usb/class/cdc/device/udi_cdc.o
 .text.udi_cdc_signal_overrun
                0x00001e18       0x18 src/ASF/common/services/usb/class/cdc/device/udi_cdc.o
                0x00001e18                udi_cdc_signal_overrun
 .text.udi_cdc_multi_get_nb_received_data
                0x00001e30       0x80 src/ASF/common/services/usb/class/cdc/device/udi_cdc.o
                0x00001e30                udi_cdc_multi_get_nb_received_data
 .text.udi_cdc_multi_is_rx_ready
                0x00001eb0       0x2c src/ASF/common/services/usb/class/cdc/device/udi_cdc.o
                0x00001eb0                udi_cdc_multi_is_rx_ready
 .text.udi_cdc_is_rx_ready
                0x00001edc       0x18 src/ASF/common/services/usb/class/cdc/device/udi_cdc.o
                0x00001edc                udi_cdc_is_rx_ready
 .text.udi_cdc_multi_getc
                0x00001ef4      0x148 src/ASF/common/services/usb/class/cdc/device/udi_cdc.o
                0x00001ef4                udi_cdc_multi_getc
 .text.udi_cdc_getc
                0x0000203c       0x18 src/ASF/common/services/usb/class/cdc/device/udi_cdc.o
                0x0000203c                udi_cdc_getc
 .text.udi_cdc_multi_get_free_tx_buffer
                0x00002054       0xfc src/ASF/common/services/usb/class/cdc/device/udi_cdc.o
                0x00002054                udi_cdc_multi_get_free_tx_buffer
 .text.udi_cdc_multi_is_tx_ready
                0x00002150       0x2c src/ASF/common/services/usb/class/cdc/device/udi_cdc.o
                0x00002150                udi_cdc_multi_is_tx_ready
 .text.udi_cdc_is_tx_ready
                0x0000217c       0x18 src/ASF/common/services/usb/class/cdc/device/udi_cdc.o
                0x0000217c                udi_cdc_is_tx_ready
 .text.udi_cdc_multi_putc
                0x00002194      0x128 src/ASF/common/services/usb/class/cdc/device/udi_cdc.o
                0x00002194                udi_cdc_multi_putc
 .text.udi_cdc_putc
                0x000022bc       0x20 src/ASF/common/services/usb/class/cdc/device/udi_cdc.o
                0x000022bc                udi_cdc_putc
 .text.cpu_irq_save
                0x000022dc       0x30 src/ASF/common/services/usb/class/hid/device/kbd/udi_hid_kbd.o
 .text.cpu_irq_is_enabled_flags
                0x0000230c       0x18 src/ASF/common/services/usb/class/hid/device/kbd/udi_hid_kbd.o
 .text.cpu_irq_restore
                0x00002324       0x30 src/ASF/common/services/usb/class/hid/device/kbd/udi_hid_kbd.o
 .text.udi_hid_kbd_enable
                0x00002354       0x50 src/ASF/common/services/usb/class/hid/device/kbd/udi_hid_kbd.o
                0x00002354                udi_hid_kbd_enable
 .text.udi_hid_kbd_disable
                0x000023a4       0x10 src/ASF/common/services/usb/class/hid/device/kbd/udi_hid_kbd.o
                0x000023a4                udi_hid_kbd_disable
 .text.udi_hid_kbd_setup
                0x000023b4       0x2c src/ASF/common/services/usb/class/hid/device/kbd/udi_hid_kbd.o
                0x000023b4                udi_hid_kbd_setup
 .text.udi_hid_kbd_getsetting
                0x000023e0        0xc src/ASF/common/services/usb/class/hid/device/kbd/udi_hid_kbd.o
                0x000023e0                udi_hid_kbd_getsetting
 .text.udi_hid_kbd_setreport
                0x000023ec       0x50 src/ASF/common/services/usb/class/hid/device/kbd/udi_hid_kbd.o
 .text.udi_hid_kbd_modifier_up
                0x0000243c       0x58 src/ASF/common/services/usb/class/hid/device/kbd/udi_hid_kbd.o
                0x0000243c                udi_hid_kbd_modifier_up
 .text.udi_hid_kbd_modifier_down
                0x00002494       0x54 src/ASF/common/services/usb/class/hid/device/kbd/udi_hid_kbd.o
                0x00002494                udi_hid_kbd_modifier_down
 .text.udi_hid_kbd_up
                0x000024e8       0xe0 src/ASF/common/services/usb/class/hid/device/kbd/udi_hid_kbd.o
                0x000024e8                udi_hid_kbd_up
 .text.udi_hid_kbd_down
                0x000025c8       0xb8 src/ASF/common/services/usb/class/hid/device/kbd/udi_hid_kbd.o
                0x000025c8                udi_hid_kbd_down
 .text.udi_hid_kbd_send_report
                0x00002680       0x60 src/ASF/common/services/usb/class/hid/device/kbd/udi_hid_kbd.o
 .text.udi_hid_kbd_report_sent
                0x000026e0       0x38 src/ASF/common/services/usb/class/hid/device/kbd/udi_hid_kbd.o
 .text.udi_hid_kbd_setreport_valid
                0x00002718       0x1c src/ASF/common/services/usb/class/hid/device/kbd/udi_hid_kbd.o
 .text.udi_hid_mouse_enable
                0x00002734       0x50 src/ASF/common/services/usb/class/hid/device/mouse/udi_hid_mouse.o
                0x00002734                udi_hid_mouse_enable
 .text.udi_hid_mouse_disable
                0x00002784       0x10 src/ASF/common/services/usb/class/hid/device/mouse/udi_hid_mouse.o
                0x00002784                udi_hid_mouse_disable
 .text.udi_hid_mouse_setup
                0x00002794       0x2c src/ASF/common/services/usb/class/hid/device/mouse/udi_hid_mouse.o
                0x00002794                udi_hid_mouse_setup
 .text.udi_hid_mouse_getsetting
                0x000027c0        0xc src/ASF/common/services/usb/class/hid/device/mouse/udi_hid_mouse.o
                0x000027c0                udi_hid_mouse_getsetting
 .text.udi_hid_mouse_setreport
                0x000027cc        0xc src/ASF/common/services/usb/class/hid/device/mouse/udi_hid_mouse.o
 .text.udi_hid_setup
                0x000027d8       0xf0 src/ASF/common/services/usb/class/hid/device/udi_hid.o
                0x000027d8                udi_hid_setup
 .text.udi_hid_reqstdifaceget_descriptor
                0x000028c8       0x9c src/ASF/common/services/usb/class/hid/device/udi_hid.o
 .text.udi_msc_enable
                0x00002964       0xb4 src/ASF/common/services/usb/class/msc/device/udi_msc.o
                0x00002964                udi_msc_enable
 .text.udi_msc_disable
                0x00002a18       0x30 src/ASF/common/services/usb/class/msc/device/udi_msc.o
                0x00002a18                udi_msc_disable
 .text.udi_msc_setup
                0x00002a48       0xc8 src/ASF/common/services/usb/class/msc/device/udi_msc.o
                0x00002a48                udi_msc_setup
 .text.udi_msc_getsetting
                0x00002b10        0xc src/ASF/common/services/usb/class/msc/device/udi_msc.o
                0x00002b10                udi_msc_getsetting
 .text.udi_msc_cbw_invalid
                0x00002b1c       0x38 src/ASF/common/services/usb/class/msc/device/udi_msc.o
 .text.udi_msc_csw_invalid
                0x00002b54       0x38 src/ASF/common/services/usb/class/msc/device/udi_msc.o
 .text.udi_msc_cbw_wait
                0x00002b8c       0x48 src/ASF/common/services/usb/class/msc/device/udi_msc.o
 .text.udi_msc_cbw_received
                0x00002bd4      0x128 src/ASF/common/services/usb/class/msc/device/udi_msc.o
 .text.udi_msc_cbw_validate
                0x00002cfc       0x54 src/ASF/common/services/usb/class/msc/device/udi_msc.o
 .text.udi_msc_data_send
                0x00002d50       0x4c src/ASF/common/services/usb/class/msc/device/udi_msc.o
 .text.udi_msc_data_sent
                0x00002d9c       0x44 src/ASF/common/services/usb/class/msc/device/udi_msc.o
 .text.udi_msc_csw_process
                0x00002de0       0x50 src/ASF/common/services/usb/class/msc/device/udi_msc.o
 .text.udi_msc_csw_send
                0x00002e30       0x48 src/ASF/common/services/usb/class/msc/device/udi_msc.o
                0x00002e30                udi_msc_csw_send
 .text.udi_msc_csw_sent
                0x00002e78       0x20 src/ASF/common/services/usb/class/msc/device/udi_msc.o
 .text.udi_msc_clear_sense
                0x00002e98       0x28 src/ASF/common/services/usb/class/msc/device/udi_msc.o
 .text.udi_msc_sense_fail
                0x00002ec0       0x78 src/ASF/common/services/usb/class/msc/device/udi_msc.o
 .text.udi_msc_sense_pass
                0x00002f38       0x1c src/ASF/common/services/usb/class/msc/device/udi_msc.o
 .text.udi_msc_sense_fail_not_present
                0x00002f54       0x1c src/ASF/common/services/usb/class/msc/device/udi_msc.o
 .text.udi_msc_sense_fail_busy_or_change
                0x00002f70       0x1c src/ASF/common/services/usb/class/msc/device/udi_msc.o
 .text.udi_msc_sense_fail_hardware
                0x00002f8c       0x18 src/ASF/common/services/usb/class/msc/device/udi_msc.o
 .text.udi_msc_sense_fail_protected
                0x00002fa4       0x1c src/ASF/common/services/usb/class/msc/device/udi_msc.o
 .text.udi_msc_sense_fail_cdb_invalid
                0x00002fc0       0x1c src/ASF/common/services/usb/class/msc/device/udi_msc.o
 .text.udi_msc_sense_command_invalid
                0x00002fdc       0x1c src/ASF/common/services/usb/class/msc/device/udi_msc.o
 .text.udi_msc_spc_requestsense
                0x00002ff8       0x5c src/ASF/common/services/usb/class/msc/device/udi_msc.o
 .text.udi_msc_spc_inquiry
                0x00003054      0x120 src/ASF/common/services/usb/class/msc/device/udi_msc.o
 .text.udi_msc_spc_testunitready_global
                0x00003174       0x50 src/ASF/common/services/usb/class/msc/device/udi_msc.o
 .text.udi_msc_spc_testunitready
                0x000031c4       0x28 src/ASF/common/services/usb/class/msc/device/udi_msc.o
 .text.udi_msc_spc_mode_sense
                0x000031ec      0x174 src/ASF/common/services/usb/class/msc/device/udi_msc.o
 .text.udi_msc_spc_prevent_allow_medium_removal
                0x00003360       0x3c src/ASF/common/services/usb/class/msc/device/udi_msc.o
 .text.udi_msc_sbc_start_stop
                0x0000339c       0x74 src/ASF/common/services/usb/class/msc/device/udi_msc.o
 .text.udi_msc_sbc_read_capacity
                0x00003410       0x9c src/ASF/common/services/usb/class/msc/device/udi_msc.o
 .text.udi_msc_sbc_trans
                0x000034ac       0xdc src/ASF/common/services/usb/class/msc/device/udi_msc.o
 .text.udi_msc_process_trans
                0x00003588       0xe4 src/ASF/common/services/usb/class/msc/device/udi_msc.o
                0x00003588                udi_msc_process_trans
 .text.udi_msc_trans_ack
                0x0000366c       0x34 src/ASF/common/services/usb/class/msc/device/udi_msc.o
 .text.udi_msc_trans_block
                0x000036a0       0xec src/ASF/common/services/usb/class/msc/device/udi_msc.o
                0x000036a0                udi_msc_trans_block
 .text.udc_get_string_serial_name
                0x0000378c       0x10 src/ASF/common/services/usb/udc/udc.o
 .text.udc_get_interface_desc
                0x0000379c       0x14 src/ASF/common/services/usb/udc/udc.o
                0x0000379c                udc_get_interface_desc
 .text.udc_get_eof_conf
                0x000037b0       0x28 src/ASF/common/services/usb/udc/udc.o
 .text.udc_next_desc_in_iface
                0x000037d8       0x5c src/ASF/common/services/usb/udc/udc.o
 .text.udc_update_iface_desc
                0x00003834       0xa4 src/ASF/common/services/usb/udc/udc.o
 .text.udc_iface_disable
                0x000038d8       0xac src/ASF/common/services/usb/udc/udc.o
 .text.udc_iface_enable
                0x00003984       0xb4 src/ASF/common/services/usb/udc/udc.o
 .text.udc_start
                0x00003a38       0x10 src/ASF/common/services/usb/udc/udc.o
                0x00003a38                udc_start
 .text.udc_reset
                0x00003a48       0x74 src/ASF/common/services/usb/udc/udc.o
                0x00003a48                udc_reset
 .text.udc_sof_notify
                0x00003abc       0x68 src/ASF/common/services/usb/udc/udc.o
                0x00003abc                udc_sof_notify
 .text.udc_req_std_dev_get_status
                0x00003b24       0x30 src/ASF/common/services/usb/udc/udc.o
 .text.udc_req_std_ep_get_status
                0x00003b54       0x48 src/ASF/common/services/usb/udc/udc.o
 .text.udc_req_std_dev_clear_feature
                0x00003b9c       0x44 src/ASF/common/services/usb/udc/udc.o
 .text.udc_req_std_ep_clear_feature
                0x00003be0       0x38 src/ASF/common/services/usb/udc/udc.o
 .text.udc_req_std_dev_set_feature
                0x00003c18       0x44 src/ASF/common/services/usb/udc/udc.o
 .text.udc_req_std_ep_set_feature
                0x00003c5c       0x48 src/ASF/common/services/usb/udc/udc.o
 .text.udc_valid_address
                0x00003ca4       0x24 src/ASF/common/services/usb/udc/udc.o
 .text.udc_req_std_dev_set_address
                0x00003cc8       0x28 src/ASF/common/services/usb/udc/udc.o
 .text.udc_req_std_dev_get_str_desc
                0x00003cf0      0x100 src/ASF/common/services/usb/udc/udc.o
 .text.udc_req_std_dev_get_descriptor
                0x00003df0       0xfc src/ASF/common/services/usb/udc/udc.o
 .text.udc_req_std_dev_get_configuration
                0x00003eec       0x30 src/ASF/common/services/usb/udc/udc.o
 .text.udc_req_std_dev_set_configuration
                0x00003f1c       0xd0 src/ASF/common/services/usb/udc/udc.o
 .text.udc_req_std_iface_get_setting
                0x00003fec       0xa4 src/ASF/common/services/usb/udc/udc.o
 .text.udc_req_std_iface_set_setting
                0x00004090       0x74 src/ASF/common/services/usb/udc/udc.o
 .text.udc_reqstd
                0x00004104      0x160 src/ASF/common/services/usb/udc/udc.o
 .text.udc_req_iface
                0x00004264       0xa0 src/ASF/common/services/usb/udc/udc.o
 .text.udc_req_ep
                0x00004304       0x9c src/ASF/common/services/usb/udc/udc.o
 .text.udc_process_setup
                0x000043a0       0x98 src/ASF/common/services/usb/udc/udc.o
                0x000043a0                udc_process_setup
 .text.cpu_irq_enter_critical
                0x00004438       0x50 src/ASF/common/utils/interrupt/interrupt_sam_nvic.o
                0x00004438                cpu_irq_enter_critical
 .text.cpu_irq_leave_critical
                0x00004488       0x3c src/ASF/common/utils/interrupt/interrupt_sam_nvic.o
                0x00004488                cpu_irq_leave_critical
 .text.system_pinmux_get_group_from_gpio_pin
                0x000044c4       0x60 src/ASF/sam0/boards/samd21_xplained_pro/board_init.o
 .text.port_get_group_from_gpio_pin
                0x00004524       0x24 src/ASF/sam0/boards/samd21_xplained_pro/board_init.o
 .text.port_get_config_defaults
                0x00004548       0x20 src/ASF/sam0/boards/samd21_xplained_pro/board_init.o
 .text.port_pin_set_output_level
                0x00004568       0x54 src/ASF/sam0/boards/samd21_xplained_pro/board_init.o
 .text.system_board_init
                0x000045bc       0x50 src/ASF/sam0/boards/samd21_xplained_pro/board_init.o
                0x000045bc                board_init
                0x000045bc                system_board_init
 .text._extint_get_eic_from_channel
                0x0000460c       0x48 src/ASF/sam0/drivers/extint/extint_callback.o
 .text.extint_chan_is_detected
                0x00004654       0x48 src/ASF/sam0/drivers/extint/extint_callback.o
 .text.extint_chan_clear_detected
                0x0000469c       0x3c src/ASF/sam0/drivers/extint/extint_callback.o
 .text.extint_register_callback
                0x000046d8       0x5c src/ASF/sam0/drivers/extint/extint_callback.o
                0x000046d8                extint_register_callback
 .text.extint_chan_enable_callback
                0x00004734       0x48 src/ASF/sam0/drivers/extint/extint_callback.o
                0x00004734                extint_chan_enable_callback
 .text.extint_chan_disable_callback
                0x0000477c       0x48 src/ASF/sam0/drivers/extint/extint_callback.o
                0x0000477c                extint_chan_disable_callback
 .text.EIC_Handler
                0x000047c4       0x6c src/ASF/sam0/drivers/extint/extint_callback.o
                0x000047c4                EIC_Handler
 .text.system_gclk_chan_get_config_defaults
                0x00004830       0x14 src/ASF/sam0/drivers/extint/extint_sam_d_r/extint.o
 .text.system_apb_clock_set_mask
                0x00004844       0x5c src/ASF/sam0/drivers/extint/extint_sam_d_r/extint.o
 .text.system_pinmux_get_config_defaults
                0x000048a0       0x28 src/ASF/sam0/drivers/extint/extint_sam_d_r/extint.o
 .text.system_interrupt_enable
                0x000048c8       0x2c src/ASF/sam0/drivers/extint/extint_sam_d_r/extint.o
 .text._extint_get_eic_from_channel
                0x000048f4       0x48 src/ASF/sam0/drivers/extint/extint_sam_d_r/extint.o
 .text.extint_is_syncing
                0x0000493c       0x48 src/ASF/sam0/drivers/extint/extint_sam_d_r/extint.o
 .text._system_extint_init
                0x00004984       0xdc src/ASF/sam0/drivers/extint/extint_sam_d_r/extint.o
                0x00004984                _system_extint_init
 .text._extint_enable
                0x00004a60       0x60 src/ASF/sam0/drivers/extint/extint_sam_d_r/extint.o
 .text.extint_chan_get_config_defaults
                0x00004ac0       0x34 src/ASF/sam0/drivers/extint/extint_sam_d_r/extint.o
                0x00004ac0                extint_chan_get_config_defaults
 .text.extint_chan_set_config
                0x00004af4      0x100 src/ASF/sam0/drivers/extint/extint_sam_d_r/extint.o
                0x00004af4                extint_chan_set_config
 .text.system_pinmux_get_config_defaults
                0x00004bf4       0x28 src/ASF/sam0/drivers/port/port.o
 .text.port_pin_set_config
                0x00004c1c       0x5c src/ASF/sam0/drivers/port/port.o
                0x00004c1c                port_pin_set_config
 .text.system_gclk_chan_get_config_defaults
                0x00004c78       0x14 src/ASF/sam0/drivers/sercom/sercom.o
 .text.long_division
                0x00004c8c       0xf0 src/ASF/sam0/drivers/sercom/sercom.o
 .text._sercom_get_sync_baud_val
                0x00004d7c       0x7c src/ASF/sam0/drivers/sercom/sercom.o
                0x00004d7c                _sercom_get_sync_baud_val
 .text._sercom_get_async_baud_val
                0x00004df8      0x1c8 src/ASF/sam0/drivers/sercom/sercom.o
                0x00004df8                _sercom_get_async_baud_val
 .text.sercom_set_gclk_generator
                0x00004fc0       0x8c src/ASF/sam0/drivers/sercom/sercom.o
                0x00004fc0                sercom_set_gclk_generator
 .text._sercom_get_default_pad
                0x0000504c      0x1bc src/ASF/sam0/drivers/sercom/sercom.o
                0x0000504c                _sercom_get_default_pad
 .text._sercom_get_sercom_inst_index
                0x00005208       0x4c src/ASF/sam0/drivers/sercom/sercom.o
                0x00005208                _sercom_get_sercom_inst_index
 .text._sercom_default_handler
                0x00005254       0x14 src/ASF/sam0/drivers/sercom/sercom_interrupt.o
 .text._sercom_set_handler
                0x00005268       0x6c src/ASF/sam0/drivers/sercom/sercom_interrupt.o
                0x00005268                _sercom_set_handler
 .text._sercom_get_interrupt_vector
                0x000052d4       0x54 src/ASF/sam0/drivers/sercom/sercom_interrupt.o
                0x000052d4                _sercom_get_interrupt_vector
 .text.SERCOM0_Handler
                0x00005328       0x14 src/ASF/sam0/drivers/sercom/sercom_interrupt.o
                0x00005328                SERCOM0_Handler
 .text.SERCOM1_Handler
                0x0000533c       0x14 src/ASF/sam0/drivers/sercom/sercom_interrupt.o
                0x0000533c                SERCOM1_Handler
 .text.SERCOM2_Handler
                0x00005350       0x14 src/ASF/sam0/drivers/sercom/sercom_interrupt.o
                0x00005350                SERCOM2_Handler
 .text.SERCOM3_Handler
                0x00005364       0x14 src/ASF/sam0/drivers/sercom/sercom_interrupt.o
                0x00005364                SERCOM3_Handler
 .text.SERCOM4_Handler
                0x00005378       0x14 src/ASF/sam0/drivers/sercom/sercom_interrupt.o
                0x00005378                SERCOM4_Handler
 .text.SERCOM5_Handler
                0x0000538c       0x14 src/ASF/sam0/drivers/sercom/sercom_interrupt.o
                0x0000538c                SERCOM5_Handler
 .text.system_gclk_chan_get_config_defaults
                0x000053a0       0x14 src/ASF/sam0/drivers/sercom/usart/usart.o
 .text.system_apb_clock_set_mask
                0x000053b4       0x5c src/ASF/sam0/drivers/sercom/usart/usart.o
 .text.system_pinmux_get_config_defaults
                0x00005410       0x28 src/ASF/sam0/drivers/sercom/usart/usart.o
 .text.system_is_debugger_present
                0x00005438       0x20 src/ASF/sam0/drivers/sercom/usart/usart.o
 .text.usart_is_syncing
                0x00005458       0x20 src/ASF/sam0/drivers/sercom/usart/usart.o
 .text._usart_wait_for_sync
                0x00005478       0x24 src/ASF/sam0/drivers/sercom/usart/usart.o
 .text._usart_set_config
                0x0000549c      0x2e4 src/ASF/sam0/drivers/sercom/usart/usart.o
 .text.usart_init
                0x00005780      0x274 src/ASF/sam0/drivers/sercom/usart/usart.o
                0x00005780                usart_init
 .text.system_interrupt_enter_critical_section
                0x000059f4       0x10 src/ASF/sam0/drivers/sercom/usart/usart_interrupt.o
 .text.system_interrupt_leave_critical_section
                0x00005a04       0x10 src/ASF/sam0/drivers/sercom/usart/usart_interrupt.o
 .text.usart_is_syncing
                0x00005a14       0x20 src/ASF/sam0/drivers/sercom/usart/usart_interrupt.o
 .text._usart_wait_for_sync
                0x00005a34       0x24 src/ASF/sam0/drivers/sercom/usart/usart_interrupt.o
 .text._usart_write_buffer
                0x00005a58       0x5c src/ASF/sam0/drivers/sercom/usart/usart_interrupt.o
                0x00005a58                _usart_write_buffer
 .text._usart_read_buffer
                0x00005ab4       0x78 src/ASF/sam0/drivers/sercom/usart/usart_interrupt.o
                0x00005ab4                _usart_read_buffer
 .text.usart_register_callback
                0x00005b2c       0x48 src/ASF/sam0/drivers/sercom/usart/usart_interrupt.o
                0x00005b2c                usart_register_callback
 .text.usart_write_buffer_job
                0x00005b74       0x4c src/ASF/sam0/drivers/sercom/usart/usart_interrupt.o
                0x00005b74                usart_write_buffer_job
 .text.usart_read_buffer_job
                0x00005bc0       0x4c src/ASF/sam0/drivers/sercom/usart/usart_interrupt.o
                0x00005bc0                usart_read_buffer_job
 .text._usart_interrupt_handler
                0x00005c0c      0x374 src/ASF/sam0/drivers/sercom/usart/usart_interrupt.o
                0x00005c0c                _usart_interrupt_handler
 .text.system_gclk_gen_get_config_defaults
                0x00005f80       0x2c src/ASF/sam0/drivers/system/clock/clock_samd21_r21/clock.o
 .text.system_clock_source_osc8m_get_config_defaults
                0x00005fac       0x20 src/ASF/sam0/drivers/system/clock/clock_samd21_r21/clock.o
 .text.system_clock_source_dfll_get_config_defaults
                0x00005fcc       0x50 src/ASF/sam0/drivers/system/clock/clock_samd21_r21/clock.o
 .text.system_cpu_clock_set_divider
                0x0000601c       0x20 src/ASF/sam0/drivers/system/clock/clock_samd21_r21/clock.o
 .text.system_apb_clock_set_divider
                0x0000603c       0x54 src/ASF/sam0/drivers/system/clock/clock_samd21_r21/clock.o
 .text.system_flash_set_waitstates
                0x00006090       0x34 src/ASF/sam0/drivers/system/clock/clock_samd21_r21/clock.o
 .text._system_dfll_wait_for_sync
                0x000060c4       0x18 src/ASF/sam0/drivers/system/clock/clock_samd21_r21/clock.o
 .text._system_clock_source_dfll_set_config_errata_9905
                0x000060dc       0x44 src/ASF/sam0/drivers/system/clock/clock_samd21_r21/clock.o
 .text.system_clock_source_get_hz
                0x00006120       0xc4 src/ASF/sam0/drivers/system/clock/clock_samd21_r21/clock.o
                0x00006120                system_clock_source_get_hz
 .text.system_clock_source_osc8m_set_config
                0x000061e4       0x68 src/ASF/sam0/drivers/system/clock/clock_samd21_r21/clock.o
                0x000061e4                system_clock_source_osc8m_set_config
 .text.system_clock_source_dfll_set_config
                0x0000624c       0xb0 src/ASF/sam0/drivers/system/clock/clock_samd21_r21/clock.o
                0x0000624c                system_clock_source_dfll_set_config
 .text.system_clock_source_enable
                0x000062fc       0xac src/ASF/sam0/drivers/system/clock/clock_samd21_r21/clock.o
                0x000062fc                system_clock_source_enable
 .text.system_clock_source_is_ready
                0x000063a8       0x84 src/ASF/sam0/drivers/system/clock/clock_samd21_r21/clock.o
                0x000063a8                system_clock_source_is_ready
 .text._switch_peripheral_gclk
                0x0000642c       0x38 src/ASF/sam0/drivers/system/clock/clock_samd21_r21/clock.o
 .text.system_clock_init
                0x00006464      0x1c0 src/ASF/sam0/drivers/system/clock/clock_samd21_r21/clock.o
                0x00006464                system_clock_init
 .text.system_apb_clock_set_mask
                0x00006624       0x5c src/ASF/sam0/drivers/system/clock/clock_samd21_r21/gclk.o
 .text.system_interrupt_enter_critical_section
                0x00006680       0x10 src/ASF/sam0/drivers/system/clock/clock_samd21_r21/gclk.o
 .text.system_interrupt_leave_critical_section
                0x00006690       0x10 src/ASF/sam0/drivers/system/clock/clock_samd21_r21/gclk.o
 .text.system_gclk_is_syncing
                0x000066a0       0x24 src/ASF/sam0/drivers/system/clock/clock_samd21_r21/gclk.o
 .text.system_gclk_init
                0x000066c4       0x30 src/ASF/sam0/drivers/system/clock/clock_samd21_r21/gclk.o
                0x000066c4                system_gclk_init
 .text.system_gclk_gen_set_config
                0x000066f4      0x128 src/ASF/sam0/drivers/system/clock/clock_samd21_r21/gclk.o
                0x000066f4                system_gclk_gen_set_config
 .text.system_gclk_gen_enable
                0x0000681c       0x5c src/ASF/sam0/drivers/system/clock/clock_samd21_r21/gclk.o
                0x0000681c                system_gclk_gen_enable
 .text.system_gclk_gen_get_hz
                0x00006878       0xec src/ASF/sam0/drivers/system/clock/clock_samd21_r21/gclk.o
                0x00006878                system_gclk_gen_get_hz
 .text.system_gclk_chan_set_config
                0x00006964       0x40 src/ASF/sam0/drivers/system/clock/clock_samd21_r21/gclk.o
                0x00006964                system_gclk_chan_set_config
 .text.system_gclk_chan_enable
                0x000069a4       0x44 src/ASF/sam0/drivers/system/clock/clock_samd21_r21/gclk.o
                0x000069a4                system_gclk_chan_enable
 .text.system_gclk_chan_disable
                0x000069e8       0x98 src/ASF/sam0/drivers/system/clock/clock_samd21_r21/gclk.o
                0x000069e8                system_gclk_chan_disable
 .text.system_gclk_chan_get_hz
                0x00006a80       0x5c src/ASF/sam0/drivers/system/clock/clock_samd21_r21/gclk.o
                0x00006a80                system_gclk_chan_get_hz
 .text.system_pinmux_get_group_from_gpio_pin
                0x00006adc       0x60 src/ASF/sam0/drivers/system/pinmux/pinmux.o
 .text._system_pinmux_config
                0x00006b3c      0x10c src/ASF/sam0/drivers/system/pinmux/pinmux.o
 .text.system_pinmux_pin_set_config
                0x00006c48       0x4c src/ASF/sam0/drivers/system/pinmux/pinmux.o
                0x00006c48                system_pinmux_pin_set_config
 .text._system_dummy_init
                0x00006c94        0xc src/ASF/sam0/drivers/system/system.o
                0x00006c94                _system_dummy_init
                0x00006c94                _system_events_init
 .text.system_init
                0x00006ca0       0x28 src/ASF/sam0/drivers/system/system.o
                0x00006ca0                system_init
 .text.cpu_irq_save
                0x00006cc8       0x30 src/ASF/sam0/drivers/usb/stack_interface/usb_device_udd.o
 .text.cpu_irq_is_enabled_flags
                0x00006cf8       0x18 src/ASF/sam0/drivers/usb/stack_interface/usb_device_udd.o
 .text.cpu_irq_restore
                0x00006d10       0x30 src/ASF/sam0/drivers/usb/stack_interface/usb_device_udd.o
 .text.system_pinmux_get_group_from_gpio_pin
                0x00006d40       0x60 src/ASF/sam0/drivers/usb/stack_interface/usb_device_udd.o
 .text.usb_get_state_machine_status
                0x00006da0       0x18 src/ASF/sam0/drivers/usb/stack_interface/usb_device_udd.o
 .text.usb_device_attach
                0x00006db8       0x24 src/ASF/sam0/drivers/usb/stack_interface/usb_device_udd.o
 .text.usb_device_detach
                0x00006ddc       0x24 src/ASF/sam0/drivers/usb/stack_interface/usb_device_udd.o
 .text.usb_device_get_address
                0x00006e00       0x1c src/ASF/sam0/drivers/usb/stack_interface/usb_device_udd.o
 .text.usb_device_set_address
                0x00006e1c       0x28 src/ASF/sam0/drivers/usb/stack_interface/usb_device_udd.o
 .text.usb_device_get_frame_number
                0x00006e44       0x20 src/ASF/sam0/drivers/usb/stack_interface/usb_device_udd.o
 .text.usb_device_get_micro_frame_number
                0x00006e64       0x18 src/ASF/sam0/drivers/usb/stack_interface/usb_device_udd.o
 .text.usb_device_send_remote_wake_up
                0x00006e7c       0x24 src/ASF/sam0/drivers/usb/stack_interface/usb_device_udd.o
 .text.usb_device_set_lpm_mode
                0x00006ea0       0x38 src/ASF/sam0/drivers/usb/stack_interface/usb_device_udd.o
 .text.port_get_group_from_gpio_pin
                0x00006ed8       0x24 src/ASF/sam0/drivers/usb/stack_interface/usb_device_udd.o
 .text.port_pin_get_input_level
                0x00006efc       0x48 src/ASF/sam0/drivers/usb/stack_interface/usb_device_udd.o
 .text.sleepmgr_lock_mode
                0x00006f44       0x4c src/ASF/sam0/drivers/usb/stack_interface/usb_device_udd.o
 .text.sleepmgr_unlock_mode
                0x00006f90       0x4c src/ASF/sam0/drivers/usb/stack_interface/usb_device_udd.o
 .text.udd_wait_clock_ready
                0x00006fdc       0x38 src/ASF/sam0/drivers/usb/stack_interface/usb_device_udd.o
 .text.udd_sleep_mode
                0x00007014       0x80 src/ASF/sam0/drivers/usb/stack_interface/usb_device_udd.o
 .text.udd_ep_get_job
                0x00007094       0x3c src/ASF/sam0/drivers/usb/stack_interface/usb_device_udd.o
 .text.udd_ep_trans_in_next
                0x000070d0      0x18c src/ASF/sam0/drivers/usb/stack_interface/usb_device_udd.o
 .text.udd_ep_trans_out_next
                0x0000725c      0x1dc src/ASF/sam0/drivers/usb/stack_interface/usb_device_udd.o
 .text.udd_ep_transfer_process
                0x00007438       0x44 src/ASF/sam0/drivers/usb/stack_interface/usb_device_udd.o
 .text.udd_ep_abort
                0x0000747c       0x70 src/ASF/sam0/drivers/usb/stack_interface/usb_device_udd.o
                0x0000747c                udd_ep_abort
 .text.udd_is_high_speed
                0x000074ec        0xc src/ASF/sam0/drivers/usb/stack_interface/usb_device_udd.o
                0x000074ec                udd_is_high_speed
 .text.udd_get_frame_number
                0x000074f8       0x1c src/ASF/sam0/drivers/usb/stack_interface/usb_device_udd.o
                0x000074f8                udd_get_frame_number
 .text.udd_get_micro_frame_number
                0x00007514       0x1c src/ASF/sam0/drivers/usb/stack_interface/usb_device_udd.o
                0x00007514                udd_get_micro_frame_number
 .text.udd_ep_free
                0x00007530       0x90 src/ASF/sam0/drivers/usb/stack_interface/usb_device_udd.o
                0x00007530                udd_ep_free
 .text.udd_ep_alloc
                0x000075c0      0x1a4 src/ASF/sam0/drivers/usb/stack_interface/usb_device_udd.o
                0x000075c0                udd_ep_alloc
 .text.udd_ep_is_halted
                0x00007764       0x2c src/ASF/sam0/drivers/usb/stack_interface/usb_device_udd.o
                0x00007764                udd_ep_is_halted
 .text.udd_ep_set_halt
                0x00007790       0x58 src/ASF/sam0/drivers/usb/stack_interface/usb_device_udd.o
                0x00007790                udd_ep_set_halt
 .text.udd_ep_clear_halt
                0x000077e8       0x78 src/ASF/sam0/drivers/usb/stack_interface/usb_device_udd.o
                0x000077e8                udd_ep_clear_halt
 .text.udd_ep_wait_stall_clear
                0x00007860       0xa8 src/ASF/sam0/drivers/usb/stack_interface/usb_device_udd.o
                0x00007860                udd_ep_wait_stall_clear
 .text.udd_ctrl_stall_data
                0x00007908       0x34 src/ASF/sam0/drivers/usb/stack_interface/usb_device_udd.o
 .text.udd_ep_run
                0x0000793c      0x2e0 src/ASF/sam0/drivers/usb/stack_interface/usb_device_udd.o
                0x0000793c                udd_ep_run
 .text.udd_set_address
                0x00007c1c       0x28 src/ASF/sam0/drivers/usb/stack_interface/usb_device_udd.o
                0x00007c1c                udd_set_address
 .text.udd_getaddress
                0x00007c44       0x1c src/ASF/sam0/drivers/usb/stack_interface/usb_device_udd.o
                0x00007c44                udd_getaddress
 .text.udd_send_remotewakeup
                0x00007c60       0x50 src/ASF/sam0/drivers/usb/stack_interface/usb_device_udd.o
                0x00007c60                udd_send_remotewakeup
 .text.udd_set_setup_payload
                0x00007cb0       0x28 src/ASF/sam0/drivers/usb/stack_interface/usb_device_udd.o
                0x00007cb0                udd_set_setup_payload
 .text.udd_ctrl_fetch_ram
                0x00007cd8       0x5c src/ASF/sam0/drivers/usb/stack_interface/usb_device_udd.o
 .text.udd_ctrl_send_zlp_in
                0x00007d34       0x44 src/ASF/sam0/drivers/usb/stack_interface/usb_device_udd.o
 .text.udd_ctrl_in_sent
                0x00007d78       0xec src/ASF/sam0/drivers/usb/stack_interface/usb_device_udd.o
 .text.udd_ctrl_out_received
                0x00007e64      0x158 src/ASF/sam0/drivers/usb/stack_interface/usb_device_udd.o
 .text._usb_ep0_on_setup
                0x00007fbc       0xec src/ASF/sam0/drivers/usb/stack_interface/usb_device_udd.o
 .text.udd_ctrl_underflow
                0x000080a8       0x48 src/ASF/sam0/drivers/usb/stack_interface/usb_device_udd.o
 .text.udd_ctrl_overflow
                0x000080f0       0x44 src/ASF/sam0/drivers/usb/stack_interface/usb_device_udd.o
 .text._usb_ep0_on_tansfer_fail
                0x00008134       0x3c src/ASF/sam0/drivers/usb/stack_interface/usb_device_udd.o
 .text._usb_ep0_on_tansfer_ok
                0x00008170       0x54 src/ASF/sam0/drivers/usb/stack_interface/usb_device_udd.o
 .text.udd_ctrl_ep_enable
                0x000081c4       0xc4 src/ASF/sam0/drivers/usb/stack_interface/usb_device_udd.o
 .text._usb_on_suspend
                0x00008288       0x44 src/ASF/sam0/drivers/usb/stack_interface/usb_device_udd.o
 .text._usb_device_lpm_suspend
                0x000082cc       0x48 src/ASF/sam0/drivers/usb/stack_interface/usb_device_udd.o
 .text._usb_on_sof_notify
                0x00008314       0x20 src/ASF/sam0/drivers/usb/stack_interface/usb_device_udd.o
 .text._usb_on_bus_reset
                0x00008334       0x34 src/ASF/sam0/drivers/usb/stack_interface/usb_device_udd.o
 .text._usb_on_wakeup
                0x00008368       0x6c src/ASF/sam0/drivers/usb/stack_interface/usb_device_udd.o
 .text.udd_detach
                0x000083d4       0x24 src/ASF/sam0/drivers/usb/stack_interface/usb_device_udd.o
                0x000083d4                udd_detach
 .text.udd_attach
                0x000083f8       0xb8 src/ASF/sam0/drivers/usb/stack_interface/usb_device_udd.o
                0x000083f8                udd_attach
 .text._uhd_vbus_handler
                0x000084b0       0x44 src/ASF/sam0/drivers/usb/stack_interface/usb_device_udd.o
 .text._usb_vbus_config
                0x000084f4       0x70 src/ASF/sam0/drivers/usb/stack_interface/usb_device_udd.o
 .text.udd_enable
                0x00008564       0x90 src/ASF/sam0/drivers/usb/stack_interface/usb_device_udd.o
                0x00008564                udd_enable
 .text.system_gclk_chan_get_config_defaults
                0x000085f4       0x14 src/ASF/sam0/drivers/usb/usb_sam_d_r/usb.o
 .text.system_apb_clock_set_mask
                0x00008608       0x5c src/ASF/sam0/drivers/usb/usb_sam_d_r/usb.o
 .text.system_pinmux_get_config_defaults
                0x00008664       0x28 src/ASF/sam0/drivers/usb/usb_sam_d_r/usb.o
 .text.system_interrupt_enable
                0x0000868c       0x2c src/ASF/sam0/drivers/usb/usb_sam_d_r/usb.o
 .text._usb_host_interrupt_handler
                0x000086b8      0x4d4 src/ASF/sam0/drivers/usb/usb_sam_d_r/usb.o
 .text.usb_device_register_callback
                0x00008b8c       0x50 src/ASF/sam0/drivers/usb/usb_sam_d_r/usb.o
                0x00008b8c                usb_device_register_callback
 .text.usb_device_enable_callback
                0x00008bdc       0x5c src/ASF/sam0/drivers/usb/usb_sam_d_r/usb.o
                0x00008bdc                usb_device_enable_callback
 .text.usb_device_disable_callback
                0x00008c38       0x54 src/ASF/sam0/drivers/usb/usb_sam_d_r/usb.o
                0x00008c38                usb_device_disable_callback
 .text.usb_device_endpoint_register_callback
                0x00008c8c       0x74 src/ASF/sam0/drivers/usb/usb_sam_d_r/usb.o
                0x00008c8c                usb_device_endpoint_register_callback
 .text.usb_device_endpoint_unregister_callback
                0x00008d00       0x6c src/ASF/sam0/drivers/usb/usb_sam_d_r/usb.o
                0x00008d00                usb_device_endpoint_unregister_callback
 .text.usb_device_endpoint_enable_callback
                0x00008d6c      0x190 src/ASF/sam0/drivers/usb/usb_sam_d_r/usb.o
                0x00008d6c                usb_device_endpoint_enable_callback
 .text.usb_device_endpoint_disable_callback
                0x00008efc      0x19c src/ASF/sam0/drivers/usb/usb_sam_d_r/usb.o
                0x00008efc                usb_device_endpoint_disable_callback
 .text.usb_device_endpoint_get_config_defaults
                0x00009098       0x28 src/ASF/sam0/drivers/usb/usb_sam_d_r/usb.o
                0x00009098                usb_device_endpoint_get_config_defaults
 .text.usb_device_endpoint_set_config
                0x000090c0      0x4d4 src/ASF/sam0/drivers/usb/usb_sam_d_r/usb.o
                0x000090c0                usb_device_endpoint_set_config
 .text.usb_device_endpoint_is_configured
                0x00009594       0x7c src/ASF/sam0/drivers/usb/usb_sam_d_r/usb.o
                0x00009594                usb_device_endpoint_is_configured
 .text.usb_device_endpoint_abort_job
                0x00009610       0x80 src/ASF/sam0/drivers/usb/usb_sam_d_r/usb.o
                0x00009610                usb_device_endpoint_abort_job
 .text.usb_device_endpoint_is_halted
                0x00009690       0x70 src/ASF/sam0/drivers/usb/usb_sam_d_r/usb.o
                0x00009690                usb_device_endpoint_is_halted
 .text.usb_device_endpoint_set_halt
                0x00009700       0x58 src/ASF/sam0/drivers/usb/usb_sam_d_r/usb.o
                0x00009700                usb_device_endpoint_set_halt
 .text.usb_device_endpoint_clear_halt
                0x00009758      0x118 src/ASF/sam0/drivers/usb/usb_sam_d_r/usb.o
                0x00009758                usb_device_endpoint_clear_halt
 .text.usb_device_endpoint_write_buffer_job
                0x00009870       0xb8 src/ASF/sam0/drivers/usb/usb_sam_d_r/usb.o
                0x00009870                usb_device_endpoint_write_buffer_job
 .text.usb_device_endpoint_read_buffer_job
                0x00009928       0xac src/ASF/sam0/drivers/usb/usb_sam_d_r/usb.o
                0x00009928                usb_device_endpoint_read_buffer_job
 .text.usb_device_endpoint_setup_buffer_job
                0x000099d4       0x48 src/ASF/sam0/drivers/usb/usb_sam_d_r/usb.o
                0x000099d4                usb_device_endpoint_setup_buffer_job
 .text._usb_device_interrupt_handler
                0x00009a1c      0x558 src/ASF/sam0/drivers/usb/usb_sam_d_r/usb.o
 .text.usb_enable
                0x00009f74       0x30 src/ASF/sam0/drivers/usb/usb_sam_d_r/usb.o
                0x00009f74                usb_enable
 .text.USB_Handler
                0x00009fa4       0x30 src/ASF/sam0/drivers/usb/usb_sam_d_r/usb.o
                0x00009fa4                USB_Handler
 .text.usb_get_config_defaults
                0x00009fd4       0x28 src/ASF/sam0/drivers/usb/usb_sam_d_r/usb.o
                0x00009fd4                usb_get_config_defaults
 .text.usb_init
                0x00009ffc      0x338 src/ASF/sam0/drivers/usb/usb_sam_d_r/usb.o
                0x00009ffc                usb_init
 .text.Reset_Handler
                0x0000a334       0xf0 src/ASF/sam0/utils/cmsis/samd21/source/gcc/startup_samd21.o
                0x0000a334                Reset_Handler
 .text.Dummy_Handler
                0x0000a424        0x8 src/ASF/sam0/utils/cmsis/samd21/source/gcc/startup_samd21.o
                0x0000a424                DMAC_Handler
                0x0000a424                HardFault_Handler
                0x0000a424                AC_Handler
                0x0000a424                SysTick_Handler
                0x0000a424                PendSV_Handler
                0x0000a424                NMI_Handler
                0x0000a424                TC7_Handler
                0x0000a424                ADC_Handler
                0x0000a424                TCC1_Handler
                0x0000a424                TCC0_Handler
                0x0000a424                RTC_Handler
                0x0000a424                TC6_Handler
                0x0000a424                WDT_Handler
                0x0000a424                TC4_Handler
                0x0000a424                TC3_Handler
                0x0000a424                Dummy_Handler
                0x0000a424                PM_Handler
                0x0000a424                SVC_Handler
                0x0000a424                TCC2_Handler
                0x0000a424                EVSYS_Handler
                0x0000a424                I2S_Handler
                0x0000a424                NVMCTRL_Handler
                0x0000a424                DAC_Handler
                0x0000a424                PTC_Handler
                0x0000a424                TC5_Handler
                0x0000a424                SYSCTRL_Handler
 .text.system_set_sleepmode
                0x0000a42c       0x68 src/main.o
 .text.system_sleep
                0x0000a494       0x10 src/main.o
 .text.sleepmgr_sleep
                0x0000a4a4       0x48 src/main.o
 .text.sleepmgr_get_sleep_mode
                0x0000a4ec       0x3c src/main.o
 .text.sleepmgr_enter_sleep
                0x0000a528       0x50 src/main.o
 .text.main     0x0000a578       0xc4 src/main.o
                0x0000a578                main
 .text.main_suspend_action
                0x0000a63c       0x10 src/main.o
                0x0000a63c                main_suspend_action
 .text.main_resume_action
                0x0000a64c       0x10 src/main.o
                0x0000a64c                main_resume_action
 .text.main_sof_action
                0x0000a65c       0x70 src/main.o
                0x0000a65c                main_sof_action
 .text.main_remotewakeup_enable
                0x0000a6cc       0x10 src/main.o
                0x0000a6cc                main_remotewakeup_enable
 .text.main_remotewakeup_disable
                0x0000a6dc       0x10 src/main.o
                0x0000a6dc                main_remotewakeup_disable
 .text.main_extra_string
                0x0000a6ec      0x100 src/main.o
                0x0000a6ec                main_extra_string
 .text.main_msc_enable
                0x0000a7ec       0x18 src/main.o
                0x0000a7ec                main_msc_enable
 .text.main_msc_disable
                0x0000a804       0x14 src/main.o
                0x0000a804                main_msc_disable
 .text.main_mouse_enable
                0x0000a818       0x18 src/main.o
                0x0000a818                main_mouse_enable
 .text.main_mouse_disable
                0x0000a830       0x14 src/main.o
                0x0000a830                main_mouse_disable
 .text.main_keyboard_enable
                0x0000a844       0x18 src/main.o
                0x0000a844                main_keyboard_enable
 .text.main_keyboard_disable
                0x0000a85c       0x14 src/main.o
                0x0000a85c                main_keyboard_disable
 .text.main_cdc_enable
                0x0000a870       0x30 src/main.o
                0x0000a870                main_cdc_enable
 .text.main_cdc_disable
                0x0000a8a0       0x2c src/main.o
                0x0000a8a0                main_cdc_disable
 .text.main_cdc_set_dtr
                0x0000a8cc       0x40 src/main.o
                0x0000a8cc                main_cdc_set_dtr
 .text.memories_initialization
                0x0000a90c        0x8 src/memories_initialization_samd.o
                0x0000a90c                memories_initialization
 .text.system_interrupt_enable
                0x0000a914       0x2c src/uart_samd.o
 .text.system_interrupt_disable
                0x0000a940       0x30 src/uart_samd.o
 .text.usart_is_syncing
                0x0000a970       0x20 src/uart_samd.o
 .text._usart_wait_for_sync
                0x0000a990       0x24 src/uart_samd.o
 .text.usart_get_config_defaults
                0x0000a9b4       0xbc src/uart_samd.o
 .text.usart_enable
                0x0000aa70       0x48 src/uart_samd.o
 .text.usart_disable
                0x0000aab8       0x4c src/uart_samd.o
 .text.usart_enable_callback
                0x0000ab04       0x38 src/uart_samd.o
 .text.usart_disable_callback
                0x0000ab3c       0x3c src/uart_samd.o
 .text.usart_tx_callback
                0x0000ab78       0x68 src/uart_samd.o
 .text.usart_rx_callback
                0x0000abe0       0x70 src/uart_samd.o
 .text.uart_rx_notify
                0x0000ac50       0x54 src/uart_samd.o
                0x0000ac50                uart_rx_notify
 .text.uart_config
                0x0000aca4      0x190 src/uart_samd.o
                0x0000aca4                uart_config
 .text.uart_open
                0x0000ae34       0x24 src/uart_samd.o
                0x0000ae34                uart_open
 .text.uart_close
                0x0000ae58       0x24 src/uart_samd.o
                0x0000ae58                uart_close
 .text          0x0000ae7c       0x9c c:/program files (x86)/atmel/atmel toolchain/arm gcc/native/4.8.1437/arm-gnu-toolchain/bin/../lib/gcc/arm-none-eabi/4.8.4/armv6-m\libgcc.a(_udivsi3.o)
                0x0000ae7c                __aeabi_uidiv
                0x0000ae7c                __udivsi3
                0x0000af04                __aeabi_uidivmod
 .text          0x0000af18       0xc0 c:/program files (x86)/atmel/atmel toolchain/arm gcc/native/4.8.1437/arm-gnu-toolchain/bin/../lib/gcc/arm-none-eabi/4.8.4/armv6-m\libgcc.a(_divsi3.o)
                0x0000af18                __divsi3
                0x0000af18                __aeabi_idiv
                0x0000afc4                __aeabi_idivmod
 .text          0x0000afd8        0x4 c:/program files (x86)/atmel/atmel toolchain/arm gcc/native/4.8.1437/arm-gnu-toolchain/bin/../lib/gcc/arm-none-eabi/4.8.4/armv6-m\libgcc.a(_dvmd_tls.o)
                0x0000afd8                __aeabi_idiv0
                0x0000afd8                __aeabi_ldiv0
 .text          0x0000afdc       0x40 c:/program files (x86)/atmel/atmel toolchain/arm gcc/native/4.8.1437/arm-gnu-toolchain/bin/../lib/gcc/arm-none-eabi/4.8.4/armv6-m\libgcc.a(_ctzsi2.o)
                0x0000afdc                __ctzsi2
 .text          0x0000b01c       0x44 c:/program files (x86)/atmel/atmel toolchain/arm gcc/native/4.8.1437/arm-gnu-toolchain/bin/../lib/gcc/arm-none-eabi/4.8.4/armv6-m\libgcc.a(_muldi3.o)
                0x0000b01c                __muldi3
                0x0000b01c                __aeabi_lmul
 .text.__libc_init_array
                0x0000b060       0x4c c:/program files (x86)/atmel/atmel toolchain/arm gcc/native/4.8.1437/arm-gnu-toolchain/bin/../lib/gcc/arm-none-eabi/4.8.4/../../../../arm-none-eabi/lib/armv6-m\libc_s.a(lib_a-init.o)
                0x0000b060                __libc_init_array
 .text.memcpy   0x0000b0ac       0x12 c:/program files (x86)/atmel/atmel toolchain/arm gcc/native/4.8.1437/arm-gnu-toolchain/bin/../lib/gcc/arm-none-eabi/4.8.4/../../../../arm-none-eabi/lib/armv6-m\libc_s.a(lib_a-memcpy-stub.o)
                0x0000b0ac                memcpy
 .text.memset   0x0000b0be       0x10 c:/program files (x86)/atmel/atmel toolchain/arm gcc/native/4.8.1437/arm-gnu-toolchain/bin/../lib/gcc/arm-none-eabi/4.8.4/../../../../arm-none-eabi/lib/armv6-m\libc_s.a(lib_a-memset.o)
                0x0000b0be                memset
 *(.glue_7t)
 .glue_7t       0x00000000        0x0 linker stubs
 *(.glue_7)
 .glue_7        0x00000000        0x0 linker stubs
 *(.rodata .rodata* .gnu.linkonce.r.*)
 *fill*         0x0000b0ce        0x2 
 .rodata        0x0000b0d0       0x1c src/ASF/common/services/storage/ctrl_access/ctrl_access.o
 .rodata.lun_desc
                0x0000b0ec       0x20 src/ASF/common/services/storage/ctrl_access/ctrl_access.o
 .rodata.udi_msc_cbw_received
                0x0000b10c      0x16c src/ASF/common/services/usb/class/msc/device/udi_msc.o
 .rodata        0x0000b278       0x10 src/ASF/common/services/usb/udc/udc.o
 .rodata.udc_reqstd
                0x0000b288       0x28 src/ASF/common/services/usb/udc/udc.o
 .rodata        0x0000b2b0       0x18 src/ASF/sam0/drivers/sercom/sercom.o
 .rodata        0x0000b2c8        0x8 src/ASF/sam0/drivers/sercom/sercom_interrupt.o
 .rodata.system_clock_source_get_hz
                0x0000b2d0       0x24 src/ASF/sam0/drivers/system/clock/clock_samd21_r21/clock.o
 .rodata.system_clock_source_enable
                0x0000b2f4       0x24 src/ASF/sam0/drivers/system/clock/clock_samd21_r21/clock.o
 .rodata.system_clock_source_is_ready
                0x0000b318       0x24 src/ASF/sam0/drivers/system/clock/clock_samd21_r21/clock.o
 .rodata        0x0000b33c        0x4 src/ASF/sam0/drivers/usb/stack_interface/usb_device_udd.o
 .rodata._usb_device_irq_bits
                0x0000b340       0x10 src/ASF/sam0/drivers/usb/usb_sam_d_r/usb.o
 .rodata._usb_endpoint_irq_bits
                0x0000b350        0x4 src/ASF/sam0/drivers/usb/usb_sam_d_r/usb.o
 .rodata.usb_device_endpoint_set_config
                0x0000b354       0x14 src/ASF/sam0/drivers/usb/usb_sam_d_r/usb.o
 *(.ARM.extab* .gnu.linkonce.armextab.*)
                0x0000b368                . = ALIGN (0x4)
 *(.init)
 .init          0x0000b368        0x4 c:/program files (x86)/atmel/atmel toolchain/arm gcc/native/4.8.1437/arm-gnu-toolchain/bin/../lib/gcc/arm-none-eabi/4.8.4/armv6-m/crti.o
                0x0000b368                _init
 .init          0x0000b36c        0x8 c:/program files (x86)/atmel/atmel toolchain/arm gcc/native/4.8.1437/arm-gnu-toolchain/bin/../lib/gcc/arm-none-eabi/4.8.4/armv6-m/crtn.o
                0x0000b374                . = ALIGN (0x4)
                0x0000b374                __preinit_array_start = .
 *(.preinit_array)
                0x0000b374                __preinit_array_end = .
                0x0000b374                . = ALIGN (0x4)
                0x0000b374                __init_array_start = .
 *(SORT(.init_array.*))
 *(.init_array)
 .init_array    0x0000b374        0x4 c:/program files (x86)/atmel/atmel toolchain/arm gcc/native/4.8.1437/arm-gnu-toolchain/bin/../lib/gcc/arm-none-eabi/4.8.4/armv6-m/crtbegin.o
                0x0000b378                __init_array_end = .
                0x0000b378                . = ALIGN (0x4)
 *crtbegin.o(.ctors)
 *(EXCLUDE_FILE(*crtend.o) .ctors)
 *(SORT(.ctors.*))
 *crtend.o(.ctors)
                0x0000b378                . = ALIGN (0x4)
 *(.fini)
 .fini          0x0000b378        0x4 c:/program files (x86)/atmel/atmel toolchain/arm gcc/native/4.8.1437/arm-gnu-toolchain/bin/../lib/gcc/arm-none-eabi/4.8.4/armv6-m/crti.o
                0x0000b378                _fini
 .fini          0x0000b37c        0x8 c:/program files (x86)/atmel/atmel toolchain/arm gcc/native/4.8.1437/arm-gnu-toolchain/bin/../lib/gcc/arm-none-eabi/4.8.4/armv6-m/crtn.o
                0x0000b384                . = ALIGN (0x4)
                0x0000b384                __fini_array_start = .
 *(.fini_array)
 .fini_array    0x0000b384        0x4 c:/program files (x86)/atmel/atmel toolchain/arm gcc/native/4.8.1437/arm-gnu-toolchain/bin/../lib/gcc/arm-none-eabi/4.8.4/armv6-m/crtbegin.o
 *(SORT(.fini_array.*))
                0x0000b388                __fini_array_end = .
 *crtbegin.o(.dtors)
 *(EXCLUDE_FILE(*crtend.o) .dtors)
 *(SORT(.dtors.*))
 *crtend.o(.dtors)
                0x0000b388                . = ALIGN (0x4)
                0x0000b388                _efixed = .
                0x0000b388                PROVIDE (__exidx_start, .)

.vfp11_veneer   0x0000b388        0x0
 .vfp11_veneer  0x00000000        0x0 linker stubs

.v4_bx          0x0000b388        0x0
 .v4_bx         0x00000000        0x0 linker stubs

.iplt           0x0000b388        0x0
 .iplt          0x00000000        0x0 c:/program files (x86)/atmel/atmel toolchain/arm gcc/native/4.8.1437/arm-gnu-toolchain/bin/../lib/gcc/arm-none-eabi/4.8.4/armv6-m/crtbegin.o

.eh_frame       0x0000b388        0x0
 .eh_frame      0x0000b388        0x0 c:/program files (x86)/atmel/atmel toolchain/arm gcc/native/4.8.1437/arm-gnu-toolchain/bin/../lib/gcc/arm-none-eabi/4.8.4/armv6-m/crtbegin.o

.rel.dyn        0x0000b388        0x0
 .rel.iplt      0x00000000        0x0 c:/program files (x86)/atmel/atmel toolchain/arm gcc/native/4.8.1437/arm-gnu-toolchain/bin/../lib/gcc/arm-none-eabi/4.8.4/armv6-m/crtbegin.o

.jcr            0x0000b388        0x0
 .jcr           0x0000b388        0x0 c:/program files (x86)/atmel/atmel toolchain/arm gcc/native/4.8.1437/arm-gnu-toolchain/bin/../lib/gcc/arm-none-eabi/4.8.4/armv6-m/crtbegin.o

.igot.plt       0x0000b388        0x0
 .igot.plt      0x00000000        0x0 c:/program files (x86)/atmel/atmel toolchain/arm gcc/native/4.8.1437/arm-gnu-toolchain/bin/../lib/gcc/arm-none-eabi/4.8.4/armv6-m/crtbegin.o

.ARM.exidx
 *(.ARM.exidx* .gnu.linkonce.armexidx.*)
                0x0000b388                PROVIDE (__exidx_end, .)
                0x0000b388                . = ALIGN (0x4)
                0x0000b388                _etext = .

.relocate       0x20000000      0x2dc load address 0x0000b388
                0x20000000                . = ALIGN (0x4)
                0x20000000                _srelocate = .
 *(.ramfunc .ramfunc.*)
 *(.data .data.*)
 .data.cycles_per_ms
                0x20000000        0x4 src/ASF/common2/services/delay/sam0/systick_counter.o
 .data.cycles_per_us
                0x20000004        0x4 src/ASF/common2/services/delay/sam0/systick_counter.o
 .data.udi_api_cdc_comm
                0x20000008       0x14 src/ASF/common/services/usb/class/cdc/device/udi_cdc.o
                0x20000008                udi_api_cdc_comm
 .data.udi_api_cdc_data
                0x2000001c       0x14 src/ASF/common/services/usb/class/cdc/device/udi_cdc.o
                0x2000001c                udi_api_cdc_data
 .data.udc_device_desc
                0x20000030       0x14 src/ASF/common/services/usb/class/composite/device/udi_composite_desc.o
                0x20000030                udc_device_desc
 .data.udc_desc_fs
                0x20000044       0x94 src/ASF/common/services/usb/class/composite/device/udi_composite_desc.o
                0x20000044                udc_desc_fs
 .data.udi_apis
                0x200000d8       0x14 src/ASF/common/services/usb/class/composite/device/udi_composite_desc.o
                0x200000d8                udi_apis
 .data.udc_config_lsfs
                0x200000ec        0x8 src/ASF/common/services/usb/class/composite/device/udi_composite_desc.o
                0x200000ec                udc_config_lsfs
 .data.udc_config
                0x200000f4        0xc src/ASF/common/services/usb/class/composite/device/udi_composite_desc.o
                0x200000f4                udc_config
 .data.udi_api_hid_kbd
                0x20000100       0x14 src/ASF/common/services/usb/class/hid/device/kbd/udi_hid_kbd.o
                0x20000100                udi_api_hid_kbd
 .data.udi_hid_kbd_report_desc
                0x20000114       0x3c src/ASF/common/services/usb/class/hid/device/kbd/udi_hid_kbd.o
                0x20000114                udi_hid_kbd_report_desc
 .data.udi_api_hid_mouse
                0x20000150       0x14 src/ASF/common/services/usb/class/hid/device/mouse/udi_hid_mouse.o
                0x20000150                udi_api_hid_mouse
 .data.udi_hid_mouse_report_desc
                0x20000164       0x34 src/ASF/common/services/usb/class/hid/device/mouse/udi_hid_mouse.o
                0x20000164                udi_hid_mouse_report_desc
 .data.udi_api_msc
                0x20000198       0x14 src/ASF/common/services/usb/class/msc/device/udi_msc.o
                0x20000198                udi_api_msc
 .data.udi_msc_csw
                0x200001ac       0x10 src/ASF/common/services/usb/class/msc/device/udi_msc.o
 .data.udi_msc_b_ack_trans
                0x200001bc        0x1 src/ASF/common/services/usb/class/msc/device/udi_msc.o
                0x200001bc                udi_msc_b_ack_trans
 .data.udi_msc_b_reset_trans
                0x200001bd        0x1 src/ASF/common/services/usb/class/msc/device/udi_msc.o
                0x200001bd                udi_msc_b_reset_trans
 *fill*         0x200001be        0x2 
 .data.udi_msc_inquiry_data.12625
                0x200001c0       0x24 src/ASF/common/services/usb/class/msc/device/udi_msc.o
 .data.udc_string_desc_languageid
                0x200001e4        0x4 src/ASF/common/services/usb/udc/udc.o
 .data.udc_string_manufacturer_name
                0x200001e8        0xc src/ASF/common/services/usb/udc/udc.o
 .data.udc_string_product_name
                0x200001f4       0x24 src/ASF/common/services/usb/udc/udc.o
 .data.udc_string_desc
                0x20000218       0x44 src/ASF/common/services/usb/udc/udc.o
 .data.g_interrupt_enabled
                0x2000025c        0x1 src/ASF/common/utils/interrupt/interrupt_sam_nvic.o
                0x2000025c                g_interrupt_enabled
 *fill*         0x2000025d        0x3 
 .data.udi_cdc_name.13619
                0x20000260       0x10 src/main.o
 .data.udi_msc_name.13620
                0x20000270       0x10 src/main.o
 .data.udi_hid_mouse_name.13621
                0x20000280       0x14 src/main.o
 .data.udi_hid_kbd_name.13622
                0x20000294       0x18 src/main.o
 .data.extra_strings_desc.13626
                0x200002ac       0x30 src/main.o
                0x200002dc                . = ALIGN (0x4)
                0x200002dc                _erelocate = .

.bss            0x200002dc     0x6eb4 load address 0x0000b664
                0x200002dc                . = ALIGN (0x4)
                0x200002dc                _sbss = .
                0x200002dc                _szero = .
 *(.bss .bss.*)
 .bss           0x200002dc       0x1c c:/program files (x86)/atmel/atmel toolchain/arm gcc/native/4.8.1437/arm-gnu-toolchain/bin/../lib/gcc/arm-none-eabi/4.8.4/armv6-m/crtbegin.o
 .bss.keyboardObj
                0x200002f8      0x340 src/keyboard/keyboard.o
 .bss.cpt_sof.13858
                0x20000638        0x1 src/ASF/common/services/usb/class/composite/device/example2/samd21j18a_samd21_xplained_pro/ui.o
 *fill*         0x20000639        0x3 
 .bss.vmem_data
                0x2000063c     0x6000 src/ASF/common/components/memory/virtual_mem/virtual_mem.o
 .bss.b_vmem_unloaded
                0x2000663c        0x1 src/ASF/common/components/memory/virtual_mem/virtual_mem.o
 *fill*         0x2000663d        0x3 
 .bss.udi_cdc_line_coding
                0x20006640        0x8 src/ASF/common/services/usb/class/cdc/device/udi_cdc.o
 .bss.udi_cdc_serial_state_msg_ongoing
                0x20006648        0x4 src/ASF/common/services/usb/class/cdc/device/udi_cdc.o
 .bss.udi_cdc_state
                0x2000664c        0x4 src/ASF/common/services/usb/class/cdc/device/udi_cdc.o
 .bss.uid_cdc_state_msg
                0x20006650        0xc src/ASF/common/services/usb/class/cdc/device/udi_cdc.o
 .bss.udi_cdc_nb_comm_enabled
                0x2000665c        0x1 src/ASF/common/services/usb/class/cdc/device/udi_cdc.o
 .bss.udi_cdc_nb_data_enabled
                0x2000665d        0x1 src/ASF/common/services/usb/class/cdc/device/udi_cdc.o
 .bss.udi_cdc_data_running
                0x2000665e        0x1 src/ASF/common/services/usb/class/cdc/device/udi_cdc.o
 *fill*         0x2000665f        0x1 
 .bss.udi_cdc_rx_buf
                0x20006660      0x280 src/ASF/common/services/usb/class/cdc/device/udi_cdc.o
 .bss.udi_cdc_rx_buf_nb
                0x200068e0        0x4 src/ASF/common/services/usb/class/cdc/device/udi_cdc.o
 .bss.udi_cdc_rx_buf_sel
                0x200068e4        0x4 src/ASF/common/services/usb/class/cdc/device/udi_cdc.o
 .bss.udi_cdc_rx_pos
                0x200068e8        0x4 src/ASF/common/services/usb/class/cdc/device/udi_cdc.o
 .bss.udi_cdc_rx_trans_ongoing
                0x200068ec        0x4 src/ASF/common/services/usb/class/cdc/device/udi_cdc.o
 .bss.udi_cdc_tx_buf
                0x200068f0      0x280 src/ASF/common/services/usb/class/cdc/device/udi_cdc.o
 .bss.udi_cdc_tx_buf_nb
                0x20006b70        0x4 src/ASF/common/services/usb/class/cdc/device/udi_cdc.o
 .bss.udi_cdc_tx_buf_sel
                0x20006b74        0x4 src/ASF/common/services/usb/class/cdc/device/udi_cdc.o
 .bss.udi_cdc_tx_sof_num
                0x20006b78        0x4 src/ASF/common/services/usb/class/cdc/device/udi_cdc.o
 .bss.udi_cdc_tx_trans_ongoing
                0x20006b7c        0x4 src/ASF/common/services/usb/class/cdc/device/udi_cdc.o
 .bss.udi_cdc_tx_both_buf_to_send
                0x20006b80        0x4 src/ASF/common/services/usb/class/cdc/device/udi_cdc.o
 .bss.port_notify.12346
                0x20006b84        0x1 src/ASF/common/services/usb/class/cdc/device/udi_cdc.o
 *fill*         0x20006b85        0x1 
 .bss.sof_zlp_counter.12416
                0x20006b86        0x2 src/ASF/common/services/usb/class/cdc/device/udi_cdc.o
 .bss.udi_hid_kbd_rate
                0x20006b88        0x4 src/ASF/common/services/usb/class/hid/device/kbd/udi_hid_kbd.o
 .bss.udi_hid_kbd_protocol
                0x20006b8c        0x4 src/ASF/common/services/usb/class/hid/device/kbd/udi_hid_kbd.o
 .bss.udi_hid_kbd_report_set
                0x20006b90        0x4 src/ASF/common/services/usb/class/hid/device/kbd/udi_hid_kbd.o
 .bss.udi_hid_kbd_b_report_valid
                0x20006b94        0x1 src/ASF/common/services/usb/class/hid/device/kbd/udi_hid_kbd.o
 *fill*         0x20006b95        0x3 
 .bss.udi_hid_kbd_report
                0x20006b98        0x8 src/ASF/common/services/usb/class/hid/device/kbd/udi_hid_kbd.o
 .bss.udi_hid_kbd_b_report_trans_ongoing
                0x20006ba0        0x1 src/ASF/common/services/usb/class/hid/device/kbd/udi_hid_kbd.o
 *fill*         0x20006ba1        0x3 
 .bss.udi_hid_kbd_report_trans
                0x20006ba4        0x8 src/ASF/common/services/usb/class/hid/device/kbd/udi_hid_kbd.o
 .bss.udi_hid_mouse_rate
                0x20006bac        0x4 src/ASF/common/services/usb/class/hid/device/mouse/udi_hid_mouse.o
 .bss.udi_hid_mouse_protocol
                0x20006bb0        0x4 src/ASF/common/services/usb/class/hid/device/mouse/udi_hid_mouse.o
 .bss.udi_hid_mouse_b_report_valid
                0x20006bb4        0x1 src/ASF/common/services/usb/class/hid/device/mouse/udi_hid_mouse.o
 *fill*         0x20006bb5        0x3 
 .bss.udi_hid_mouse_report
                0x20006bb8        0x4 src/ASF/common/services/usb/class/hid/device/mouse/udi_hid_mouse.o
 .bss.udi_hid_mouse_report_trans_ongoing
                0x20006bbc        0x1 src/ASF/common/services/usb/class/hid/device/mouse/udi_hid_mouse.o
 *fill*         0x20006bbd        0x3 
 .bss.udi_msc_cbw
                0x20006bc0       0x20 src/ASF/common/services/usb/class/msc/device/udi_msc.o
 .bss.udi_msc_nb_lun
                0x20006be0        0x4 src/ASF/common/services/usb/class/msc/device/udi_msc.o
 .bss.udi_msc_sense
                0x20006be4       0x14 src/ASF/common/services/usb/class/msc/device/udi_msc.o
 .bss.udi_msc_b_cbw_invalid
                0x20006bf8        0x1 src/ASF/common/services/usb/class/msc/device/udi_msc.o
 .bss.udi_msc_b_trans_req
                0x20006bf9        0x1 src/ASF/common/services/usb/class/msc/device/udi_msc.o
 .bss.udi_msc_b_read
                0x20006bfa        0x1 src/ASF/common/services/usb/class/msc/device/udi_msc.o
 *fill*         0x20006bfb        0x1 
 .bss.udi_msc_addr
                0x20006bfc        0x4 src/ASF/common/services/usb/class/msc/device/udi_msc.o
 .bss.udi_msc_nb_block
                0x20006c00        0x2 src/ASF/common/services/usb/class/msc/device/udi_msc.o
 *fill*         0x20006c02        0x2 
 .bss.sense.12661
                0x20006c04       0x14 src/ASF/common/services/usb/class/msc/device/udi_msc.o
 .bss.udi_msc_capacity.12674
                0x20006c18        0x8 src/ASF/common/services/usb/class/msc/device/udi_msc.o
 .bss.udc_device_status
                0x20006c20        0x2 src/ASF/common/services/usb/udc/udc.o
 *fill*         0x20006c22        0x2 
 .bss.udc_iface_setting
                0x20006c24        0x4 src/ASF/common/services/usb/udc/udc.o
 .bss.udc_num_configuration
                0x20006c28        0x4 src/ASF/common/services/usb/udc/udc.o
 .bss.udc_ptr_conf
                0x20006c2c        0x4 src/ASF/common/services/usb/udc/udc.o
 .bss.udc_ptr_iface
                0x20006c30        0x4 src/ASF/common/services/usb/udc/udc.o
 .bss.udc_ep_status.12147
                0x20006c34        0x2 src/ASF/common/services/usb/udc/udc.o
 *fill*         0x20006c36        0x2 
 .bss.cpu_irq_critical_section_counter
                0x20006c38        0x4 src/ASF/common/utils/interrupt/interrupt_sam_nvic.o
 .bss.cpu_irq_prev_interrupt_state
                0x20006c3c        0x1 src/ASF/common/utils/interrupt/interrupt_sam_nvic.o
 *fill*         0x20006c3d        0x3 
 .bss._sercom_config
                0x20006c40        0x4 src/ASF/sam0/drivers/sercom/sercom.o
 .bss._handler_table_initialized
                0x20006c44        0x1 src/ASF/sam0/drivers/sercom/sercom_interrupt.o
 *fill*         0x20006c45        0x3 
 .bss._sercom_interrupt_handlers
                0x20006c48       0x18 src/ASF/sam0/drivers/sercom/sercom_interrupt.o
 .bss._system_clock_inst
                0x20006c60       0x18 src/ASF/sam0/drivers/system/clock/clock_samd21_r21/clock.o
 .bss.udd_ep_control_state
                0x20006c78        0x1 src/ASF/sam0/drivers/usb/stack_interface/usb_device_udd.o
 *fill*         0x20006c79        0x1 
 .bss.udd_ctrl_prev_payload_nb_trans
                0x20006c7a        0x2 src/ASF/sam0/drivers/usb/stack_interface/usb_device_udd.o
 .bss.udd_ctrl_payload_nb_trans
                0x20006c7c        0x2 src/ASF/sam0/drivers/usb/stack_interface/usb_device_udd.o
 *fill*         0x20006c7e        0x2 
 .bss.udd_ep_job
                0x20006c80      0x118 src/ASF/sam0/drivers/usb/stack_interface/usb_device_udd.o
 .bss.udd_state.13269
                0x20006d98        0x1 src/ASF/sam0/drivers/usb/stack_interface/usb_device_udd.o
 .bss.b_shortpacket.13412
                0x20006d99        0x1 src/ASF/sam0/drivers/usb/stack_interface/usb_device_udd.o
 *fill*         0x20006d9a        0x2 
 .bss._usb_instances
                0x20006d9c        0x4 src/ASF/sam0/drivers/usb/usb_sam_d_r/usb.o
 .bss.pipe_callback_para
                0x20006da0        0x8 src/ASF/sam0/drivers/usb/usb_sam_d_r/usb.o
 .bss.device_callback_lpm_wakeup_enable
                0x20006da8        0x4 src/ASF/sam0/drivers/usb/usb_sam_d_r/usb.o
 .bss.ep_callback_para
                0x20006dac        0x8 src/ASF/sam0/drivers/usb/usb_sam_d_r/usb.o
 .bss.host_pipe_job_busy_status
                0x20006db4        0x4 src/ASF/sam0/drivers/usb/usb_sam_d_r/usb.o
                0x20006db4                host_pipe_job_busy_status
 .bss.main_b_keyboard_enable
                0x20006db8        0x1 src/main.o
 .bss.main_b_mouse_enable
                0x20006db9        0x1 src/main.o
 .bss.main_b_msc_enable
                0x20006dba        0x1 src/main.o
 .bss.main_b_cdc_enable
                0x20006dbb        0x1 src/main.o
 .bss.virtual_sof_sub.13598
                0x20006dbc        0x2 src/main.o
 .bss.virtual_sof.13599
                0x20006dbe        0x2 src/main.o
 .bss.tx_data   0x20006dc0        0x1 src/uart_samd.o
 .bss.rx_data   0x20006dc1        0x1 src/uart_samd.o
 *(COMMON)
 *fill*         0x20006dc2        0x2 
 COMMON         0x20006dc4        0x5 src/ASF/common/services/sleepmgr/samd/sleepmgr.o
                0x20006dc4                sleepmgr_locks
 COMMON         0x20006dc9        0x1 src/ASF/common/services/usb/class/msc/device/udi_msc.o
                0x20006dc9                udi_msc_b_abort_trans
 COMMON         0x20006dca        0x1 src/ASF/sam0/drivers/extint/extint_callback.o
                0x20006dca                _current_channel
 *fill*         0x20006dcb        0x1 
 COMMON         0x20006dcc       0x40 src/ASF/sam0/drivers/extint/extint_sam_d_r/extint.o
                0x20006dcc                _extint_dev
 COMMON         0x20006e0c       0x18 src/ASF/sam0/drivers/sercom/sercom_interrupt.o
                0x20006e0c                _sercom_instances
 COMMON         0x20006e24      0x1f8 src/ASF/sam0/drivers/usb/stack_interface/usb_device_udd.o
                0x20006e24                udd_ep_out_cache_buffer
                0x20006e5c                usb_device
                0x20006fc4                udd_g_ctrlreq
                0x20006fdc                udd_ctrl_buffer
 COMMON         0x2000701c      0x100 src/ASF/sam0/drivers/usb/usb_sam_d_r/usb.o
                0x2000701c                usb_descriptor_table
 COMMON         0x2000711c       0x74 src/uart_samd.o
                0x2000711c                usart_conf
                0x2000715c                usart_module_edbg
                0x20007190                . = ALIGN (0x4)
                0x20007190                _ebss = .
                0x20007190                _ezero = .

.stack          0x20007190      0xb00 load address 0x00012518
                0x20007190                . = ALIGN (0x8)
                0x20007190                _sstack = .
                0x20007c90                . = (. + STACK_SIZE)
 *fill*         0x20007190      0xb00 
                0x20007c90                . = ALIGN (0x8)
                0x20007c90                _estack = .
                0x20007c90                . = ALIGN (0x4)
                0x20007c90                _end = .
OUTPUT(SimpleKeyBoard.elf elf32-littlearm)

.ARM.attributes
                0x00000000       0x28
 .ARM.attributes
                0x00000000       0x1e c:/program files (x86)/atmel/atmel toolchain/arm gcc/native/4.8.1437/arm-gnu-toolchain/bin/../lib/gcc/arm-none-eabi/4.8.4/armv6-m/crti.o
 .ARM.attributes
                0x0000001e       0x2c c:/program files (x86)/atmel/atmel toolchain/arm gcc/native/4.8.1437/arm-gnu-toolchain/bin/../lib/gcc/arm-none-eabi/4.8.4/armv6-m/crtbegin.o
 .ARM.attributes
                0x0000004a       0x32 src/ASF/common2/services/delay/sam0/systick_counter.o
 .ARM.attributes
                0x0000007c       0x32 src/keyboard/keyboard.o
 .ARM.attributes
                0x000000ae       0x32 src/ASF/common/services/usb/class/composite/device/example2/samd21j18a_samd21_xplained_pro/ui.o
 .ARM.attributes
                0x000000e0       0x32 src/ASF/common/components/memory/virtual_mem/virtual_mem.o
 .ARM.attributes
                0x00000112       0x32 src/ASF/common/services/sleepmgr/samd/sleepmgr.o
 .ARM.attributes
                0x00000144       0x32 src/ASF/common/services/storage/ctrl_access/ctrl_access.o
 .ARM.attributes
                0x00000176       0x32 src/ASF/common/services/usb/class/cdc/device/udi_cdc.o
 .ARM.attributes
                0x000001a8       0x32 src/ASF/common/services/usb/class/composite/device/udi_composite_desc.o
 .ARM.attributes
                0x000001da       0x32 src/ASF/common/services/usb/class/hid/device/kbd/udi_hid_kbd.o
 .ARM.attributes
                0x0000020c       0x32 src/ASF/common/services/usb/class/hid/device/mouse/udi_hid_mouse.o
 .ARM.attributes
                0x0000023e       0x32 src/ASF/common/services/usb/class/hid/device/udi_hid.o
 .ARM.attributes
                0x00000270       0x32 src/ASF/common/services/usb/class/msc/device/udi_msc.o
 .ARM.attributes
                0x000002a2       0x32 src/ASF/common/services/usb/udc/udc.o
 .ARM.attributes
                0x000002d4       0x32 src/ASF/common/utils/interrupt/interrupt_sam_nvic.o
 .ARM.attributes
                0x00000306       0x32 src/ASF/sam0/boards/samd21_xplained_pro/board_init.o
 .ARM.attributes
                0x00000338       0x32 src/ASF/sam0/drivers/extint/extint_callback.o
 .ARM.attributes
                0x0000036a       0x32 src/ASF/sam0/drivers/extint/extint_sam_d_r/extint.o
 .ARM.attributes
                0x0000039c       0x32 src/ASF/sam0/drivers/port/port.o
 .ARM.attributes
                0x000003ce       0x32 src/ASF/sam0/drivers/sercom/sercom.o
 .ARM.attributes
                0x00000400       0x32 src/ASF/sam0/drivers/sercom/sercom_interrupt.o
 .ARM.attributes
                0x00000432       0x32 src/ASF/sam0/drivers/sercom/usart/usart.o
 .ARM.attributes
                0x00000464       0x32 src/ASF/sam0/drivers/sercom/usart/usart_interrupt.o
 .ARM.attributes
                0x00000496       0x32 src/ASF/sam0/drivers/system/clock/clock_samd21_r21/clock.o
 .ARM.attributes
                0x000004c8       0x32 src/ASF/sam0/drivers/system/clock/clock_samd21_r21/gclk.o
 .ARM.attributes
                0x000004fa       0x32 src/ASF/sam0/drivers/system/pinmux/pinmux.o
 .ARM.attributes
                0x0000052c       0x32 src/ASF/sam0/drivers/system/system.o
 .ARM.attributes
                0x0000055e       0x32 src/ASF/sam0/drivers/usb/stack_interface/usb_device_udd.o
 .ARM.attributes
                0x00000590       0x32 src/ASF/sam0/drivers/usb/usb_sam_d_r/usb.o
 .ARM.attributes
                0x000005c2       0x32 src/ASF/sam0/utils/cmsis/samd21/source/gcc/startup_samd21.o
 .ARM.attributes
                0x000005f4       0x32 src/main.o
 .ARM.attributes
                0x00000626       0x32 src/memories_initialization_samd.o
 .ARM.attributes
                0x00000658       0x32 src/uart_samd.o
 .ARM.attributes
                0x0000068a       0x1e c:/program files (x86)/atmel/atmel toolchain/arm gcc/native/4.8.1437/arm-gnu-toolchain/bin/../lib/gcc/arm-none-eabi/4.8.4/armv6-m\libgcc.a(_udivsi3.o)
 .ARM.attributes
                0x000006a8       0x1e c:/program files (x86)/atmel/atmel toolchain/arm gcc/native/4.8.1437/arm-gnu-toolchain/bin/../lib/gcc/arm-none-eabi/4.8.4/armv6-m\libgcc.a(_divsi3.o)
 .ARM.attributes
                0x000006c6       0x1e c:/program files (x86)/atmel/atmel toolchain/arm gcc/native/4.8.1437/arm-gnu-toolchain/bin/../lib/gcc/arm-none-eabi/4.8.4/armv6-m\libgcc.a(_dvmd_tls.o)
 .ARM.attributes
                0x000006e4       0x1e c:/program files (x86)/atmel/atmel toolchain/arm gcc/native/4.8.1437/arm-gnu-toolchain/bin/../lib/gcc/arm-none-eabi/4.8.4/armv6-m\libgcc.a(_ctzsi2.o)
 .ARM.attributes
                0x00000702       0x2c c:/program files (x86)/atmel/atmel toolchain/arm gcc/native/4.8.1437/arm-gnu-toolchain/bin/../lib/gcc/arm-none-eabi/4.8.4/armv6-m\libgcc.a(_muldi3.o)
 .ARM.attributes
                0x0000072e       0x2c c:/program files (x86)/atmel/atmel toolchain/arm gcc/native/4.8.1437/arm-gnu-toolchain/bin/../lib/gcc/arm-none-eabi/4.8.4/../../../../arm-none-eabi/lib/armv6-m\libc_s.a(lib_a-init.o)
 .ARM.attributes
                0x0000075a       0x2c c:/program files (x86)/atmel/atmel toolchain/arm gcc/native/4.8.1437/arm-gnu-toolchain/bin/../lib/gcc/arm-none-eabi/4.8.4/../../../../arm-none-eabi/lib/armv6-m\libc_s.a(lib_a-memcpy-stub.o)
 .ARM.attributes
                0x00000786       0x2c c:/program files (x86)/atmel/atmel toolchain/arm gcc/native/4.8.1437/arm-gnu-toolchain/bin/../lib/gcc/arm-none-eabi/4.8.4/../../../../arm-none-eabi/lib/armv6-m\libc_s.a(lib_a-memset.o)
 .ARM.attributes
                0x000007b2       0x1e c:/program files (x86)/atmel/atmel toolchain/arm gcc/native/4.8.1437/arm-gnu-toolchain/bin/../lib/gcc/arm-none-eabi/4.8.4/armv6-m/crtn.o

.comment        0x00000000       0x5b
 .comment       0x00000000       0x5b src/ASF/common2/services/delay/sam0/systick_counter.o
                                 0x5c (size before relaxing)
 .comment       0x00000000       0x5c src/keyboard/keyboard.o
 .comment       0x00000000       0x5c src/ASF/common/services/usb/class/composite/device/example2/samd21j18a_samd21_xplained_pro/ui.o
 .comment       0x00000000       0x5c src/ASF/common/components/memory/virtual_mem/virtual_mem.o
 .comment       0x00000000       0x5c src/ASF/common/services/sleepmgr/samd/sleepmgr.o
 .comment       0x00000000       0x5c src/ASF/common/services/storage/ctrl_access/ctrl_access.o