Archive member included because of file (symbol)

c:/program files (x86)/atmel/atmel toolchain/arm gcc/native/4.8.1437/arm-gnu-toolchain/bin/../lib/gcc/arm-none-eabi/4.8.4/armv6-m\libgcc.a(_udivsi3.o)
                              src/ASF/common2/services/delay/sam0/systick_counter.o (__aeabi_uidiv)
c:/program files (x86)/atmel/atmel toolchain/arm gcc/native/4.8.1437/arm-gnu-toolchain/bin/../lib/gcc/arm-none-eabi/4.8.4/armv6-m\libgcc.a(_divsi3.o)
                              src/ASF/sam0/drivers/usb/stack_interface/usb_device_udd.o (__aeabi_idivmod)
c:/program files (x86)/atmel/atmel toolchain/arm gcc/native/4.8.1437/arm-gnu-toolchain/bin/../lib/gcc/arm-none-eabi/4.8.4/armv6-m\libgcc.a(_dvmd_tls.o)
                              c:/program files (x86)/atmel/atmel toolchain/arm gcc/native/4.8.1437/arm-gnu-toolchain/bin/../lib/gcc/arm-none-eabi/4.8.4/armv6-m\libgcc.a(_udivsi3.o) (__aeabi_idiv0)
c:/program files (x86)/atmel/atmel toolchain/arm gcc/native/4.8.1437/arm-gnu-toolchain/bin/../lib/gcc/arm-none-eabi/4.8.4/armv6-m\libgcc.a(_clzsi2.o)
                              src/ASF/sam0/drivers/usb/usb_sam_d_r/usb.o (__clzsi2)
c:/program files (x86)/atmel/atmel toolchain/arm gcc/native/4.8.1437/arm-gnu-toolchain/bin/../lib/gcc/arm-none-eabi/4.8.4/armv6-m\libgcc.a(_ctzsi2.o)
                              src/ASF/sam0/drivers/usb/usb_sam_d_r/usb.o (__ctzsi2)
c:/program files (x86)/atmel/atmel toolchain/arm gcc/native/4.8.1437/arm-gnu-toolchain/bin/../lib/gcc/arm-none-eabi/4.8.4/armv6-m\libgcc.a(_muldi3.o)
                              src/ASF/sam0/drivers/sercom/sercom.o (__aeabi_lmul)
c:/program files (x86)/atmel/atmel toolchain/arm gcc/native/4.8.1437/arm-gnu-toolchain/bin/../lib/gcc/arm-none-eabi/4.8.4/../../../../arm-none-eabi/lib/armv6-m\libc_s.a(lib_a-exit.o)
                              c:/program files (x86)/atmel/atmel toolchain/arm gcc/native/4.8.1437/arm-gnu-toolchain/bin/../lib/gcc/arm-none-eabi/4.8.4/../../../../arm-none-eabi/lib/armv6-m/crt0.o (exit)
c:/program files (x86)/atmel/atmel toolchain/arm gcc/native/4.8.1437/arm-gnu-toolchain/bin/../lib/gcc/arm-none-eabi/4.8.4/../../../../arm-none-eabi/lib/armv6-m\libc_s.a(lib_a-impure.o)
                              c:/program files (x86)/atmel/atmel toolchain/arm gcc/native/4.8.1437/arm-gnu-toolchain/bin/../lib/gcc/arm-none-eabi/4.8.4/../../../../arm-none-eabi/lib/armv6-m\libc_s.a(lib_a-exit.o) (_global_impure_ptr)
c:/program files (x86)/atmel/atmel toolchain/arm gcc/native/4.8.1437/arm-gnu-toolchain/bin/../lib/gcc/arm-none-eabi/4.8.4/../../../../arm-none-eabi/lib/armv6-m\libc_s.a(lib_a-init.o)
                              c:/program files (x86)/atmel/atmel toolchain/arm gcc/native/4.8.1437/arm-gnu-toolchain/bin/../lib/gcc/arm-none-eabi/4.8.4/../../../../arm-none-eabi/lib/armv6-m/crt0.o (__libc_init_array)
c:/program files (x86)/atmel/atmel toolchain/arm gcc/native/4.8.1437/arm-gnu-toolchain/bin/../lib/gcc/arm-none-eabi/4.8.4/../../../../arm-none-eabi/lib/armv6-m\libc_s.a(lib_a-memcpy-stub.o)
                              src/ASF/common/services/usb/class/cdc/device/udi_cdc.o (memcpy)
c:/program files (x86)/atmel/atmel toolchain/arm gcc/native/4.8.1437/arm-gnu-toolchain/bin/../lib/gcc/arm-none-eabi/4.8.4/../../../../arm-none-eabi/lib/armv6-m\libc_s.a(lib_a-memset.o)
                              c:/program files (x86)/atmel/atmel toolchain/arm gcc/native/4.8.1437/arm-gnu-toolchain/bin/../lib/gcc/arm-none-eabi/4.8.4/../../../../arm-none-eabi/lib/armv6-m/crt0.o (memset)
c:/program files (x86)/atmel/atmel toolchain/arm gcc/native/4.8.1437/arm-gnu-toolchain/bin/../lib/gcc/arm-none-eabi/4.8.4/../../../../arm-none-eabi/lib/armv6-m\libc_s.a(lib_a-printf.o)
                              src/ASF/sam0/utils/syscalls/gcc/syscalls.o (printf)
c:/program files (x86)/atmel/atmel toolchain/arm gcc/native/4.8.1437/arm-gnu-toolchain/bin/../lib/gcc/arm-none-eabi/4.8.4/../../../../arm-none-eabi/lib/armv6-m\libc_s.a(lib_a-vfprintf.o)
                              c:/program files (x86)/atmel/atmel toolchain/arm gcc/native/4.8.1437/arm-gnu-toolchain/bin/../lib/gcc/arm-none-eabi/4.8.4/../../../../arm-none-eabi/lib/armv6-m\libc_s.a(lib_a-printf.o) (_vfprintf_r)
c:/program files (x86)/atmel/atmel toolchain/arm gcc/native/4.8.1437/arm-gnu-toolchain/bin/../lib/gcc/arm-none-eabi/4.8.4/../../../../arm-none-eabi/lib/armv6-m\libc_s.a(lib_a-vfprintf_i.o)
                              c:/program files (x86)/atmel/atmel toolchain/arm gcc/native/4.8.1437/arm-gnu-toolchain/bin/../lib/gcc/arm-none-eabi/4.8.4/../../../../arm-none-eabi/lib/armv6-m\libc_s.a(lib_a-vfprintf.o) (_printf_i)
c:/program files (x86)/atmel/atmel toolchain/arm gcc/native/4.8.1437/arm-gnu-toolchain/bin/../lib/gcc/arm-none-eabi/4.8.4/../../../../arm-none-eabi/lib/armv6-m\libc_s.a(lib_a-wbuf.o)
                              c:/program files (x86)/atmel/atmel toolchain/arm gcc/native/4.8.1437/arm-gnu-toolchain/bin/../lib/gcc/arm-none-eabi/4.8.4/../../../../arm-none-eabi/lib/armv6-m\libc_s.a(lib_a-vfprintf.o) (__swbuf_r)
[...]
Memory Configuration

Name             Origin             Length             Attributes
rom              0x00000000         0x00040000         xr
ram              0x20000000         0x00008000         xrw
*default*        0x00000000         0xffffffff

Linker script and memory map

LOAD c:/program files (x86)/atmel/atmel toolchain/arm gcc/native/4.8.1437/arm-gnu-toolchain/bin/../lib/gcc/arm-none-eabi/4.8.4/armv6-m/crti.o
LOAD c:/program files (x86)/atmel/atmel toolchain/arm gcc/native/4.8.1437/arm-gnu-toolchain/bin/../lib/gcc/arm-none-eabi/4.8.4/armv6-m/crtbegin.o
LOAD c:/program files (x86)/atmel/atmel toolchain/arm gcc/native/4.8.1437/arm-gnu-toolchain/bin/../lib/gcc/arm-none-eabi/4.8.4/../../../../arm-none-eabi/lib/armv6-m/crt0.o
LOAD src/ASF/common2/services/delay/sam0/systick_counter.o
LOAD src/ASF/common/services/usb/class/udi_composite_desc.o
LOAD src/ASF/common/services/usb/class/ui.o
LOAD src/keyboard/Key.o
LOAD src/keyboard/keyboard.o
LOAD src/ASF/common/services/sleepmgr/samd/sleepmgr.o
LOAD src/ASF/common/services/usb/class/cdc/device/udi_cdc.o
LOAD src/ASF/common/services/usb/class/hid/device/kbd/udi_hid_kbd.o
LOAD src/ASF/common/services/usb/class/hid/device/mouse/udi_hid_mouse.o
LOAD src/ASF/common/services/usb/class/hid/device/udi_hid.o
LOAD src/ASF/common/services/usb/udc/udc.o
LOAD src/ASF/common/utils/interrupt/interrupt_sam_nvic.o
LOAD src/ASF/sam0/boards/samd21_xplained_pro/board_init.o
LOAD src/ASF/sam0/drivers/extint/extint_callback.o
LOAD src/ASF/sam0/drivers/extint/extint_sam_d_r/extint.o
LOAD src/ASF/sam0/drivers/port/port.o
LOAD src/ASF/sam0/drivers/sercom/sercom.o
LOAD src/ASF/sam0/drivers/sercom/sercom_interrupt.o
LOAD src/ASF/sam0/drivers/sercom/usart/usart.o
LOAD src/ASF/sam0/drivers/sercom/usart/usart_interrupt.o
LOAD src/ASF/sam0/drivers/system/clock/clock_samd21_r21/clock.o
LOAD src/ASF/sam0/drivers/system/clock/clock_samd21_r21/gclk.o
LOAD src/ASF/sam0/drivers/system/interrupt/system_interrupt.o
LOAD src/ASF/sam0/drivers/system/pinmux/pinmux.o
LOAD src/ASF/sam0/drivers/system/system.o
LOAD src/ASF/sam0/drivers/usb/stack_interface/usb_device_udd.o
LOAD src/ASF/sam0/drivers/usb/stack_interface/usb_dual.o
LOAD src/ASF/sam0/drivers/usb/usb_sam_d_r/usb.o
LOAD src/ASF/sam0/utils/cmsis/samd21/source/gcc/startup_samd21.o
LOAD src/ASF/sam0/utils/cmsis/samd21/source/system_samd21.o
LOAD src/ASF/sam0/utils/syscalls/gcc/syscalls.o
LOAD src/keyboard/KeyRow.o
LOAD src/keyboard/salloc.o
LOAD src/main.o
LOAD src/memories_initialization_samd.o
LOAD src/uart_samd.o
START GROUP
LOAD ../src/ASF/thirdparty/CMSIS/Lib/GCC\libarm_cortexM0l_math.a
LOAD c:/program files (x86)/atmel/atmel toolchain/arm gcc/native/4.8.1437/arm-gnu-toolchain/bin/../lib/gcc/arm-none-eabi/4.8.4/../../../../arm-none-eabi/lib/armv6-m\libm.a
END GROUP
                0x00000b00                STACK_SIZE = 0xb00
START GROUP
LOAD c:/program files (x86)/atmel/atmel toolchain/arm gcc/native/4.8.1437/arm-gnu-toolchain/bin/../lib/gcc/arm-none-eabi/4.8.4/armv6-m\libgcc.a
LOAD c:/program files (x86)/atmel/atmel toolchain/arm gcc/native/4.8.1437/arm-gnu-toolchain/bin/../lib/gcc/arm-none-eabi/4.8.4/../../../../arm-none-eabi/lib/armv6-m\libc_s.a
END GROUP
START GROUP
LOAD c:/program files (x86)/atmel/atmel toolchain/arm gcc/native/4.8.1437/arm-gnu-toolchain/bin/../lib/gcc/arm-none-eabi/4.8.4/armv6-m\libgcc.a
LOAD c:/program files (x86)/atmel/atmel toolchain/arm gcc/native/4.8.1437/arm-gnu-toolchain/bin/../lib/gcc/arm-none-eabi/4.8.4/../../../../arm-none-eabi/lib/armv6-m\libc_s.a
END GROUP
LOAD c:/program files (x86)/atmel/atmel toolchain/arm gcc/native/4.8.1437/arm-gnu-toolchain/bin/../lib/gcc/arm-none-eabi/4.8.4/armv6-m/crtend.o
LOAD c:/program files (x86)/atmel/atmel toolchain/arm gcc/native/4.8.1437/arm-gnu-toolchain/bin/../lib/gcc/arm-none-eabi/4.8.4/armv6-m/crtn.o
                0x00002000                STACK_SIZE = DEFINED (STACK_SIZE)?STACK_SIZE:DEFINED (__stack_size__)?__stack_size__:0x2000

.text           0x00000000     0xac5c
                0x00000000                . = ALIGN (0x4)
                0x00000000                _sfixed = .
 *(.vectors .vectors.*)
 .vectors       0x00000000       0xb0 src/ASF/sam0/utils/cmsis/samd21/source/gcc/startup_samd21.o
                0x00000000                exception_table
 *(.text .text.* .gnu.linkonce.t.*)
 .text          0x000000b0       0x60 c:/program files (x86)/atmel/atmel toolchain/arm gcc/native/4.8.1437/arm-gnu-toolchain/bin/../lib/gcc/arm-none-eabi/4.8.4/armv6-m/crtbegin.o
 .text.delay_init
                0x00000110       0x5c src/ASF/common2/services/delay/sam0/systick_counter.o
                0x00000110                delay_init
 .text.system_pinmux_get_group_from_gpio_pin
                0x0000016c       0x60 src/ASF/common/services/usb/class/ui.o
 .text.port_get_group_from_gpio_pin
                0x000001cc       0x24 src/ASF/common/services/usb/class/ui.o
 .text.port_pin_set_output_level
                0x000001f0       0x54 src/ASF/common/services/usb/class/ui.o
 .text.udc_remotewakeup
                0x00000244       0x10 src/ASF/common/services/usb/class/ui.o
 .text.ui_wakeup_handler
                0x00000254       0x1c src/ASF/common/services/usb/class/ui.o
 .text.ui_init  0x00000270       0x78 src/ASF/common/services/usb/class/ui.o
                0x00000270                ui_init
 .text.ui_powerdown
                0x000002e8       0x14 src/ASF/common/services/usb/class/ui.o
                0x000002e8                ui_powerdown
 .text.ui_wakeup_enable
                0x000002fc       0x14 src/ASF/common/services/usb/class/ui.o
                0x000002fc                ui_wakeup_enable
 .text.ui_wakeup_disable
                0x00000310       0x14 src/ASF/common/services/usb/class/ui.o
                0x00000310                ui_wakeup_disable
 .text.ui_wakeup
                0x00000324       0x14 src/ASF/common/services/usb/class/ui.o
                0x00000324                ui_wakeup
 .text.ui_com_open
                0x00000338       0x14 src/ASF/common/services/usb/class/ui.o
                0x00000338                ui_com_open
 .text.ui_com_close
                0x0000034c       0x14 src/ASF/common/services/usb/class/ui.o
                0x0000034c                ui_com_close
 .text.ui_com_rx_start
                0x00000360        0x8 src/ASF/common/services/usb/class/ui.o
                0x00000360                ui_com_rx_start
 .text.ui_com_rx_stop
                0x00000368        0x8 src/ASF/common/services/usb/class/ui.o
                0x00000368                ui_com_rx_stop
 .text.ui_com_tx_start
                0x00000370        0x8 src/ASF/common/services/usb/class/ui.o
                0x00000370                ui_com_tx_start
 .text.ui_com_tx_stop
                0x00000378        0x8 src/ASF/common/services/usb/class/ui.o
                0x00000378                ui_com_tx_stop
 .text.ui_com_overflow
                0x00000380        0x8 src/ASF/common/services/usb/class/ui.o
                0x00000380                ui_com_overflow
 .text.ui_process
                0x00000388       0xe4 src/ASF/common/services/usb/class/ui.o
                0x00000388                ui_process
 .text.ui_kbd_led
                0x0000046c       0x14 src/ASF/common/services/usb/class/ui.o
                0x0000046c                ui_kbd_led
 .text.initStandardKey
                0x00000480       0x40 src/keyboard/Key.o
                0x00000480                initStandardKey
 .text.arch_ioport_pin_to_port_id
                0x000004c0       0x14 src/keyboard/keyboard.o
 .text.arch_ioport_port_to_base
                0x000004d4       0x1c src/keyboard/keyboard.o
 .text.arch_ioport_pin_to_base
                0x000004f0       0x2c src/keyboard/keyboard.o
 .text.arch_ioport_pin_to_mask
                0x0000051c       0x20 src/keyboard/keyboard.o
 .text.arch_ioport_init
                0x0000053c        0x8 src/keyboard/keyboard.o
 .text.arch_ioport_set_port_mode
                0x00000544       0xcc src/keyboard/keyboard.o
 .text.arch_ioport_set_pin_mode
                0x00000610       0x3c src/keyboard/keyboard.o
 .text.arch_ioport_set_pin_dir
                0x0000064c       0x80 src/keyboard/keyboard.o
 .text.arch_ioport_set_pin_level
                0x000006cc       0x54 src/keyboard/keyboard.o
 .text.arch_ioport_get_pin_level
                0x00000720       0x38 src/keyboard/keyboard.o
 .text.ioport_init
                0x00000758       0x10 src/keyboard/keyboard.o
 .text.ioport_set_pin_mode
                0x00000768       0x20 src/keyboard/keyboard.o
 .text.ioport_set_pin_dir
                0x00000788       0x28 src/keyboard/keyboard.o
 .text.ioport_set_pin_level
                0x000007b0       0x28 src/keyboard/keyboard.o
 .text.ioport_get_pin_level
                0x000007d8       0x20 src/keyboard/keyboard.o
 .text.initKeys
                0x000007f8      0xa4c src/keyboard/keyboard.o
                0x000007f8                initKeys
 .text.initLayerManager
                0x00001244       0x68 src/keyboard/keyboard.o
 .text.initKeyBoard
                0x000012ac      0x2c0 src/keyboard/keyboard.o
                0x000012ac                initKeyBoard
 .text.initLayer
                0x0000156c       0x64 src/keyboard/keyboard.o
                0x0000156c                initLayer
 .text.addLayer
                0x000015d0       0x80 src/keyboard/keyboard.o
                0x000015d0                addLayer
 .text.addKey   0x00001650       0x88 src/keyboard/keyboard.o
                0x00001650                addKey
 .text.addKeyToLayer
                0x000016d8       0x3c src/keyboard/keyboard.o
                0x000016d8                addKeyToLayer
 .text.checkKeys
                0x00001714      0x2b8 src/keyboard/keyboard.o
                0x00001714                checkKeys
 .text.handleKeyJustPressed
                0x000019cc      0x120 src/keyboard/keyboard.o
 .text.handleKeyJustReleased
                0x00001aec       0x78 src/keyboard/keyboard.o
 .text.cpu_irq_save
                0x00001b64       0x30 src/ASF/common/services/usb/class/cdc/device/udi_cdc.o
 .text.cpu_irq_is_enabled_flags
                0x00001b94       0x18 src/ASF/common/services/usb/class/cdc/device/udi_cdc.o
 .text.cpu_irq_restore
                0x00001bac       0x30 src/ASF/common/services/usb/class/cdc/device/udi_cdc.o
 .text.udi_cdc_comm_enable
                0x00001bdc      0x18c src/ASF/common/services/usb/class/cdc/device/udi_cdc.o
                0x00001bdc                udi_cdc_comm_enable
 .text.udi_cdc_data_enable
                0x00001d68      0x104 src/ASF/common/services/usb/class/cdc/device/udi_cdc.o
                0x00001d68                udi_cdc_data_enable
 .text.udi_cdc_comm_disable
                0x00001e6c       0x1c src/ASF/common/services/usb/class/cdc/device/udi_cdc.o
                0x00001e6c                udi_cdc_comm_disable
 .text.udi_cdc_data_disable
                0x00001e88       0x40 src/ASF/common/services/usb/class/cdc/device/udi_cdc.o
                0x00001e88                udi_cdc_data_disable
 .text.udi_cdc_comm_setup
                0x00001ec8       0xf0 src/ASF/common/services/usb/class/cdc/device/udi_cdc.o
                0x00001ec8                udi_cdc_comm_setup
 .text.udi_cdc_data_setup
                0x00001fb8        0xc src/ASF/common/services/usb/class/cdc/device/udi_cdc.o
                0x00001fb8                udi_cdc_data_setup
 .text.udi_cdc_getsetting
                0x00001fc4        0xc src/ASF/common/services/usb/class/cdc/device/udi_cdc.o
                0x00001fc4                udi_cdc_getsetting
 .text.udi_cdc_data_sof_notify
                0x00001fd0       0x1c src/ASF/common/services/usb/class/cdc/device/udi_cdc.o
                0x00001fd0                udi_cdc_data_sof_notify
 .text.udi_cdc_setup_to_port
                0x00001fec       0x34 src/ASF/common/services/usb/class/cdc/device/udi_cdc.o
 .text.udi_cdc_line_coding_received
                0x00002020       0x3c src/ASF/common/services/usb/class/cdc/device/udi_cdc.o
 .text.udi_cdc_ctrl_state_change
                0x0000205c       0xc4 src/ASF/common/services/usb/class/cdc/device/udi_cdc.o
 .text.udi_cdc_ctrl_state_notify
                0x00002120       0xcc src/ASF/common/services/usb/class/cdc/device/udi_cdc.o
 .text.udi_cdc_serial_state_msg_sent
                0x000021ec       0xb8 src/ASF/common/services/usb/class/cdc/device/udi_cdc.o
 .text.udi_cdc_rx_start
                0x000022a4      0x158 src/ASF/common/services/usb/class/cdc/device/udi_cdc.o
 .text.udi_cdc_data_received
                0x000023fc       0xe4 src/ASF/common/services/usb/class/cdc/device/udi_cdc.o
 .text.udi_cdc_data_sent
                0x000024e0       0x9c src/ASF/common/services/usb/class/cdc/device/udi_cdc.o
 .text.udi_cdc_tx_send
                0x0000257c      0x250 src/ASF/common/services/usb/class/cdc/device/udi_cdc.o
 .text.udi_cdc_signal_overrun
                0x000027cc       0x18 src/ASF/common/services/usb/class/cdc/device/udi_cdc.o
                0x000027cc                udi_cdc_signal_overrun
 .text.udi_cdc_multi_get_nb_received_data
                0x000027e4       0x80 src/ASF/common/services/usb/class/cdc/device/udi_cdc.o
                0x000027e4                udi_cdc_multi_get_nb_received_data
 .text.udi_cdc_multi_is_rx_ready
                0x00002864       0x2c src/ASF/common/services/usb/class/cdc/device/udi_cdc.o
                0x00002864                udi_cdc_multi_is_rx_ready
 .text.udi_cdc_is_rx_ready
                0x00002890       0x18 src/ASF/common/services/usb/class/cdc/device/udi_cdc.o
                0x00002890                udi_cdc_is_rx_ready
 .text.udi_cdc_multi_getc
                0x000028a8      0x148 src/ASF/common/services/usb/class/cdc/device/udi_cdc.o
                0x000028a8                udi_cdc_multi_getc
 .text.udi_cdc_getc
                0x000029f0       0x18 src/ASF/common/services/usb/class/cdc/device/udi_cdc.o
                0x000029f0                udi_cdc_getc
 .text.udi_cdc_multi_get_free_tx_buffer
                0x00002a08       0xfc src/ASF/common/services/usb/class/cdc/device/udi_cdc.o
                0x00002a08                udi_cdc_multi_get_free_tx_buffer
 .text.udi_cdc_multi_is_tx_ready
                0x00002b04       0x2c src/ASF/common/services/usb/class/cdc/device/udi_cdc.o
                0x00002b04                udi_cdc_multi_is_tx_ready
 .text.udi_cdc_is_tx_ready
                0x00002b30       0x18 src/ASF/common/services/usb/class/cdc/device/udi_cdc.o
                0x00002b30                udi_cdc_is_tx_ready
 .text.udi_cdc_multi_putc
                0x00002b48      0x128 src/ASF/common/services/usb/class/cdc/device/udi_cdc.o
                0x00002b48                udi_cdc_multi_putc
 .text.udi_cdc_putc
                0x00002c70       0x20 src/ASF/common/services/usb/class/cdc/device/udi_cdc.o
                0x00002c70                udi_cdc_putc
 .text.cpu_irq_save
                0x00002c90       0x30 src/ASF/common/services/usb/class/hid/device/kbd/udi_hid_kbd.o
 .text.cpu_irq_is_enabled_flags
                0x00002cc0       0x18 src/ASF/common/services/usb/class/hid/device/kbd/udi_hid_kbd.o
 .text.cpu_irq_restore
                0x00002cd8       0x30 src/ASF/common/services/usb/class/hid/device/kbd/udi_hid_kbd.o
 .text.udi_hid_kbd_enable
                0x00002d08       0x50 src/ASF/common/services/usb/class/hid/device/kbd/udi_hid_kbd.o
                0x00002d08                udi_hid_kbd_enable
 .text.udi_hid_kbd_disable
                0x00002d58       0x10 src/ASF/common/services/usb/class/hid/device/kbd/udi_hid_kbd.o
                0x00002d58                udi_hid_kbd_disable
 .text.udi_hid_kbd_setup
                0x00002d68       0x2c src/ASF/common/services/usb/class/hid/device/kbd/udi_hid_kbd.o
                0x00002d68                udi_hid_kbd_setup
 .text.udi_hid_kbd_getsetting
                0x00002d94        0xc src/ASF/common/services/usb/class/hid/device/kbd/udi_hid_kbd.o
                0x00002d94                udi_hid_kbd_getsetting
 .text.udi_hid_kbd_setreport
                0x00002da0       0x50 src/ASF/common/services/usb/class/hid/device/kbd/udi_hid_kbd.o
 .text.udi_hid_kbd_modifier_up
                0x00002df0       0x58 src/ASF/common/services/usb/class/hid/device/kbd/udi_hid_kbd.o
                0x00002df0                udi_hid_kbd_modifier_up
 .text.udi_hid_kbd_modifier_down
                0x00002e48       0x54 src/ASF/common/services/usb/class/hid/device/kbd/udi_hid_kbd.o
                0x00002e48                udi_hid_kbd_modifier_down
 .text.udi_hid_kbd_up
                0x00002e9c       0xe0 src/ASF/common/services/usb/class/hid/device/kbd/udi_hid_kbd.o
                0x00002e9c                udi_hid_kbd_up
 .text.udi_hid_kbd_down
                0x00002f7c       0xb8 src/ASF/common/services/usb/class/hid/device/kbd/udi_hid_kbd.o
                0x00002f7c                udi_hid_kbd_down
 .text.udi_hid_kbd_send_report
                0x00003034       0x60 src/ASF/common/services/usb/class/hid/device/kbd/udi_hid_kbd.o
 .text.udi_hid_kbd_report_sent
                0x00003094       0x38 src/ASF/common/services/usb/class/hid/device/kbd/udi_hid_kbd.o
 .text.udi_hid_kbd_setreport_valid
                0x000030cc       0x1c src/ASF/common/services/usb/class/hid/device/kbd/udi_hid_kbd.o
 .text.udi_hid_mouse_enable
                0x000030e8       0x50 src/ASF/common/services/usb/class/hid/device/mouse/udi_hid_mouse.o
                0x000030e8                udi_hid_mouse_enable
 .text.udi_hid_mouse_disable
                0x00003138       0x10 src/ASF/common/services/usb/class/hid/device/mouse/udi_hid_mouse.o
                0x00003138                udi_hid_mouse_disable
 .text.udi_hid_mouse_setup
                0x00003148       0x2c src/ASF/common/services/usb/class/hid/device/mouse/udi_hid_mouse.o
                0x00003148                udi_hid_mouse_setup
 .text.udi_hid_mouse_getsetting
                0x00003174        0xc src/ASF/common/services/usb/class/hid/device/mouse/udi_hid_mouse.o
                0x00003174                udi_hid_mouse_getsetting
 .text.udi_hid_mouse_setreport
                0x00003180        0xc src/ASF/common/services/usb/class/hid/device/mouse/udi_hid_mouse.o
 .text.udi_hid_setup
                0x0000318c       0xf0 src/ASF/common/services/usb/class/hid/device/udi_hid.o
                0x0000318c                udi_hid_setup
 .text.udi_hid_reqstdifaceget_descriptor
                0x0000327c       0x9c src/ASF/common/services/usb/class/hid/device/udi_hid.o
 .text.udc_get_string_serial_name
                0x00003318       0x10 src/ASF/common/services/usb/udc/udc.o
 .text.udc_get_interface_desc
                0x00003328       0x14 src/ASF/common/services/usb/udc/udc.o
                0x00003328                udc_get_interface_desc
 .text.udc_get_eof_conf
                0x0000333c       0x28 src/ASF/common/services/usb/udc/udc.o
 .text.udc_next_desc_in_iface
                0x00003364       0x5c src/ASF/common/services/usb/udc/udc.o
 .text.udc_update_iface_desc
                0x000033c0       0xa4 src/ASF/common/services/usb/udc/udc.o
 .text.udc_iface_disable
                0x00003464       0xac src/ASF/common/services/usb/udc/udc.o
 .text.udc_iface_enable
                0x00003510       0xb4 src/ASF/common/services/usb/udc/udc.o
 .text.udc_start
                0x000035c4       0x10 src/ASF/common/services/usb/udc/udc.o
                0x000035c4                udc_start
 .text.udc_reset
                0x000035d4       0x74 src/ASF/common/services/usb/udc/udc.o
                0x000035d4                udc_reset
 .text.udc_sof_notify
                0x00003648       0x68 src/ASF/common/services/usb/udc/udc.o
                0x00003648                udc_sof_notify
 .text.udc_req_std_dev_get_status
                0x000036b0       0x30 src/ASF/common/services/usb/udc/udc.o
 .text.udc_req_std_ep_get_status
                0x000036e0       0x48 src/ASF/common/services/usb/udc/udc.o
 .text.udc_req_std_dev_clear_feature
                0x00003728       0x44 src/ASF/common/services/usb/udc/udc.o
 .text.udc_req_std_ep_clear_feature
                0x0000376c       0x38 src/ASF/common/services/usb/udc/udc.o
 .text.udc_req_std_dev_set_feature
                0x000037a4       0x44 src/ASF/common/services/usb/udc/udc.o
 .text.udc_req_std_ep_set_feature
                0x000037e8       0x48 src/ASF/common/services/usb/udc/udc.o
 .text.udc_valid_address
                0x00003830       0x24 src/ASF/common/services/usb/udc/udc.o
 .text.udc_req_std_dev_set_address
                0x00003854       0x28 src/ASF/common/services/usb/udc/udc.o
 .text.udc_req_std_dev_get_str_desc
                0x0000387c      0x100 src/ASF/common/services/usb/udc/udc.o
 .text.udc_req_std_dev_get_descriptor
                0x0000397c       0xfc src/ASF/common/services/usb/udc/udc.o
 .text.udc_req_std_dev_get_configuration
                0x00003a78       0x30 src/ASF/common/services/usb/udc/udc.o
 .text.udc_req_std_dev_set_configuration
                0x00003aa8       0xd0 src/ASF/common/services/usb/udc/udc.o
 .text.udc_req_std_iface_get_setting
                0x00003b78       0xa4 src/ASF/common/services/usb/udc/udc.o
 .text.udc_req_std_iface_set_setting
                0x00003c1c       0x74 src/ASF/common/services/usb/udc/udc.o
 .text.udc_reqstd
                0x00003c90      0x160 src/ASF/common/services/usb/udc/udc.o
 .text.udc_req_iface
                0x00003df0       0xa0 src/ASF/common/services/usb/udc/udc.o
 .text.udc_req_ep
                0x00003e90       0x9c src/ASF/common/services/usb/udc/udc.o
 .text.udc_process_setup
                0x00003f2c       0x98 src/ASF/common/services/usb/udc/udc.o
                0x00003f2c                udc_process_setup
 .text.cpu_irq_enter_critical
                0x00003fc4       0x50 src/ASF/common/utils/interrupt/interrupt_sam_nvic.o
                0x00003fc4                cpu_irq_enter_critical
 .text.cpu_irq_leave_critical
                0x00004014       0x3c src/ASF/common/utils/interrupt/interrupt_sam_nvic.o
                0x00004014                cpu_irq_leave_critical
 .text.system_pinmux_get_group_from_gpio_pin
                0x00004050       0x60 src/ASF/sam0/boards/samd21_xplained_pro/board_init.o
 .text.port_get_group_from_gpio_pin
                0x000040b0       0x24 src/ASF/sam0/boards/samd21_xplained_pro/board_init.o
 .text.port_get_config_defaults
                0x000040d4       0x20 src/ASF/sam0/boards/samd21_xplained_pro/board_init.o
 .text.port_pin_set_output_level
                0x000040f4       0x54 src/ASF/sam0/boards/samd21_xplained_pro/board_init.o
 .text.system_board_init
                0x00004148       0x50 src/ASF/sam0/boards/samd21_xplained_pro/board_init.o
                0x00004148                board_init
                0x00004148                system_board_init
 .text._extint_get_eic_from_channel
                0x00004198       0x48 src/ASF/sam0/drivers/extint/extint_callback.o
 .text.extint_chan_is_detected
                0x000041e0       0x48 src/ASF/sam0/drivers/extint/extint_callback.o
 .text.extint_chan_clear_detected
                0x00004228       0x3c src/ASF/sam0/drivers/extint/extint_callback.o
 .text.extint_register_callback
                0x00004264       0x5c src/ASF/sam0/drivers/extint/extint_callback.o
                0x00004264                extint_register_callback
 .text.extint_chan_enable_callback
                0x000042c0       0x48 src/ASF/sam0/drivers/extint/extint_callback.o
                0x000042c0                extint_chan_enable_callback
 .text.extint_chan_disable_callback
                0x00004308       0x48 src/ASF/sam0/drivers/extint/extint_callback.o
                0x00004308                extint_chan_disable_callback
 .text.EIC_Handler
                0x00004350       0x6c src/ASF/sam0/drivers/extint/extint_callback.o
                0x00004350                EIC_Handler
 .text.system_gclk_chan_get_config_defaults
                0x000043bc       0x14 src/ASF/sam0/drivers/extint/extint_sam_d_r/extint.o
 .text.system_apb_clock_set_mask
                0x000043d0       0x5c src/ASF/sam0/drivers/extint/extint_sam_d_r/extint.o
 .text.system_pinmux_get_config_defaults
                0x0000442c       0x28 src/ASF/sam0/drivers/extint/extint_sam_d_r/extint.o
 .text.system_interrupt_enable
                0x00004454       0x2c src/ASF/sam0/drivers/extint/extint_sam_d_r/extint.o
 .text._extint_get_eic_from_channel
                0x00004480       0x48 src/ASF/sam0/drivers/extint/extint_sam_d_r/extint.o
 .text.extint_is_syncing
                0x000044c8       0x48 src/ASF/sam0/drivers/extint/extint_sam_d_r/extint.o
 .text._system_extint_init
                0x00004510       0xdc src/ASF/sam0/drivers/extint/extint_sam_d_r/extint.o
                0x00004510                _system_extint_init
 .text._extint_enable
                0x000045ec       0x60 src/ASF/sam0/drivers/extint/extint_sam_d_r/extint.o
 .text.extint_chan_get_config_defaults
                0x0000464c       0x34 src/ASF/sam0/drivers/extint/extint_sam_d_r/extint.o
                0x0000464c                extint_chan_get_config_defaults
 .text.extint_chan_set_config
                0x00004680      0x100 src/ASF/sam0/drivers/extint/extint_sam_d_r/extint.o
                0x00004680                extint_chan_set_config
 .text.system_pinmux_get_config_defaults
                0x00004780       0x28 src/ASF/sam0/drivers/port/port.o
 .text.port_pin_set_config
                0x000047a8       0x5c src/ASF/sam0/drivers/port/port.o
                0x000047a8                port_pin_set_config
 .text.system_gclk_chan_get_config_defaults
                0x00004804       0x14 src/ASF/sam0/drivers/sercom/sercom.o
 .text.long_division
                0x00004818       0xf0 src/ASF/sam0/drivers/sercom/sercom.o
 .text._sercom_get_sync_baud_val
                0x00004908       0x7c src/ASF/sam0/drivers/sercom/sercom.o
                0x00004908                _sercom_get_sync_baud_val
 *fill*         0x00004984        0x4 
 .text._sercom_get_async_baud_val
                0x00004988      0x1c8 src/ASF/sam0/drivers/sercom/sercom.o
                0x00004988                _sercom_get_async_baud_val
 .text.sercom_set_gclk_generator
                0x00004b50       0x8c src/ASF/sam0/drivers/sercom/sercom.o
                0x00004b50                sercom_set_gclk_generator
 .text._sercom_get_default_pad
                0x00004bdc      0x1bc src/ASF/sam0/drivers/sercom/sercom.o
                0x00004bdc                _sercom_get_default_pad
 .text._sercom_get_sercom_inst_index
                0x00004d98       0x4c src/ASF/sam0/drivers/sercom/sercom.o
                0x00004d98                _sercom_get_sercom_inst_index
 .text._sercom_default_handler
                0x00004de4       0x14 src/ASF/sam0/drivers/sercom/sercom_interrupt.o
 .text._sercom_set_handler
                0x00004df8       0x6c src/ASF/sam0/drivers/sercom/sercom_interrupt.o
                0x00004df8                _sercom_set_handler
 .text._sercom_get_interrupt_vector
                0x00004e64       0x54 src/ASF/sam0/drivers/sercom/sercom_interrupt.o
                0x00004e64                _sercom_get_interrupt_vector
 .text.SERCOM0_Handler
                0x00004eb8       0x14 src/ASF/sam0/drivers/sercom/sercom_interrupt.o
                0x00004eb8                SERCOM0_Handler
 .text.SERCOM1_Handler
                0x00004ecc       0x14 src/ASF/sam0/drivers/sercom/sercom_interrupt.o
                0x00004ecc                SERCOM1_Handler
 .text.SERCOM2_Handler
                0x00004ee0       0x14 src/ASF/sam0/drivers/sercom/sercom_interrupt.o
                0x00004ee0                SERCOM2_Handler
 .text.SERCOM3_Handler
                0x00004ef4       0x14 src/ASF/sam0/drivers/sercom/sercom_interrupt.o
                0x00004ef4                SERCOM3_Handler
 .text.SERCOM4_Handler
                0x00004f08       0x14 src/ASF/sam0/drivers/sercom/sercom_interrupt.o
                0x00004f08                SERCOM4_Handler
 .text.SERCOM5_Handler
                0x00004f1c       0x14 src/ASF/sam0/drivers/sercom/sercom_interrupt.o
                0x00004f1c                SERCOM5_Handler
 .text.system_gclk_chan_get_config_defaults
                0x00004f30       0x14 src/ASF/sam0/drivers/sercom/usart/usart.o
 .text.system_apb_clock_set_mask
                0x00004f44       0x5c src/ASF/sam0/drivers/sercom/usart/usart.o
 .text.system_pinmux_get_config_defaults
                0x00004fa0       0x28 src/ASF/sam0/drivers/sercom/usart/usart.o
 .text.system_is_debugger_present
                0x00004fc8       0x20 src/ASF/sam0/drivers/sercom/usart/usart.o
 .text.usart_is_syncing
                0x00004fe8       0x20 src/ASF/sam0/drivers/sercom/usart/usart.o
 .text._usart_wait_for_sync
                0x00005008       0x24 src/ASF/sam0/drivers/sercom/usart/usart.o
 .text._usart_set_config
                0x0000502c      0x2e4 src/ASF/sam0/drivers/sercom/usart/usart.o
 .text.usart_init
                0x00005310      0x274 src/ASF/sam0/drivers/sercom/usart/usart.o
                0x00005310                usart_init
 .text.system_interrupt_enter_critical_section
                0x00005584       0x10 src/ASF/sam0/drivers/sercom/usart/usart_interrupt.o
 .text.system_interrupt_leave_critical_section
                0x00005594       0x10 src/ASF/sam0/drivers/sercom/usart/usart_interrupt.o
 .text.usart_is_syncing
                0x000055a4       0x20 src/ASF/sam0/drivers/sercom/usart/usart_interrupt.o
 .text._usart_wait_for_sync
                0x000055c4       0x24 src/ASF/sam0/drivers/sercom/usart/usart_interrupt.o
 .text._usart_write_buffer
                0x000055e8       0x5c src/ASF/sam0/drivers/sercom/usart/usart_interrupt.o
                0x000055e8                _usart_write_buffer
 .text._usart_read_buffer
                0x00005644       0x78 src/ASF/sam0/drivers/sercom/usart/usart_interrupt.o
                0x00005644                _usart_read_buffer
 .text.usart_register_callback
                0x000056bc       0x48 src/ASF/sam0/drivers/sercom/usart/usart_interrupt.o
                0x000056bc                usart_register_callback
 .text.usart_write_buffer_job
                0x00005704       0x4c src/ASF/sam0/drivers/sercom/usart/usart_interrupt.o
                0x00005704                usart_write_buffer_job
 .text.usart_read_buffer_job
                0x00005750       0x4c src/ASF/sam0/drivers/sercom/usart/usart_interrupt.o
                0x00005750                usart_read_buffer_job
 .text._usart_interrupt_handler
                0x0000579c      0x374 src/ASF/sam0/drivers/sercom/usart/usart_interrupt.o
                0x0000579c                _usart_interrupt_handler
 .text.system_gclk_gen_get_config_defaults
                0x00005b10       0x2c src/ASF/sam0/drivers/system/clock/clock_samd21_r21/clock.o
 .text.system_clock_source_osc8m_get_config_defaults
                0x00005b3c       0x20 src/ASF/sam0/drivers/system/clock/clock_samd21_r21/clock.o
 .text.system_clock_source_dfll_get_config_defaults
                0x00005b5c       0x50 src/ASF/sam0/drivers/system/clock/clock_samd21_r21/clock.o
 .text.system_cpu_clock_set_divider
                0x00005bac       0x20 src/ASF/sam0/drivers/system/clock/clock_samd21_r21/clock.o
 .text.system_apb_clock_set_divider
                0x00005bcc       0x54 src/ASF/sam0/drivers/system/clock/clock_samd21_r21/clock.o
 .text.system_flash_set_waitstates
                0x00005c20       0x34 src/ASF/sam0/drivers/system/clock/clock_samd21_r21/clock.o
 .text._system_dfll_wait_for_sync
                0x00005c54       0x18 src/ASF/sam0/drivers/system/clock/clock_samd21_r21/clock.o
 .text._system_clock_source_dfll_set_config_errata_9905
                0x00005c6c       0x44 src/ASF/sam0/drivers/system/clock/clock_samd21_r21/clock.o
 .text.system_clock_source_get_hz
                0x00005cb0       0xc4 src/ASF/sam0/drivers/system/clock/clock_samd21_r21/clock.o
                0x00005cb0                system_clock_source_get_hz
 .text.system_clock_source_osc8m_set_config
                0x00005d74       0x68 src/ASF/sam0/drivers/system/clock/clock_samd21_r21/clock.o
                0x00005d74                system_clock_source_osc8m_set_config
 .text.system_clock_source_dfll_set_config
                0x00005ddc       0xb0 src/ASF/sam0/drivers/system/clock/clock_samd21_r21/clock.o
                0x00005ddc                system_clock_source_dfll_set_config
 .text.system_clock_source_enable
                0x00005e8c       0xac src/ASF/sam0/drivers/system/clock/clock_samd21_r21/clock.o
                0x00005e8c                system_clock_source_enable
 .text.system_clock_source_is_ready
                0x00005f38       0x84 src/ASF/sam0/drivers/system/clock/clock_samd21_r21/clock.o
                0x00005f38                system_clock_source_is_ready
 .text._switch_peripheral_gclk
                0x00005fbc       0x38 src/ASF/sam0/drivers/system/clock/clock_samd21_r21/clock.o
 .text.system_clock_init
                0x00005ff4      0x1c0 src/ASF/sam0/drivers/system/clock/clock_samd21_r21/clock.o
                0x00005ff4                system_clock_init
 .text.system_apb_clock_set_mask
                0x000061b4       0x5c src/ASF/sam0/drivers/system/clock/clock_samd21_r21/gclk.o
 .text.system_interrupt_enter_critical_section
                0x00006210       0x10 src/ASF/sam0/drivers/system/clock/clock_samd21_r21/gclk.o
 .text.system_interrupt_leave_critical_section
                0x00006220       0x10 src/ASF/sam0/drivers/system/clock/clock_samd21_r21/gclk.o
 .text.system_gclk_is_syncing
                0x00006230       0x24 src/ASF/sam0/drivers/system/clock/clock_samd21_r21/gclk.o
 .text.system_gclk_init
                0x00006254       0x30 src/ASF/sam0/drivers/system/clock/clock_samd21_r21/gclk.o
                0x00006254                system_gclk_init
 .text.system_gclk_gen_set_config
                0x00006284      0x128 src/ASF/sam0/drivers/system/clock/clock_samd21_r21/gclk.o
                0x00006284                system_gclk_gen_set_config
 .text.system_gclk_gen_enable
                0x000063ac       0x5c src/ASF/sam0/drivers/system/clock/clock_samd21_r21/gclk.o
                0x000063ac                system_gclk_gen_enable
 .text.system_gclk_gen_get_hz
                0x00006408       0xec src/ASF/sam0/drivers/system/clock/clock_samd21_r21/gclk.o
                0x00006408                system_gclk_gen_get_hz
 .text.system_gclk_chan_set_config
                0x000064f4       0x40 src/ASF/sam0/drivers/system/clock/clock_samd21_r21/gclk.o
                0x000064f4                system_gclk_chan_set_config
 .text.system_gclk_chan_enable
                0x00006534       0x44 src/ASF/sam0/drivers/system/clock/clock_samd21_r21/gclk.o
                0x00006534                system_gclk_chan_enable
 .text.system_gclk_chan_disable
                0x00006578       0x98 src/ASF/sam0/drivers/system/clock/clock_samd21_r21/gclk.o
                0x00006578                system_gclk_chan_disable
 .text.system_gclk_chan_get_hz
                0x00006610       0x5c src/ASF/sam0/drivers/system/clock/clock_samd21_r21/gclk.o
                0x00006610                system_gclk_chan_get_hz
 .text.system_pinmux_get_group_from_gpio_pin
                0x0000666c       0x60 src/ASF/sam0/drivers/system/pinmux/pinmux.o
 .text._system_pinmux_config
                0x000066cc      0x10c src/ASF/sam0/drivers/system/pinmux/pinmux.o
 .text.system_pinmux_pin_set_config
                0x000067d8       0x4c src/ASF/sam0/drivers/system/pinmux/pinmux.o
                0x000067d8                system_pinmux_pin_set_config
 .text._system_dummy_init
                0x00006824        0xc src/ASF/sam0/drivers/system/system.o
                0x00006824                _system_dummy_init
                0x00006824                _system_events_init
 .text.system_init
                0x00006830       0x28 src/ASF/sam0/drivers/system/system.o
                0x00006830                system_init
 .text.cpu_irq_save
                0x00006858       0x30 src/ASF/sam0/drivers/usb/stack_interface/usb_device_udd.o
 .text.cpu_irq_is_enabled_flags
                0x00006888       0x18 src/ASF/sam0/drivers/usb/stack_interface/usb_device_udd.o
 .text.cpu_irq_restore
                0x000068a0       0x30 src/ASF/sam0/drivers/usb/stack_interface/usb_device_udd.o
 .text.system_pinmux_get_group_from_gpio_pin
                0x000068d0       0x60 src/ASF/sam0/drivers/usb/stack_interface/usb_device_udd.o
 .text.usb_get_state_machine_status
                0x00006930       0x18 src/ASF/sam0/drivers/usb/stack_interface/usb_device_udd.o
 .text.usb_device_attach
                0x00006948       0x24 src/ASF/sam0/drivers/usb/stack_interface/usb_device_udd.o
 .text.usb_device_detach
                0x0000696c       0x24 src/ASF/sam0/drivers/usb/stack_interface/usb_device_udd.o
 .text.usb_device_get_address
                0x00006990       0x1c src/ASF/sam0/drivers/usb/stack_interface/usb_device_udd.o
 .text.usb_device_set_address
                0x000069ac       0x28 src/ASF/sam0/drivers/usb/stack_interface/usb_device_udd.o
 .text.usb_device_get_frame_number
                0x000069d4       0x20 src/ASF/sam0/drivers/usb/stack_interface/usb_device_udd.o
 .text.usb_device_get_micro_frame_number
                0x000069f4       0x18 src/ASF/sam0/drivers/usb/stack_interface/usb_device_udd.o
 .text.usb_device_send_remote_wake_up
                0x00006a0c       0x24 src/ASF/sam0/drivers/usb/stack_interface/usb_device_udd.o
 .text.usb_device_set_lpm_mode
                0x00006a30       0x38 src/ASF/sam0/drivers/usb/stack_interface/usb_device_udd.o
 .text.port_get_group_from_gpio_pin
                0x00006a68       0x24 src/ASF/sam0/drivers/usb/stack_interface/usb_device_udd.o
 .text.port_pin_get_input_level
                0x00006a8c       0x48 src/ASF/sam0/drivers/usb/stack_interface/usb_device_udd.o
 .text.sleepmgr_lock_mode
                0x00006ad4       0x4c src/ASF/sam0/drivers/usb/stack_interface/usb_device_udd.o
 .text.sleepmgr_unlock_mode
                0x00006b20       0x4c src/ASF/sam0/drivers/usb/stack_interface/usb_device_udd.o
 .text.udd_wait_clock_ready
                0x00006b6c       0x38 src/ASF/sam0/drivers/usb/stack_interface/usb_device_udd.o
 .text.udd_sleep_mode
                0x00006ba4       0x80 src/ASF/sam0/drivers/usb/stack_interface/usb_device_udd.o
 .text.udd_ep_get_job
                0x00006c24       0x3c src/ASF/sam0/drivers/usb/stack_interface/usb_device_udd.o
 .text.udd_ep_trans_in_next
                0x00006c60      0x18c src/ASF/sam0/drivers/usb/stack_interface/usb_device_udd.o
 .text.udd_ep_trans_out_next
                0x00006dec      0x1dc src/ASF/sam0/drivers/usb/stack_interface/usb_device_udd.o
 .text.udd_ep_transfer_process
                0x00006fc8       0x44 src/ASF/sam0/drivers/usb/stack_interface/usb_device_udd.o
 .text.udd_ep_abort
                0x0000700c       0x70 src/ASF/sam0/drivers/usb/stack_interface/usb_device_udd.o
                0x0000700c                udd_ep_abort
 .text.udd_is_high_speed
                0x0000707c        0xc src/ASF/sam0/drivers/usb/stack_interface/usb_device_udd.o
                0x0000707c                udd_is_high_speed
 .text.udd_get_frame_number
                0x00007088       0x1c src/ASF/sam0/drivers/usb/stack_interface/usb_device_udd.o
                0x00007088                udd_get_frame_number
 .text.udd_get_micro_frame_number
                0x000070a4       0x1c src/ASF/sam0/drivers/usb/stack_interface/usb_device_udd.o
                0x000070a4                udd_get_micro_frame_number
 .text.udd_ep_free
                0x000070c0       0x90 src/ASF/sam0/drivers/usb/stack_interface/usb_device_udd.o
                0x000070c0                udd_ep_free
 .text.udd_ep_alloc
                0x00007150      0x1a4 src/ASF/sam0/drivers/usb/stack_interface/usb_device_udd.o
                0x00007150                udd_ep_alloc
 .text.udd_ep_is_halted
                0x000072f4       0x2c src/ASF/sam0/drivers/usb/stack_interface/usb_device_udd.o
                0x000072f4                udd_ep_is_halted
 .text.udd_ep_set_halt
                0x00007320       0x58 src/ASF/sam0/drivers/usb/stack_interface/usb_device_udd.o
                0x00007320                udd_ep_set_halt
 .text.udd_ep_clear_halt
                0x00007378       0x78 src/ASF/sam0/drivers/usb/stack_interface/usb_device_udd.o
                0x00007378                udd_ep_clear_halt
 .text.udd_ctrl_stall_data
                0x000073f0       0x34 src/ASF/sam0/drivers/usb/stack_interface/usb_device_udd.o
 .text.udd_ep_run
                0x00007424      0x2e0 src/ASF/sam0/drivers/usb/stack_interface/usb_device_udd.o
                0x00007424                udd_ep_run
 .text.udd_set_address
                0x00007704       0x28 src/ASF/sam0/drivers/usb/stack_interface/usb_device_udd.o
                0x00007704                udd_set_address
 .text.udd_getaddress
                0x0000772c       0x1c src/ASF/sam0/drivers/usb/stack_interface/usb_device_udd.o
                0x0000772c                udd_getaddress
 .text.udd_send_remotewakeup
                0x00007748       0x50 src/ASF/sam0/drivers/usb/stack_interface/usb_device_udd.o
                0x00007748                udd_send_remotewakeup
 .text.udd_set_setup_payload
                0x00007798       0x28 src/ASF/sam0/drivers/usb/stack_interface/usb_device_udd.o
                0x00007798                udd_set_setup_payload
 .text.udd_ctrl_fetch_ram
                0x000077c0       0x5c src/ASF/sam0/drivers/usb/stack_interface/usb_device_udd.o
 .text.udd_ctrl_send_zlp_in
                0x0000781c       0x44 src/ASF/sam0/drivers/usb/stack_interface/usb_device_udd.o
 .text.udd_ctrl_in_sent
                0x00007860       0xec src/ASF/sam0/drivers/usb/stack_interface/usb_device_udd.o
 .text.udd_ctrl_out_received
                0x0000794c      0x158 src/ASF/sam0/drivers/usb/stack_interface/usb_device_udd.o
 .text._usb_ep0_on_setup
                0x00007aa4       0xec src/ASF/sam0/drivers/usb/stack_interface/usb_device_udd.o
 .text.udd_ctrl_underflow
                0x00007b90       0x48 src/ASF/sam0/drivers/usb/stack_interface/usb_device_udd.o
 .text.udd_ctrl_overflow
                0x00007bd8       0x44 src/ASF/sam0/drivers/usb/stack_interface/usb_device_udd.o
 .text._usb_ep0_on_tansfer_fail
                0x00007c1c       0x3c src/ASF/sam0/drivers/usb/stack_interface/usb_device_udd.o
 .text._usb_ep0_on_tansfer_ok
                0x00007c58       0x54 src/ASF/sam0/drivers/usb/stack_interface/usb_device_udd.o
 .text.udd_ctrl_ep_enable
                0x00007cac       0xc4 src/ASF/sam0/drivers/usb/stack_interface/usb_device_udd.o
 .text._usb_on_suspend
                0x00007d70       0x44 src/ASF/sam0/drivers/usb/stack_interface/usb_device_udd.o
 .text._usb_device_lpm_suspend
                0x00007db4       0x48 src/ASF/sam0/drivers/usb/stack_interface/usb_device_udd.o
 .text._usb_on_sof_notify
                0x00007dfc       0x20 src/ASF/sam0/drivers/usb/stack_interface/usb_device_udd.o
 .text._usb_on_bus_reset
                0x00007e1c       0x34 src/ASF/sam0/drivers/usb/stack_interface/usb_device_udd.o
 .text._usb_on_wakeup
                0x00007e50       0x6c src/ASF/sam0/drivers/usb/stack_interface/usb_device_udd.o
 .text.udd_detach
                0x00007ebc       0x24 src/ASF/sam0/drivers/usb/stack_interface/usb_device_udd.o
                0x00007ebc                udd_detach
 .text.udd_attach
                0x00007ee0       0xb8 src/ASF/sam0/drivers/usb/stack_interface/usb_device_udd.o
                0x00007ee0                udd_attach
 .text._uhd_vbus_handler
                0x00007f98       0x44 src/ASF/sam0/drivers/usb/stack_interface/usb_device_udd.o
 .text._usb_vbus_config
                0x00007fdc       0x70 src/ASF/sam0/drivers/usb/stack_interface/usb_device_udd.o
 .text.udd_enable
                0x0000804c       0x90 src/ASF/sam0/drivers/usb/stack_interface/usb_device_udd.o
                0x0000804c                udd_enable
 .text.system_gclk_chan_get_config_defaults
                0x000080dc       0x14 src/ASF/sam0/drivers/usb/usb_sam_d_r/usb.o
 .text.system_apb_clock_set_mask
                0x000080f0       0x5c src/ASF/sam0/drivers/usb/usb_sam_d_r/usb.o
 .text.system_pinmux_get_config_defaults
                0x0000814c       0x28 src/ASF/sam0/drivers/usb/usb_sam_d_r/usb.o
 .text.system_interrupt_enable
                0x00008174       0x2c src/ASF/sam0/drivers/usb/usb_sam_d_r/usb.o
 .text._usb_host_interrupt_handler
                0x000081a0      0x4d4 src/ASF/sam0/drivers/usb/usb_sam_d_r/usb.o
 .text.usb_device_register_callback
                0x00008674       0x50 src/ASF/sam0/drivers/usb/usb_sam_d_r/usb.o
                0x00008674                usb_device_register_callback
 .text.usb_device_enable_callback
                0x000086c4       0x5c src/ASF/sam0/drivers/usb/usb_sam_d_r/usb.o
                0x000086c4                usb_device_enable_callback
 .text.usb_device_disable_callback
                0x00008720       0x54 src/ASF/sam0/drivers/usb/usb_sam_d_r/usb.o
                0x00008720                usb_device_disable_callback
 .text.usb_device_endpoint_register_callback
                0x00008774       0x74 src/ASF/sam0/drivers/usb/usb_sam_d_r/usb.o
                0x00008774                usb_device_endpoint_register_callback
 .text.usb_device_endpoint_unregister_callback
                0x000087e8       0x6c src/ASF/sam0/drivers/usb/usb_sam_d_r/usb.o
                0x000087e8                usb_device_endpoint_unregister_callback
 .text.usb_device_endpoint_enable_callback
                0x00008854      0x190 src/ASF/sam0/drivers/usb/usb_sam_d_r/usb.o
                0x00008854                usb_device_endpoint_enable_callback
 .text.usb_device_endpoint_disable_callback
                0x000089e4      0x19c src/ASF/sam0/drivers/usb/usb_sam_d_r/usb.o
                0x000089e4                usb_device_endpoint_disable_callback
 .text.usb_device_endpoint_get_config_defaults
                0x00008b80       0x28 src/ASF/sam0/drivers/usb/usb_sam_d_r/usb.o
                0x00008b80                usb_device_endpoint_get_config_defaults
 .text.usb_device_endpoint_set_config
                0x00008ba8      0x4d4 src/ASF/sam0/drivers/usb/usb_sam_d_r/usb.o
                0x00008ba8                usb_device_endpoint_set_config
 .text.usb_device_endpoint_abort_job
                0x0000907c       0x80 src/ASF/sam0/drivers/usb/usb_sam_d_r/usb.o
                0x0000907c                usb_device_endpoint_abort_job
 .text.usb_device_endpoint_is_halted
                0x000090fc       0x70 src/ASF/sam0/drivers/usb/usb_sam_d_r/usb.o
                0x000090fc                usb_device_endpoint_is_halted
 .text.usb_device_endpoint_set_halt
                0x0000916c       0x58 src/ASF/sam0/drivers/usb/usb_sam_d_r/usb.o
                0x0000916c                usb_device_endpoint_set_halt
 .text.usb_device_endpoint_clear_halt
                0x000091c4      0x118 src/ASF/sam0/drivers/usb/usb_sam_d_r/usb.o
                0x000091c4                usb_device_endpoint_clear_halt
 .text.usb_device_endpoint_write_buffer_job
                0x000092dc       0xb8 src/ASF/sam0/drivers/usb/usb_sam_d_r/usb.o
                0x000092dc                usb_device_endpoint_write_buffer_job
 .text.usb_device_endpoint_read_buffer_job
                0x00009394       0xac src/ASF/sam0/drivers/usb/usb_sam_d_r/usb.o
                0x00009394                usb_device_endpoint_read_buffer_job
 .text.usb_device_endpoint_setup_buffer_job
                0x00009440       0x48 src/ASF/sam0/drivers/usb/usb_sam_d_r/usb.o
                0x00009440                usb_device_endpoint_setup_buffer_job
 .text._usb_device_interrupt_handler
                0x00009488      0x558 src/ASF/sam0/drivers/usb/usb_sam_d_r/usb.o
 .text.usb_enable
                0x000099e0       0x30 src/ASF/sam0/drivers/usb/usb_sam_d_r/usb.o
                0x000099e0                usb_enable
 .text.USB_Handler
                0x00009a10       0x30 src/ASF/sam0/drivers/usb/usb_sam_d_r/usb.o
                0x00009a10                USB_Handler
 .text.usb_get_config_defaults
                0x00009a40       0x28 src/ASF/sam0/drivers/usb/usb_sam_d_r/usb.o
                0x00009a40                usb_get_config_defaults
 .text.usb_init
                0x00009a68      0x338 src/ASF/sam0/drivers/usb/usb_sam_d_r/usb.o
                0x00009a68                usb_init
 .text.Reset_Handler
                0x00009da0       0xf0 src/ASF/sam0/utils/cmsis/samd21/source/gcc/startup_samd21.o
                0x00009da0                Reset_Handler
 .text.Dummy_Handler
                0x00009e90        0x8 src/ASF/sam0/utils/cmsis/samd21/source/gcc/startup_samd21.o
                0x00009e90                DMAC_Handler
                0x00009e90                HardFault_Handler
                0x00009e90                AC_Handler
                0x00009e90                SysTick_Handler
                0x00009e90                PendSV_Handler
                0x00009e90                NMI_Handler
                0x00009e90                TC7_Handler
                0x00009e90                ADC_Handler
                0x00009e90                TCC1_Handler
                0x00009e90                TCC0_Handler
                0x00009e90                RTC_Handler
                0x00009e90                TC6_Handler
                0x00009e90                WDT_Handler
                0x00009e90                TC4_Handler
                0x00009e90                TC3_Handler
                0x00009e90                Dummy_Handler
                0x00009e90                PM_Handler
                0x00009e90                SVC_Handler
                0x00009e90                TCC2_Handler
                0x00009e90                EVSYS_Handler
                0x00009e90                I2S_Handler
                0x00009e90                NVMCTRL_Handler
                0x00009e90                DAC_Handler
                0x00009e90                PTC_Handler
                0x00009e90                TC5_Handler
                0x00009e90                SYSCTRL_Handler
 .text.initSalloc
                0x00009e98       0x20 src/keyboard/salloc.o
                0x00009e98                initSalloc
 .text.salloc   0x00009eb8       0x44 src/keyboard/salloc.o
                0x00009eb8                salloc
 .text.system_set_sleepmode
                0x00009efc       0x68 src/main.o
 .text.system_sleep
                0x00009f64       0x10 src/main.o
 .text.sleepmgr_sleep
                0x00009f74       0x48 src/main.o
 .text.sleepmgr_get_sleep_mode
                0x00009fbc       0x3c src/main.o
 .text.sleepmgr_enter_sleep
                0x00009ff8       0x50 src/main.o
 .text.main     0x0000a048       0x9c src/main.o
                0x0000a048                main
 .text.main_suspend_action
                0x0000a0e4       0x10 src/main.o
                0x0000a0e4                main_suspend_action
 .text.main_resume_action
                0x0000a0f4       0x10 src/main.o
                0x0000a0f4                main_resume_action
 .text.main_sof_action
                0x0000a104       0x70 src/main.o
                0x0000a104                main_sof_action
 .text.main_remotewakeup_enable
                0x0000a174       0x10 src/main.o
                0x0000a174                main_remotewakeup_enable
 .text.main_remotewakeup_disable
                0x0000a184       0x10 src/main.o
                0x0000a184                main_remotewakeup_disable
 .text.main_extra_string
                0x0000a194      0x100 src/main.o
                0x0000a194                main_extra_string
 .text.main_mouse_enable
                0x0000a294       0x18 src/main.o
                0x0000a294                main_mouse_enable
 .text.main_mouse_disable
                0x0000a2ac       0x14 src/main.o
                0x0000a2ac                main_mouse_disable
 .text.main_keyboard_enable
                0x0000a2c0       0x18 src/main.o
                0x0000a2c0                main_keyboard_enable
 .text.main_keyboard_disable
                0x0000a2d8       0x14 src/main.o
                0x0000a2d8                main_keyboard_disable
 .text.main_cdc_enable
                0x0000a2ec       0x30 src/main.o
                0x0000a2ec                main_cdc_enable
 .text.main_cdc_disable
                0x0000a31c       0x2c src/main.o
                0x0000a31c                main_cdc_disable
 .text.main_cdc_set_dtr
                0x0000a348       0x40 src/main.o
                0x0000a348                main_cdc_set_dtr
 .text.memories_initialization
                0x0000a388        0x8 src/memories_initialization_samd.o
                0x0000a388                memories_initialization
 .text.system_interrupt_enable
                0x0000a390       0x2c src/uart_samd.o
 .text.system_interrupt_disable
                0x0000a3bc       0x30 src/uart_samd.o
 .text.usart_is_syncing
                0x0000a3ec       0x20 src/uart_samd.o
 .text._usart_wait_for_sync
                0x0000a40c       0x24 src/uart_samd.o
 .text.usart_get_config_defaults
                0x0000a430       0xbc src/uart_samd.o
 .text.usart_enable
                0x0000a4ec       0x48 src/uart_samd.o
 .text.usart_disable
                0x0000a534       0x4c src/uart_samd.o
 .text.usart_enable_callback
                0x0000a580       0x38 src/uart_samd.o
 .text.usart_disable_callback
                0x0000a5b8       0x3c src/uart_samd.o
 .text.usart_tx_callback
                0x0000a5f4       0x68 src/uart_samd.o
 .text.usart_rx_callback
                0x0000a65c       0x70 src/uart_samd.o
 .text.uart_rx_notify
                0x0000a6cc       0x54 src/uart_samd.o
                0x0000a6cc                uart_rx_notify
 .text.uart_config
                0x0000a720      0x190 src/uart_samd.o
                0x0000a720                uart_config
 .text.uart_open
                0x0000a8b0       0x24 src/uart_samd.o
                0x0000a8b0                uart_open
 .text.uart_close
                0x0000a8d4       0x24 src/uart_samd.o
                0x0000a8d4                uart_close
 .text          0x0000a8f8       0x9c c:/program files (x86)/atmel/atmel toolchain/arm gcc/native/4.8.1437/arm-gnu-toolchain/bin/../lib/gcc/arm-none-eabi/4.8.4/armv6-m\libgcc.a(_udivsi3.o)
                0x0000a8f8                __aeabi_uidiv
                0x0000a8f8                __udivsi3
                0x0000a980                __aeabi_uidivmod
 .text          0x0000a994       0xc0 c:/program files (x86)/atmel/atmel toolchain/arm gcc/native/4.8.1437/arm-gnu-toolchain/bin/../lib/gcc/arm-none-eabi/4.8.4/armv6-m\libgcc.a(_divsi3.o)
                0x0000a994                __divsi3
                0x0000a994                __aeabi_idiv
                0x0000aa40                __aeabi_idivmod
 .text          0x0000aa54        0x4 c:/program files (x86)/atmel/atmel toolchain/arm gcc/native/4.8.1437/arm-gnu-toolchain/bin/../lib/gcc/arm-none-eabi/4.8.4/armv6-m\libgcc.a(_dvmd_tls.o)
                0x0000aa54                __aeabi_idiv0
                0x0000aa54                __aeabi_ldiv0
 .text          0x0000aa58       0x40 c:/program files (x86)/atmel/atmel toolchain/arm gcc/native/4.8.1437/arm-gnu-toolchain/bin/../lib/gcc/arm-none-eabi/4.8.4/armv6-m\libgcc.a(_ctzsi2.o)
                0x0000aa58                __ctzsi2
 .text          0x0000aa98       0x44 c:/program files (x86)/atmel/atmel toolchain/arm gcc/native/4.8.1437/arm-gnu-toolchain/bin/../lib/gcc/arm-none-eabi/4.8.4/armv6-m\libgcc.a(_muldi3.o)
                0x0000aa98                __muldi3
                0x0000aa98                __aeabi_lmul
 .text.__libc_init_array
                0x0000aadc       0x4c c:/program files (x86)/atmel/atmel toolchain/arm gcc/native/4.8.1437/arm-gnu-toolchain/bin/../lib/gcc/arm-none-eabi/4.8.4/../../../../arm-none-eabi/lib/armv6-m\libc_s.a(lib_a-init.o)
                0x0000aadc                __libc_init_array
 .text.memcpy   0x0000ab28       0x12 c:/program files (x86)/atmel/atmel toolchain/arm gcc/native/4.8.1437/arm-gnu-toolchain/bin/../lib/gcc/arm-none-eabi/4.8.4/../../../../arm-none-eabi/lib/armv6-m\libc_s.a(lib_a-memcpy-stub.o)
                0x0000ab28                memcpy
 .text.memset   0x0000ab3a       0x10 c:/program files (x86)/atmel/atmel toolchain/arm gcc/native/4.8.1437/arm-gnu-toolchain/bin/../lib/gcc/arm-none-eabi/4.8.4/../../../../arm-none-eabi/lib/armv6-m\libc_s.a(lib_a-memset.o)
                0x0000ab3a                memset
 *(.glue_7t)
 .glue_7t       0x00000000        0x0 linker stubs
 *(.glue_7)
 .glue_7        0x00000000        0x0 linker stubs
 *(.rodata .rodata* .gnu.linkonce.r.*)
 *fill*         0x0000ab4a        0x2 
 .rodata        0x0000ab4c       0x10 src/ASF/common/services/usb/udc/udc.o
 .rodata.udc_reqstd
                0x0000ab5c       0x28 src/ASF/common/services/usb/udc/udc.o
 .rodata        0x0000ab84       0x18 src/ASF/sam0/drivers/sercom/sercom.o
 .rodata        0x0000ab9c        0x8 src/ASF/sam0/drivers/sercom/sercom_interrupt.o
 .rodata.system_clock_source_get_hz
                0x0000aba4       0x24 src/ASF/sam0/drivers/system/clock/clock_samd21_r21/clock.o
 .rodata.system_clock_source_enable
                0x0000abc8       0x24 src/ASF/sam0/drivers/system/clock/clock_samd21_r21/clock.o
 .rodata.system_clock_source_is_ready
                0x0000abec       0x24 src/ASF/sam0/drivers/system/clock/clock_samd21_r21/clock.o
 .rodata        0x0000ac10        0x4 src/ASF/sam0/drivers/usb/stack_interface/usb_device_udd.o
 .rodata._usb_device_irq_bits
                0x0000ac14       0x10 src/ASF/sam0/drivers/usb/usb_sam_d_r/usb.o
 .rodata._usb_endpoint_irq_bits
                0x0000ac24        0x4 src/ASF/sam0/drivers/usb/usb_sam_d_r/usb.o
 .rodata.usb_device_endpoint_set_config
                0x0000ac28       0x14 src/ASF/sam0/drivers/usb/usb_sam_d_r/usb.o
 *(.ARM.extab* .gnu.linkonce.armextab.*)
                0x0000ac3c                . = ALIGN (0x4)
 *(.init)
 .init          0x0000ac3c        0x4 c:/program files (x86)/atmel/atmel toolchain/arm gcc/native/4.8.1437/arm-gnu-toolchain/bin/../lib/gcc/arm-none-eabi/4.8.4/armv6-m/crti.o
                0x0000ac3c                _init
 .init          0x0000ac40        0x8 c:/program files (x86)/atmel/atmel toolchain/arm gcc/native/4.8.1437/arm-gnu-toolchain/bin/../lib/gcc/arm-none-eabi/4.8.4/armv6-m/crtn.o
                0x0000ac48                . = ALIGN (0x4)
                0x0000ac48                __preinit_array_start = .
 *(.preinit_array)
                0x0000ac48                __preinit_array_end = .
                0x0000ac48                . = ALIGN (0x4)
                0x0000ac48                __init_array_start = .
 *(SORT(.init_array.*))
 *(.init_array)
 .init_array    0x0000ac48        0x4 c:/program files (x86)/atmel/atmel toolchain/arm gcc/native/4.8.1437/arm-gnu-toolchain/bin/../lib/gcc/arm-none-eabi/4.8.4/armv6-m/crtbegin.o
                0x0000ac4c                __init_array_end = .
                0x0000ac4c                . = ALIGN (0x4)
 *crtbegin.o(.ctors)
 *(EXCLUDE_FILE(*crtend.o) .ctors)
 *(SORT(.ctors.*))
 *crtend.o(.ctors)
                0x0000ac4c                . = ALIGN (0x4)
 *(.fini)
 .fini          0x0000ac4c        0x4 c:/program files (x86)/atmel/atmel toolchain/arm gcc/native/4.8.1437/arm-gnu-toolchain/bin/../lib/gcc/arm-none-eabi/4.8.4/armv6-m/crti.o
                0x0000ac4c                _fini
 .fini          0x0000ac50        0x8 c:/program files (x86)/atmel/atmel toolchain/arm gcc/native/4.8.1437/arm-gnu-toolchain/bin/../lib/gcc/arm-none-eabi/4.8.4/armv6-m/crtn.o
                0x0000ac58                . = ALIGN (0x4)
                0x0000ac58                __fini_array_start = .
 *(.fini_array)
 .fini_array    0x0000ac58        0x4 c:/program files (x86)/atmel/atmel toolchain/arm gcc/native/4.8.1437/arm-gnu-toolchain/bin/../lib/gcc/arm-none-eabi/4.8.4/armv6-m/crtbegin.o
 *(SORT(.fini_array.*))
                0x0000ac5c                __fini_array_end = .
 *crtbegin.o(.dtors)
 *(EXCLUDE_FILE(*crtend.o) .dtors)
 *(SORT(.dtors.*))
 *crtend.o(.dtors)
                0x0000ac5c                . = ALIGN (0x4)
                0x0000ac5c                _efixed = .
                0x0000ac5c                PROVIDE (__exidx_start, .)

.vfp11_veneer   0x0000ac5c        0x0
 .vfp11_veneer  0x00000000        0x0 linker stubs

.v4_bx          0x0000ac5c        0x0
 .v4_bx         0x00000000        0x0 linker stubs

.iplt           0x0000ac5c        0x0
 .iplt          0x00000000        0x0 c:/program files (x86)/atmel/atmel toolchain/arm gcc/native/4.8.1437/arm-gnu-toolchain/bin/../lib/gcc/arm-none-eabi/4.8.4/armv6-m/crtbegin.o

.eh_frame       0x0000ac5c        0x0
 .eh_frame      0x0000ac5c        0x0 c:/program files (x86)/atmel/atmel toolchain/arm gcc/native/4.8.1437/arm-gnu-toolchain/bin/../lib/gcc/arm-none-eabi/4.8.4/armv6-m/crtbegin.o

.rel.dyn        0x0000ac5c        0x0
 .rel.iplt      0x00000000        0x0 c:/program files (x86)/atmel/atmel toolchain/arm gcc/native/4.8.1437/arm-gnu-toolchain/bin/../lib/gcc/arm-none-eabi/4.8.4/armv6-m/crtbegin.o

.jcr            0x0000ac5c        0x0
 .jcr           0x0000ac5c        0x0 c:/program files (x86)/atmel/atmel toolchain/arm gcc/native/4.8.1437/arm-gnu-toolchain/bin/../lib/gcc/arm-none-eabi/4.8.4/armv6-m/crtbegin.o

.igot.plt       0x0000ac5c        0x0
 .igot.plt      0x00000000        0x0 c:/program files (x86)/atmel/atmel toolchain/arm gcc/native/4.8.1437/arm-gnu-toolchain/bin/../lib/gcc/arm-none-eabi/4.8.4/armv6-m/crtbegin.o

.ARM.exidx
 *(.ARM.exidx* .gnu.linkonce.armexidx.*)
                0x0000ac5c                PROVIDE (__exidx_end, .)
                0x0000ac5c                . = ALIGN (0x4)
                0x0000ac5c                _etext = .

.relocate       0x20000000      0x2d4 load address 0x0000ac5c
                0x20000000                . = ALIGN (0x4)
                0x20000000                _srelocate = .
 *(.ramfunc .ramfunc.*)
 *(.data .data.*)
 .data.cycles_per_ms
                0x20000000        0x4 src/ASF/common2/services/delay/sam0/systick_counter.o
 .data.cycles_per_us
                0x20000004        0x4 src/ASF/common2/services/delay/sam0/systick_counter.o
 .data.udc_device_desc
                0x20000008       0x14 src/ASF/common/services/usb/class/udi_composite_desc.o
                0x20000008                udc_device_desc
 .data.udc_desc_fs
                0x2000001c       0x80 src/ASF/common/services/usb/class/udi_composite_desc.o
                0x2000001c                udc_desc_fs
 .data.udi_apis
                0x2000009c       0x14 src/ASF/common/services/usb/class/udi_composite_desc.o
                0x2000009c                udi_apis
 .data.udc_config_lsfs
                0x200000b0        0x8 src/ASF/common/services/usb/class/udi_composite_desc.o
                0x200000b0                udc_config_lsfs
 .data.udc_config
                0x200000b8        0xc src/ASF/common/services/usb/class/udi_composite_desc.o
                0x200000b8                udc_config
 .data.keyIdMapping
                0x200000c4       0x2c src/keyboard/keyboard.o
 .data.keyIdMappingRight
                0x200000f0       0x2c src/keyboard/keyboard.o
 .data.udi_api_cdc_comm
                0x2000011c       0x14 src/ASF/common/services/usb/class/cdc/device/udi_cdc.o
                0x2000011c                udi_api_cdc_comm
 .data.udi_api_cdc_data
                0x20000130       0x14 src/ASF/common/services/usb/class/cdc/device/udi_cdc.o
                0x20000130                udi_api_cdc_data
 .data.udi_api_hid_kbd
                0x20000144       0x14 src/ASF/common/services/usb/class/hid/device/kbd/udi_hid_kbd.o
                0x20000144                udi_api_hid_kbd
 .data.udi_hid_kbd_report_desc
                0x20000158       0x3c src/ASF/common/services/usb/class/hid/device/kbd/udi_hid_kbd.o
                0x20000158                udi_hid_kbd_report_desc
 .data.udi_api_hid_mouse
                0x20000194       0x14 src/ASF/common/services/usb/class/hid/device/mouse/udi_hid_mouse.o
                0x20000194                udi_api_hid_mouse
 .data.udi_hid_mouse_report_desc
                0x200001a8       0x34 src/ASF/common/services/usb/class/hid/device/mouse/udi_hid_mouse.o
                0x200001a8                udi_hid_mouse_report_desc
 .data.udc_string_desc_languageid
                0x200001dc        0x4 src/ASF/common/services/usb/udc/udc.o
 .data.udc_string_manufacturer_name
                0x200001e0        0xc src/ASF/common/services/usb/udc/udc.o
 .data.udc_string_product_name
                0x200001ec       0x24 src/ASF/common/services/usb/udc/udc.o
 .data.udc_string_desc
                0x20000210       0x44 src/ASF/common/services/usb/udc/udc.o
 .data.g_interrupt_enabled
                0x20000254        0x1 src/ASF/common/utils/interrupt/interrupt_sam_nvic.o
                0x20000254                g_interrupt_enabled
 *fill*         0x20000255        0x3 
 .data.udi_cdc_name.13537
                0x20000258       0x10 src/main.o
 .data.udi_msc_name.13538
                0x20000268       0x10 src/main.o
 .data.udi_hid_mouse_name.13539
                0x20000278       0x14 src/main.o
 .data.udi_hid_kbd_name.13540
                0x2000028c       0x18 src/main.o
 .data.extra_strings_desc.13544
                0x200002a4       0x30 src/main.o
                0x200002d4                . = ALIGN (0x4)
                0x200002d4                _erelocate = .

.bss            0x200002d4     0x39d4 load address 0x0000af30
                0x200002d4                . = ALIGN (0x4)
                0x200002d4                _sbss = .
                0x200002d4                _szero = .
 *(.bss .bss.*)
 .bss           0x200002d4       0x1c c:/program files (x86)/atmel/atmel toolchain/arm gcc/native/4.8.1437/arm-gnu-toolchain/bin/../lib/gcc/arm-none-eabi/4.8.4/armv6-m/crtbegin.o
 .bss.cpt_sof.13857
                0x200002f0        0x1 src/ASF/common/services/usb/class/ui.o
 *fill*         0x200002f1        0x3 
 .bss.keyboardObj
                0x200002f4      0x340 src/keyboard/keyboard.o
 .bss.rightKeyboardObj
                0x20000634      0x340 src/keyboard/keyboard.o
 .bss.boardLayerManager
                0x20000974       0x40 src/keyboard/keyboard.o
 .bss.keySendCounter.13721
                0x200009b4        0x1 src/keyboard/keyboard.o
 *fill*         0x200009b5        0x3 
 .bss.udi_cdc_line_coding
                0x200009b8        0x8 src/ASF/common/services/usb/class/cdc/device/udi_cdc.o
 .bss.udi_cdc_serial_state_msg_ongoing
                0x200009c0        0x4 src/ASF/common/services/usb/class/cdc/device/udi_cdc.o
 .bss.udi_cdc_state
                0x200009c4        0x4 src/ASF/common/services/usb/class/cdc/device/udi_cdc.o
 .bss.uid_cdc_state_msg
                0x200009c8        0xc src/ASF/common/services/usb/class/cdc/device/udi_cdc.o
 .bss.udi_cdc_nb_comm_enabled
                0x200009d4        0x1 src/ASF/common/services/usb/class/cdc/device/udi_cdc.o
 .bss.udi_cdc_nb_data_enabled
                0x200009d5        0x1 src/ASF/common/services/usb/class/cdc/device/udi_cdc.o
 .bss.udi_cdc_data_running
                0x200009d6        0x1 src/ASF/common/services/usb/class/cdc/device/udi_cdc.o
 *fill*         0x200009d7        0x1 
 .bss.udi_cdc_rx_buf
                0x200009d8      0x280 src/ASF/common/services/usb/class/cdc/device/udi_cdc.o
 .bss.udi_cdc_rx_buf_nb
                0x20000c58        0x4 src/ASF/common/services/usb/class/cdc/device/udi_cdc.o
 .bss.udi_cdc_rx_buf_sel
                0x20000c5c        0x4 src/ASF/common/services/usb/class/cdc/device/udi_cdc.o
 .bss.udi_cdc_rx_pos
                0x20000c60        0x4 src/ASF/common/services/usb/class/cdc/device/udi_cdc.o
 .bss.udi_cdc_rx_trans_ongoing
                0x20000c64        0x4 src/ASF/common/services/usb/class/cdc/device/udi_cdc.o
 .bss.udi_cdc_tx_buf
                0x20000c68      0x280 src/ASF/common/services/usb/class/cdc/device/udi_cdc.o
 .bss.udi_cdc_tx_buf_nb
                0x20000ee8        0x4 src/ASF/common/services/usb/class/cdc/device/udi_cdc.o
 .bss.udi_cdc_tx_buf_sel
                0x20000eec        0x4 src/ASF/common/services/usb/class/cdc/device/udi_cdc.o
 .bss.udi_cdc_tx_sof_num
                0x20000ef0        0x4 src/ASF/common/services/usb/class/cdc/device/udi_cdc.o
 .bss.udi_cdc_tx_trans_ongoing
                0x20000ef4        0x4 src/ASF/common/services/usb/class/cdc/device/udi_cdc.o
 .bss.udi_cdc_tx_both_buf_to_send
                0x20000ef8        0x4 src/ASF/common/services/usb/class/cdc/device/udi_cdc.o
 .bss.port_notify.12314
                0x20000efc        0x1 src/ASF/common/services/usb/class/cdc/device/udi_cdc.o
 *fill*         0x20000efd        0x1 
 .bss.sof_zlp_counter.12384
                0x20000efe        0x2 src/ASF/common/services/usb/class/cdc/device/udi_cdc.o
 .bss.udi_hid_kbd_rate
                0x20000f00        0x4 src/ASF/common/services/usb/class/hid/device/kbd/udi_hid_kbd.o
 .bss.udi_hid_kbd_protocol
                0x20000f04        0x4 src/ASF/common/services/usb/class/hid/device/kbd/udi_hid_kbd.o
 .bss.udi_hid_kbd_report_set
                0x20000f08        0x4 src/ASF/common/services/usb/class/hid/device/kbd/udi_hid_kbd.o
 .bss.udi_hid_kbd_b_report_valid
                0x20000f0c        0x1 src/ASF/common/services/usb/class/hid/device/kbd/udi_hid_kbd.o
 *fill*         0x20000f0d        0x3 
 .bss.udi_hid_kbd_report
                0x20000f10        0x8 src/ASF/common/services/usb/class/hid/device/kbd/udi_hid_kbd.o
 .bss.udi_hid_kbd_b_report_trans_ongoing
                0x20000f18        0x1 src/ASF/common/services/usb/class/hid/device/kbd/udi_hid_kbd.o
 *fill*         0x20000f19        0x3 
 .bss.udi_hid_kbd_report_trans
                0x20000f1c        0x8 src/ASF/common/services/usb/class/hid/device/kbd/udi_hid_kbd.o
 .bss.udi_hid_mouse_rate
                0x20000f24        0x4 src/ASF/common/services/usb/class/hid/device/mouse/udi_hid_mouse.o
 .bss.udi_hid_mouse_protocol
                0x20000f28        0x4 src/ASF/common/services/usb/class/hid/device/mouse/udi_hid_mouse.o
 .bss.udi_hid_mouse_b_report_valid
                0x20000f2c        0x1 src/ASF/common/services/usb/class/hid/device/mouse/udi_hid_mouse.o
 *fill*         0x20000f2d        0x3 
 .bss.udi_hid_mouse_report
                0x20000f30        0x4 src/ASF/common/services/usb/class/hid/device/mouse/udi_hid_mouse.o
 .bss.udi_hid_mouse_report_trans_ongoing
                0x20000f34        0x1 src/ASF/common/services/usb/class/hid/device/mouse/udi_hid_mouse.o
 *fill*         0x20000f35        0x1 
 .bss.udc_device_status
                0x20000f36        0x2 src/ASF/common/services/usb/udc/udc.o
 .bss.udc_iface_setting
                0x20000f38        0x4 src/ASF/common/services/usb/udc/udc.o
 .bss.udc_num_configuration
                0x20000f3c        0x4 src/ASF/common/services/usb/udc/udc.o
 .bss.udc_ptr_conf
                0x20000f40        0x4 src/ASF/common/services/usb/udc/udc.o
 .bss.udc_ptr_iface
                0x20000f44        0x4 src/ASF/common/services/usb/udc/udc.o
 .bss.udc_ep_status.12115
                0x20000f48        0x2 src/ASF/common/services/usb/udc/udc.o
 *fill*         0x20000f4a        0x2 
 .bss.cpu_irq_critical_section_counter
                0x20000f4c        0x4 src/ASF/common/utils/interrupt/interrupt_sam_nvic.o
 .bss.cpu_irq_prev_interrupt_state
                0x20000f50        0x1 src/ASF/common/utils/interrupt/interrupt_sam_nvic.o
 *fill*         0x20000f51        0x3 
 .bss._sercom_config
                0x20000f54        0x4 src/ASF/sam0/drivers/sercom/sercom.o
 .bss._handler_table_initialized
                0x20000f58        0x1 src/ASF/sam0/drivers/sercom/sercom_interrupt.o
 *fill*         0x20000f59        0x3 
 .bss._sercom_interrupt_handlers
                0x20000f5c       0x18 src/ASF/sam0/drivers/sercom/sercom_interrupt.o
 .bss._system_clock_inst
                0x20000f74       0x18 src/ASF/sam0/drivers/system/clock/clock_samd21_r21/clock.o
 .bss.udd_ep_control_state
                0x20000f8c        0x1 src/ASF/sam0/drivers/usb/stack_interface/usb_device_udd.o
 *fill*         0x20000f8d        0x1 
 .bss.udd_ctrl_prev_payload_nb_trans
                0x20000f8e        0x2 src/ASF/sam0/drivers/usb/stack_interface/usb_device_udd.o
 .bss.udd_ctrl_payload_nb_trans
                0x20000f90        0x2 src/ASF/sam0/drivers/usb/stack_interface/usb_device_udd.o
 *fill*         0x20000f92        0x2 
 .bss.udd_ep_job
                0x20000f94      0x118 src/ASF/sam0/drivers/usb/stack_interface/usb_device_udd.o
 .bss.udd_state.13237
                0x200010ac        0x1 src/ASF/sam0/drivers/usb/stack_interface/usb_device_udd.o
 .bss.b_shortpacket.13380
                0x200010ad        0x1 src/ASF/sam0/drivers/usb/stack_interface/usb_device_udd.o
 *fill*         0x200010ae        0x2 
 .bss._usb_instances
                0x200010b0        0x4 src/ASF/sam0/drivers/usb/usb_sam_d_r/usb.o
 .bss.pipe_callback_para
                0x200010b4        0x8 src/ASF/sam0/drivers/usb/usb_sam_d_r/usb.o
 .bss.device_callback_lpm_wakeup_enable
                0x200010bc        0x4 src/ASF/sam0/drivers/usb/usb_sam_d_r/usb.o
 .bss.ep_callback_para
                0x200010c0        0x8 src/ASF/sam0/drivers/usb/usb_sam_d_r/usb.o
 .bss.host_pipe_job_busy_status
                0x200010c8        0x4 src/ASF/sam0/drivers/usb/usb_sam_d_r/usb.o
                0x200010c8                host_pipe_job_busy_status
 .bss.runTimeMemory
                0x200010cc     0x2800 src/keyboard/salloc.o
 .bss.timeMemoryLength
                0x200038cc        0x4 src/keyboard/salloc.o
 .bss.main_b_keyboard_enable
                0x200038d0        0x1 src/main.o
 .bss.main_b_mouse_enable
                0x200038d1        0x1 src/main.o
 .bss.main_b_msc_enable
                0x200038d2        0x1 src/main.o
 .bss.main_b_cdc_enable
                0x200038d3        0x1 src/main.o
 .bss.virtual_sof_sub.13516
                0x200038d4        0x2 src/main.o
 .bss.virtual_sof.13517
                0x200038d6        0x2 src/main.o
 .bss.tx_data   0x200038d8        0x1 src/uart_samd.o
 .bss.rx_data   0x200038d9        0x1 src/uart_samd.o
 *(COMMON)
 *fill*         0x200038da        0x2 
 COMMON         0x200038dc        0x5 src/ASF/common/services/sleepmgr/samd/sleepmgr.o
                0x200038dc                sleepmgr_locks
 COMMON         0x200038e1        0x1 src/ASF/sam0/drivers/extint/extint_callback.o
                0x200038e1                _current_channel
 *fill*         0x200038e2        0x2 
 COMMON         0x200038e4       0x40 src/ASF/sam0/drivers/extint/extint_sam_d_r/extint.o
                0x200038e4                _extint_dev
 COMMON         0x20003924       0x18 src/ASF/sam0/drivers/sercom/sercom_interrupt.o
                0x20003924                _sercom_instances
 COMMON         0x2000393c      0x1f8 src/ASF/sam0/drivers/usb/stack_interface/usb_device_udd.o
                0x2000393c                udd_ep_out_cache_buffer
                0x20003974                usb_device
                0x20003adc                udd_g_ctrlreq
                0x20003af4                udd_ctrl_buffer
 COMMON         0x20003b34      0x100 src/ASF/sam0/drivers/usb/usb_sam_d_r/usb.o
                0x20003b34                usb_descriptor_table
 COMMON         0x20003c34       0x74 src/uart_samd.o
                0x20003c34                usart_conf
                0x20003c74                usart_module_edbg
                0x20003ca8                . = ALIGN (0x4)
                0x20003ca8                _ebss = .
                0x20003ca8                _ezero = .

.stack          0x20003ca8      0xb00 load address 0x0000e904
                0x20003ca8                . = ALIGN (0x8)
                0x20003ca8                _sstack = .
                0x200047a8                . = (. + STACK_SIZE)
 *fill*         0x20003ca8      0xb00 
                0x200047a8                . = ALIGN (0x8)
                0x200047a8                _estack = .
                0x200047a8                . = ALIGN (0x4)
                0x200047a8                _end = .
OUTPUT(SimpleKeyBoard.elf elf32-littlearm)

.ARM.attributes
                0x00000000       0x28
 .ARM.attributes
                0x00000000       0x1e c:/program files (x86)/atmel/atmel toolchain/arm gcc/native/4.8.1437/arm-gnu-toolchain/bin/../lib/gcc/arm-none-eabi/4.8.4/armv6-m/crti.o
 .ARM.attributes
                0x0000001e       0x2c c:/program files (x86)/atmel/atmel toolchain/arm gcc/native/4.8.1437/arm-gnu-toolchain/bin/../lib/gcc/arm-none-eabi/4.8.4/armv6-m/crtbegin.o
 .ARM.attributes
                0x0000004a       0x32 src/ASF/common2/services/delay/sam0/systick_counter.o
 .ARM.attributes
                0x0000007c       0x32 src/ASF/common/services/usb/class/udi_composite_desc.o
 .ARM.attributes
                0x000000ae       0x32 src/ASF/common/services/usb/class/ui.o
 .ARM.attributes
                0x000000e0       0x32 src/keyboard/Key.o
 .ARM.attributes
                0x00000112       0x32 src/keyboard/keyboard.o
 .ARM.attributes
                0x00000144       0x32 src/ASF/common/services/sleepmgr/samd/sleepmgr.o
 .ARM.attributes
                0x00000176       0x32 src/ASF/common/services/usb/class/cdc/device/udi_cdc.o
 .ARM.attributes
                0x000001a8       0x32 src/ASF/common/services/usb/class/hid/device/kbd/udi_hid_kbd.o
 .ARM.attributes
                0x000001da       0x32 src/ASF/common/services/usb/class/hid/device/mouse/udi_hid_mouse.o
 .ARM.attributes
                0x0000020c       0x32 src/ASF/common/services/usb/class/hid/device/udi_hid.o
 .ARM.attributes
                0x0000023e       0x32 src/ASF/common/services/usb/udc/udc.o
 .ARM.attributes
                0x00000270       0x32 src/ASF/common/utils/interrupt/interrupt_sam_nvic.o
 .ARM.attributes
                0x000002a2       0x32 src/ASF/sam0/boards/samd21_xplained_pro/board_init.o
 .ARM.attributes
                0x000002d4       0x32 src/ASF/sam0/drivers/extint/extint_callback.o
 .ARM.attributes
                0x00000306       0x32 src/ASF/sam0/drivers/extint/extint_sam_d_r/extint.o
 .ARM.attributes
                0x00000338       0x32 src/ASF/sam0/drivers/port/port.o
 .ARM.attributes
                0x0000036a       0x32 src/ASF/sam0/drivers/sercom/sercom.o
 .ARM.attributes
                0x0000039c       0x32 src/ASF/sam0/drivers/sercom/sercom_interrupt.o
 .ARM.attributes
                0x000003ce       0x32 src/ASF/sam0/drivers/sercom/usart/usart.o
 .ARM.attributes
                0x00000400       0x32 src/ASF/sam0/drivers/sercom/usart/usart_interrupt.o
 .ARM.attributes
                0x00000432       0x32 src/ASF/sam0/drivers/system/clock/clock_samd21_r21/clock.o
 .ARM.attributes
                0x00000464       0x32 src/ASF/sam0/drivers/system/clock/clock_samd21_r21/gclk.o
 .ARM.attributes
                0x00000496       0x32 src/ASF/sam0/drivers/system/pinmux/pinmux.o
 .ARM.attributes
                0x000004c8       0x32 src/ASF/sam0/drivers/system/system.o
 .ARM.attributes
                0x000004fa       0x32 src/ASF/sam0/drivers/usb/stack_interface/usb_device_udd.o
 .ARM.attributes
                0x0000052c       0x32 src/ASF/sam0/drivers/usb/usb_sam_d_r/usb.o
 .ARM.attributes
                0x0000055e       0x32 src/ASF/sam0/utils/cmsis/samd21/source/gcc/startup_samd21.o
 .ARM.attributes
                0x00000590       0x32 src/keyboard/salloc.o
 .ARM.attributes
                0x000005c2       0x32 src/main.o
 .ARM.attributes
                0x000005f4       0x32 src/memories_initialization_samd.o
 .ARM.attributes
                0x00000626       0x32 src/uart_samd.o
 .ARM.attributes
                0x00000658       0x1e c:/program files (x86)/atmel/atmel toolchain/arm gcc/native/4.8.1437/arm-gnu-toolchain/bin/../lib/gcc/arm-none-eabi/4.8.4/armv6-m\libgcc.a(_udivsi3.o)
 .ARM.attributes
                0x00000676       0x1e c:/program files (x86)/atmel/atmel toolchain/arm gcc/native/4.8.1437/arm-gnu-toolchain/bin/../lib/gcc/arm-none-eabi/4.8.4/armv6-m\libgcc.a(_divsi3.o)
 .ARM.attributes
                0x00000694       0x1e c:/program files (x86)/atmel/atmel toolchain/arm gcc/native/4.8.1437/arm-gnu-toolchain/bin/../lib/gcc/arm-none-eabi/4.8.4/armv6-m\libgcc.a(_dvmd_tls.o)
 .ARM.attributes
                0x000006b2       0x1e c:/program files (x86)/atmel/atmel toolchain/arm gcc/native/4.8.1437/arm-gnu-toolchain/bin/../lib/gcc/arm-none-eabi/4.8.4/armv6-m\libgcc.a(_ctzsi2.o)
 .ARM.attributes
                0x000006d0       0x2c c:/program files (x86)/atmel/atmel toolchain/arm gcc/native/4.8.1437/arm-gnu-toolchain/bin/../lib/gcc/arm-none-eabi/4.8.4/armv6-m\libgcc.a(_muldi3.o)
 .ARM.attributes
                0x000006fc       0x2c c:/program files (x86)/atmel/atmel toolchain/arm gcc/native/4.8.1437/arm-gnu-toolchain/bin/../lib/gcc/arm-none-eabi/4.8.4/../../../../arm-none-eabi/lib/armv6-m\libc_s.a(lib_a-init.o)
 .ARM.attributes
                0x00000728       0x2c c:/program files (x86)/atmel/atmel toolchain/arm gcc/native/4.8.1437/arm-gnu-toolchain/bin/../lib/gcc/arm-none-eabi/4.8.4/../../../../arm-none-eabi/lib/armv6-m\libc_s.a(lib_a-memcpy-stub.o)
 .ARM.attributes
                0x00000754       0x2c c:/program files (x86)/atmel/atmel toolchain/arm gcc/native/4.8.1437/arm-gnu-toolchain/bin/../lib/gcc/arm-none-eabi/4.8.4/../../../../arm-none-eabi/lib/armv6-m\libc_s.a(lib_a-memset.o)
 .ARM.attributes
                0x00000780       0x1e c:/program files (x86)/atmel/atmel toolchain/arm gcc/native/4.8.1437/arm-gnu-toolchain/bin/../lib/gcc/arm-none-eabi/4.8.4/armv6-m/crtn.o

.comment        0x00000000       0x5b
 .comment       0x00000000       0x5b src/ASF/common2/services/delay/sam0/systick_counter.o
                                 0x5c (size before relaxing)
 .comment       0x00000000       0x5c src/ASF/common/services/usb/class/udi_composite_desc.o
 .comment       0x00000000       0x5c src/ASF/common/services/usb/class/ui.o
 .comment       0x00000000       0x5c src/keyboard/Key.o
 .comment       0x00000000       0x5c src/keyboard/keyboard.o
 .comment       0x00000000       0x5c src/ASF/common/services/sleepmgr/samd/sleepmgr.o
 .comment       0x00000000       0x5c src/ASF/common/services/usb/class/cdc/device/udi_cdc.o
 .comment       0x00000000       0x5c src/ASF/common/services/usb/class/hid/device/kbd/udi_hid_kbd.o
 .comment       0x00000000       0x5c src/ASF/common/services/usb/class/hid/device/mouse/udi_hid_mouse.o
 .comment       0x00000000       0x5c src/ASF/common/services/usb/class/hid/device/udi_hid.o
 .comment       0x00000000       0x5c src/ASF/common/services/usb/udc/udc.o
 .comment       0x00000000       0x5c src/ASF/common/utils/interrupt/interrupt_sam_nvic.o
 .comment       0x00000000       0x5c src/ASF/sam0/boards/samd21_xplained_pro/board_init.o
 .comment       0x00000000       0x5c src/ASF/sam0/drivers/extint/extint_callback.o
 .comment       0x00000000       0x5c src/ASF/sam0/drivers/extint/extint_sam_d_r/extint.o
 .comment       0x00000000       0x5c src/ASF/sam0/drivers/port/port.o
 .comment       0x00000000       0x5c src/ASF/sam0/drivers/sercom/sercom.o
 .comment       0x00000000       0x5c src/ASF/sam0/drivers/sercom/sercom_interrupt.o
 .comment       0x00000000       0x5c src/ASF/sam0/drivers/sercom/usart/usart.o
 .comment       0x00000000       0x5c src/ASF/sam0/drivers/sercom/usart/usart_interrupt.o
 .comment       0x00000000       0x5c src/ASF/sam0/drivers/system/clock/clock_samd21_r21/clock.o
 .comment       0x00000000       0x5c src/ASF/sam0/drivers/system/clock/clock_samd21_r21/gclk.o
 .comment       0x00000000       0x5c src/ASF/sam0/drivers/system/pinmux/pinmux.o
 .comment       0x00000000       0x5c src/ASF/sam0/drivers/system/system.o
 .comment       0x00000000       0x5c src/ASF/sam0/drivers/usb/stack_interface/usb_device_udd.o
 .comment       0x00000000       0x5c src/ASF/sam0/drivers/usb/usb_sam_d_r/usb.o
 .comment       0x00000000       0x5c src/ASF/sam0/utils/cmsis/samd21/source/gcc/startup_samd21.o
 .comment       0x00000000       0x5c src/keyboard/salloc.o
 .comment       0x00000000       0x5c src/main.o
 .comment       0x00000000       0x5c src/memories_initialization_samd.o
 .comment       0x00000000       0x5c src/uart_samd.o

.debug_info     0x00000000    0x2bd85
 .debug_info    0x00000000      0x220 src/ASF/common2/services/delay/sam0/systick_counter.o
 .debug_info    0x00000220      0xa45 src/ASF/common/services/usb/class/udi_composite_desc.o
 .debug_info    0x00000c65      0xec5 src/ASF/common/services/usb/class/ui.o
 .debug_info    0x00001b2a      0x40f src/keyboard/Key.o
 .debug_info    0x00001f39     0x18ec src/keyboard/keyboard.o
 .debug_info    0x00003825      0x170 src/ASF/common/services/sleepmgr/samd/sleepmgr.o
 .debug_info    0x00003995     0x1196 src/ASF/common/services/usb/class/cdc/device/udi_cdc.o
 .debug_info    0x00004b2b      0x6f1 src/ASF/common/services/usb/class/hid/device/kbd/udi_hid_kbd.o
 .debug_info    0x0000521c      0x687 src/ASF/common/services/usb/class/hid/device/mouse/udi_hid_mouse.o
 .debug_info    0x000058a3      0x3d8 src/ASF/common/services/usb/class/hid/device/udi_hid.o
 .debug_info    0x00005c7b      0xd7a src/ASF/common/services/usb/udc/udc.o
 .debug_info    0x000069f5      0x1ed src/ASF/common/utils/interrupt/interrupt_sam_nvic.o
 .debug_info    0x00006be2      0x93c src/ASF/sam0/boards/samd21_xplained_pro/board_init.o
 .debug_info    0x0000751e      0xfbc src/ASF/sam0/drivers/extint/extint_callback.o
 .debug_info    0x000084da     0x2004 src/ASF/sam0/drivers/extint/extint_sam_d_r/extint.o
 .debug_info    0x0000a4de      0x912 src/ASF/sam0/drivers/port/port.o
 .debug_info    0x0000adf0     0x249b src/ASF/sam0/drivers/sercom/sercom.o
 .debug_info    0x0000d28b     0x22ae src/ASF/sam0/drivers/sercom/sercom_interrupt.o
 .debug_info    0x0000f539     0x3e1a src/ASF/sam0/drivers/sercom/usart/usart.o
 .debug_info    0x00013353     0x25f6 src/ASF/sam0/drivers/sercom/usart/usart_interrupt.o
 .debug_info    0x00015949     0x2c88 src/ASF/sam0/drivers/system/clock/clock_samd21_r21/clock.o
 .debug_info    0x000185d1     0x127b src/ASF/sam0/drivers/system/clock/clock_samd21_r21/gclk.o
 .debug_info    0x0001984c      0x9f7 src/ASF/sam0/drivers/system/pinmux/pinmux.o
 .debug_info    0x0001a243      0x13f src/ASF/sam0/drivers/system/system.o
 .debug_info    0x0001a382     0x4fc8 src/ASF/sam0/drivers/usb/stack_interface/usb_device_udd.o
 .debug_info    0x0001f34a     0x46ef src/ASF/sam0/drivers/usb/usb_sam_d_r/usb.o
 .debug_info    0x00023a39     0x3a6a src/ASF/sam0/utils/cmsis/samd21/source/gcc/startup_samd21.o
 .debug_info    0x000274a3      0x16d src/keyboard/salloc.o
 .debug_info    0x00027610     0x19bb src/main.o
 .debug_info    0x00028fcb      0x157 src/memories_initialization_samd.o
 .debug_info    0x00029122     0x2c63 src/uart_samd.o

.debug_abbrev   0x00000000     0x442a
 .debug_abbrev  0x00000000      0x113 src/ASF/common2/services/delay/sam0/systick_counter.o
 .debug_abbrev  0x00000113      0x114 src/ASF/common/services/usb/class/udi_composite_desc.o
 .debug_abbrev  0x00000227      0x2cc src/ASF/common/services/usb/class/ui.o
 .debug_abbrev  0x000004f3      0x122 src/keyboard/Key.o
 .debug_abbrev  0x00000615      0x3a9 src/keyboard/keyboard.o
 .debug_abbrev  0x000009be       0x98 src/ASF/common/services/sleepmgr/samd/sleepmgr.o
 .debug_abbrev  0x00000a56      0x2fe src/ASF/common/services/usb/class/cdc/device/udi_cdc.o
 .debug_abbrev  0x00000d54      0x2d8 src/ASF/common/services/usb/class/hid/device/kbd/udi_hid_kbd.o
 .debug_abbrev  0x0000102c      0x2a4 src/ASF/common/services/usb/class/hid/device/mouse/udi_hid_mouse.o
 .debug_abbrev  0x000012d0      0x12d src/ASF/common/services/usb/class/hid/device/udi_hid.o
 .debug_abbrev  0x000013fd      0x25a src/ASF/common/services/usb/udc/udc.o
 .debug_abbrev  0x00001657       0xf6 src/ASF/common/utils/interrupt/interrupt_sam_nvic.o
 .debug_abbrev  0x0000174d      0x20d src/ASF/sam0/boards/samd21_xplained_pro/board_init.o
 .debug_abbrev  0x0000195a      0x275 src/ASF/sam0/drivers/extint/extint_callback.o
 .debug_abbrev  0x00001bcf      0x32c src/ASF/sam0/drivers/extint/extint_sam_d_r/extint.o
 .debug_abbrev  0x00001efb      0x1b4 src/ASF/sam0/drivers/port/port.o
 .debug_abbrev  0x000020af      0x269 src/ASF/sam0/drivers/sercom/sercom.o
 .debug_abbrev  0x00002318      0x208 src/ASF/sam0/drivers/sercom/sercom_interrupt.o
 .debug_abbrev  0x00002520      0x2fc src/ASF/sam0/drivers/sercom/usart/usart.o
 .debug_abbrev  0x0000281c      0x2c2 src/ASF/sam0/drivers/sercom/usart/usart_interrupt.o
 .debug_abbrev  0x00002ade      0x328 src/ASF/sam0/drivers/system/clock/clock_samd21_r21/clock.o
 .debug_abbrev  0x00002e06      0x28a src/ASF/sam0/drivers/system/clock/clock_samd21_r21/gclk.o
 .debug_abbrev  0x00003090      0x21c src/ASF/sam0/drivers/system/pinmux/pinmux.o
 .debug_abbrev  0x000032ac       0xab src/ASF/sam0/drivers/system/system.o
 .debug_abbrev  0x00003357      0x47c src/ASF/sam0/drivers/usb/stack_interface/usb_device_udd.o
 .debug_abbrev  0x000037d3      0x35d src/ASF/sam0/drivers/usb/usb_sam_d_r/usb.o
 .debug_abbrev  0x00003b30      0x20a src/ASF/sam0/utils/cmsis/samd21/source/gcc/startup_samd21.o
 .debug_abbrev  0x00003d3a       0xca src/keyboard/salloc.o
 .debug_abbrev  0x00003e04      0x2f3 src/main.o
 .debug_abbrev  0x000040f7       0xa1 src/memories_initialization_samd.o
 .debug_abbrev  0x00004198      0x292 src/uart_samd.o

.debug_loc      0x00000000     0x5beb
 .debug_loc     0x00000000       0xd4 src/ASF/common2/services/delay/sam0/systick_counter.o
 .debug_loc     0x000000d4      0x482 src/ASF/common/services/usb/class/ui.o
 .debug_loc     0x00000556       0x70 src/keyboard/Key.o
 .debug_loc     0x000005c6      0x6c4 src/keyboard/keyboard.o
 .debug_loc     0x00000c8a      0x980 src/ASF/common/services/usb/class/cdc/device/udi_cdc.o
 .debug_loc     0x0000160a      0x300 src/ASF/common/services/usb/class/hid/device/kbd/udi_hid_kbd.o
 .debug_loc     0x0000190a      0x3b4 src/ASF/common/services/usb/class/hid/device/mouse/udi_hid_mouse.o
 .debug_loc     0x00001cbe       0x70 src/ASF/common/services/usb/class/hid/device/udi_hid.o
 .debug_loc     0x00001d2e      0x598 src/ASF/common/services/usb/udc/udc.o
 .debug_loc     0x000022c6       0x64 src/ASF/common/utils/interrupt/interrupt_sam_nvic.o
 .debug_loc     0x0000232a      0x118 src/ASF/sam0/boards/samd21_xplained_pro/board_init.o
 .debug_loc     0x00002442      0x1e0 src/ASF/sam0/drivers/extint/extint_callback.o
 .debug_loc     0x00002622      0x310 src/ASF/sam0/drivers/extint/extint_sam_d_r/extint.o
 .debug_loc     0x00002932       0xa8 src/ASF/sam0/drivers/port/port.o
 .debug_loc     0x000029da      0x18c src/ASF/sam0/drivers/sercom/sercom.o
 .debug_loc     0x00002b66      0x1b0 src/ASF/sam0/drivers/sercom/sercom_interrupt.o
 .debug_loc     0x00002d16      0x297 src/ASF/sam0/drivers/sercom/usart/usart.o
 .debug_loc     0x00002fad      0x330 src/ASF/sam0/drivers/sercom/usart/usart_interrupt.o
 .debug_loc     0x000032dd      0x4ae src/ASF/sam0/drivers/system/clock/clock_samd21_r21/clock.o
 .debug_loc     0x0000378b      0x388 src/ASF/sam0/drivers/system/clock/clock_samd21_r21/gclk.o
 .debug_loc     0x00003b13      0x118 src/ASF/sam0/drivers/system/pinmux/pinmux.o
 .debug_loc     0x00003c2b       0x58 src/ASF/sam0/drivers/system/system.o
 .debug_loc     0x00003c83      0xcc8 src/ASF/sam0/drivers/usb/stack_interface/usb_device_udd.o
 .debug_loc     0x0000494b      0xa3c src/ASF/sam0/drivers/usb/usb_sam_d_r/usb.o
 .debug_loc     0x00005387       0x64 src/ASF/sam0/utils/cmsis/samd21/source/gcc/startup_samd21.o
 .debug_loc     0x000053eb       0x90 src/keyboard/salloc.o
 .debug_loc     0x0000547b      0x3fc src/main.o
 .debug_loc     0x00005877       0x2c src/memories_initialization_samd.o
 .debug_loc     0x000058a3      0x348 src/uart_samd.o

.debug_aranges  0x00000000     0x10c8
 .debug_aranges
                0x00000000       0x38 src/ASF/common2/services/delay/sam0/systick_counter.o
 .debug_aranges
                0x00000038       0x18 src/ASF/common/services/usb/class/udi_composite_desc.o
 .debug_aranges
                0x00000050       0xd8 src/ASF/common/services/usb/class/ui.o
 .debug_aranges
                0x00000128       0x28 src/keyboard/Key.o
 .debug_aranges
                0x00000150      0x118 src/keyboard/keyboard.o
 .debug_aranges
                0x00000268       0x18 src/ASF/common/services/sleepmgr/samd/sleepmgr.o
 .debug_aranges
                0x00000280      0x188 src/ASF/common/services/usb/class/cdc/device/udi_cdc.o
 .debug_aranges
                0x00000408       0x90 src/ASF/common/services/usb/class/hid/device/kbd/udi_hid_kbd.o
 .debug_aranges
                0x00000498       0xa8 src/ASF/common/services/usb/class/hid/device/mouse/udi_hid_mouse.o
 .debug_aranges
                0x00000540       0x28 src/ASF/common/services/usb/class/hid/device/udi_hid.o
 .debug_aranges
                0x00000568      0x100 src/ASF/common/services/usb/udc/udc.o
 .debug_aranges
                0x00000668       0x28 src/ASF/common/utils/interrupt/interrupt_sam_nvic.o
 .debug_aranges
                0x00000690       0x40 src/ASF/sam0/boards/samd21_xplained_pro/board_init.o
 .debug_aranges
                0x000006d0       0x60 src/ASF/sam0/drivers/extint/extint_callback.o
 .debug_aranges
                0x00000730       0x88 src/ASF/sam0/drivers/extint/extint_sam_d_r/extint.o
 .debug_aranges
                0x000007b8       0x30 src/ASF/sam0/drivers/port/port.o
 .debug_aranges
                0x000007e8       0x50 src/ASF/sam0/drivers/sercom/sercom.o
 .debug_aranges
                0x00000838       0x60 src/ASF/sam0/drivers/sercom/sercom_interrupt.o
 .debug_aranges
                0x00000898       0x78 src/ASF/sam0/drivers/sercom/usart/usart.o
 .debug_aranges
                0x00000910       0x90 src/ASF/sam0/drivers/sercom/usart/usart_interrupt.o
 .debug_aranges
                0x000009a0       0xc8 src/ASF/sam0/drivers/system/clock/clock_samd21_r21/clock.o
 .debug_aranges
                0x00000a68       0xa0 src/ASF/sam0/drivers/system/clock/clock_samd21_r21/gclk.o
 .debug_aranges